123.161.154.114 - - [14/Mar/2017:00:29:41 +0800] "GET /statics/css/xcConfirm.css HTTP/1.1" 200 764 "https://www.yilonghc.cn/news/xw/1029232452015.html" "Mozilla/5.0 (compatible; MSIE 10.0; Windows Phone 8.0; Trident/6.0; IEMobile/10.0; ARM; Touch; NOKIA; Lumia 820)"
123.161.154.114 - - [14/Mar/2017:00:29:41 +0800] "GET /statics/css/three.css.css HTTP/1.1" 200 5214 "https://www.yilonghc.cn/news/xw/1029232452015.html" "Mozilla/5.0 (compatible; MSIE 10.0; Windows Phone 8.0; Trident/6.0; IEMobile/10.0; ARM; Touch; NOKIA; Lumia 820)"
123.161.154.114 - - [14/Mar/2017:00:29:41 +0800] "GET /statics/css/zixun.css HTTP/1.1" 200 1662 "https://www.yilonghc.cn/news/xw/1029232452015.html" "Mozilla/5.0 (compatible; MSIE 10.0; Windows Phone 8.0; Trident/6.0; IEMobile/10.0; ARM; Touch; NOKIA; Lumia 820)"
123.161.154.114 - - [14/Mar/2017:00:29:41 +0800] "GET /statics/css/footer.css HTTP/1.1" 200 128 "https://www.yilonghc.cn/news/xw/1029232452015.html" "Mozilla/5.0 (compatible; MSIE 10.0; Windows Phone 8.0; Trident/6.0; IEMobile/10.0; ARM; Touch; NOKIA; Lumia 820)"
123.161.154.114 - - [14/Mar/2017:00:29:41 +0800] "GET /statics/css/article.css HTTP/1.1" 200 1618 "https://www.yilonghc.cn/news/xw/1029232452015.html" "Mozilla/5.0 (compatible; MSIE 10.0; Windows Phone 8.0; Trident/6.0; IEMobile/10.0; ARM; Touch; NOKIA; Lumia 820)"
123.161.154.114 - - [14/Mar/2017:00:29:41 +0800] "GET /statics/css/share_style0_24.css HTTP/1.1" 200 871 "https://www.yilonghc.cn/news/xw/1029232452015.html" "Mozilla/5.0 (compatible; MSIE 10.0; Windows Phone 8.0; Trident/6.0; IEMobile/10.0; ARM; Touch; NOKIA; Lumia 820)"
123.161.154.114 - - [14/Mar/2017:00:29:41 +0800] "GET /statics/jquery/jquery.min.js HTTP/1.1" 200 37423 "https://www.yilonghc.cn/news/xw/1029232452015.html" "Mozilla/5.0 (compatible; MSIE 10.0; Windows Phone 8.0; Trident/6.0; IEMobile/10.0; ARM; Touch; NOKIA; Lumia 820)"
123.161.154.114 - - [14/Mar/2017:00:29:41 +0800] "GET /statics/bootstrap/js/bootstrap.min.js HTTP/1.1" 404 564 "https://www.yilonghc.cn/news/xw/1029232452015.html" "Mozilla/5.0 (compatible; MSIE 10.0; Windows Phone 8.0; Trident/6.0; IEMobile/10.0; ARM; Touch; NOKIA; Lumia 820)"
123.161.154.114 - - [14/Mar/2017:00:29:41 +0800] "GET /statics/jquery-validation/dist/jquery.validate.min.js HTTP/1.1" 404 564 "https://www.yilonghc.cn/news/xw/1029232452015.html" "Mozilla/5.0 (compatible; MSIE 10.0; Windows Phone 8.0; Trident/6.0; IEMobile/10.0; ARM; Touch; NOKIA; Lumia 820)"
123.161.154.114 - - [14/Mar/2017:00:29:41 +0800] "GET /statics/jquery-validation/dist/localization/messages_zh.js HTTP/1.1" 404 564 "https://www.yilonghc.cn/news/xw/1029232452015.html" "Mozilla/5.0 (compatible; MSIE 10.0; Windows Phone 8.0; Trident/6.0; IEMobile/10.0; ARM; Touch; NOKIA; Lumia 820)"
123.161.154.114 - - [14/Mar/2017:00:29:41 +0800] "GET /statics/js/xcConfirm.js HTTP/1.1" 404 564 "https://www.yilonghc.cn/news/xw/1029232452015.html" "Mozilla/5.0 (compatible; MSIE 10.0; Windows Phone 8.0; Trident/6.0; IEMobile/10.0; ARM; Touch; NOKIA; Lumia 820)"
123.161.154.114 - - [14/Mar/2017:00:29:41 +0800] "GET /statics/cbox/js/colorbox.js?v20150323 HTTP/1.1" 404 564 "https://www.yilonghc.cn/news/xw/1029232452015.html" "Mozilla/5.0 (compatible; MSIE 10.0; Windows Phone 8.0; Trident/6.0; IEMobile/10.0; ARM; Touch; NOKIA; Lumia 820)"
123.161.154.114 - - [14/Mar/2017:00:29:41 +0800] "GET /statics/js/common.js?v20150323 HTTP/1.1" 404 564 "https://www.yilonghc.cn/news/xw/1029232452015.html" "Mozilla/5.0 (compatible; MSIE 10.0; Windows Phone 8.0; Trident/6.0; IEMobile/10.0; ARM; Touch; NOKIA; Lumia 820)"
123.161.154.114 - - [14/Mar/2017:00:29:41 +0800] "GET /statics/js/validate.common.js?v20150323 HTTP/1.1" 404 564 "https://www.yilonghc.cn/news/xw/1029232452015.html" "Mozilla/5.0 (compatible; MSIE 10.0; Windows Phone 8.0; Trident/6.0; IEMobile/10.0; ARM; Touch; NOKIA; Lumia 820)"
123.161.154.114 - - [14/Mar/2017:00:29:41 +0800] "GET /plus/cmsidea.count.php?view=yes&aid=23245&mid=0 HTTP/1.1" 404 564 "https://www.yilonghc.cn/news/xw/1029232452015.html" "Mozilla/5.0 (compatible; MSIE 10.0; Windows Phone 8.0; Trident/6.0; IEMobile/10.0; ARM; Touch; NOKIA; Lumia 820)"
123.161.154.114 - - [14/Mar/2017:00:29:41 +0800] "GET /statics/images/weixin_tubiao.png HTTP/1.1" 200 1962 "https://www.yilonghc.cn/news/xw/1029232452015.html" "Mozilla/5.0 (compatible; MSIE 10.0; Windows Phone 8.0; Trident/6.0; IEMobile/10.0; ARM; Touch; NOKIA; Lumia 820)"
123.161.154.114 - - [14/Mar/2017:00:29:41 +0800] "GET /statics/images/logo1.png HTTP/1.1" 200 7254 "https://www.yilonghc.cn/news/xw/1029232452015.html" "Mozilla/5.0 (compatible; MSIE 10.0; Windows Phone 8.0; Trident/6.0; IEMobile/10.0; ARM; Touch; NOKIA; Lumia 820)"
123.161.154.114 - - [14/Mar/2017:00:29:41 +0800] "GET /statics/images/top_wx.png HTTP/1.1" 200 36521 "https://www.yilonghc.cn/news/xw/1029232452015.html" "Mozilla/5.0 (compatible; MSIE 10.0; Windows Phone 8.0; Trident/6.0; IEMobile/10.0; ARM; Touch; NOKIA; Lumia 820)"
123.161.154.114 - - [14/Mar/2017:00:29:41 +0800] "GET /statics/images/weibo_tubiao.png HTTP/1.1" 200 3030 "https://www.yilonghc.cn/news/xw/1029232452015.html" "Mozilla/5.0 (compatible; MSIE 10.0; Windows Phone 8.0; Trident/6.0; IEMobile/10.0; ARM; Touch; NOKIA; Lumia 820)"
123.161.154.114 - - [14/Mar/2017:00:29:41 +0800] "GET /statics/images/sina_03.jpg HTTP/1.1" 200 20874 "https://www.yilonghc.cn/news/xw/1029232452015.html" "Mozilla/5.0 (compatible; MSIE 10.0; Windows Phone 8.0; Trident/6.0; IEMobile/10.0; ARM; Touch; NOKIA; Lumia 820)"
123.161.154.114 - - [14/Mar/2017:00:29:41 +0800] "GET /statics/images/foot_img_logo.png HTTP/1.1" 200 11408 "https://www.yilonghc.cn/news/xw/1029232452015.html" "Mozilla/5.0 (compatible; MSIE 10.0; Windows Phone 8.0; Trident/6.0; IEMobile/10.0; ARM; Touch; NOKIA; Lumia 820)"
123.161.154.114 - - [14/Mar/2017:00:29:41 +0800] "GET /statics/images/ab_erweima.png HTTP/1.1" 200 19514 "https://www.yilonghc.cn/news/xw/1029232452015.html" "Mozilla/5.0 (compatible; MSIE 10.0; Windows Phone 8.0; Trident/6.0; IEMobile/10.0; ARM; Touch; NOKIA; Lumia 820)"
123.161.154.114 - - [14/Mar/2017:00:29:41 +0800] "GET /statics/images/foot_ma_1.png HTTP/1.1" 200 4353 "https://www.yilonghc.cn/news/xw/1029232452015.html" "Mozilla/5.0 (compatible; MSIE 10.0; Windows Phone 8.0; Trident/6.0; IEMobile/10.0; ARM; Touch; NOKIA; Lumia 820)"
123.161.154.114 - - [14/Mar/2017:00:29:42 +0800] "GET /statics/images/foot_phone.png HTTP/1.1" 200 1695 "https://www.yilonghc.cn/news/xw/1029232452015.html" "Mozilla/5.0 (compatible; MSIE 10.0; Windows Phone 8.0; Trident/6.0; IEMobile/10.0; ARM; Touch; NOKIA; Lumia 820)"
123.161.154.114 - - [14/Mar/2017:00:29:42 +0800] "GET /statics/jquery/jquery.min.map HTTP/1.1" 200 0 "https://www.yilonghc.cn/news/xw/1029232452015.html" "Mozilla/5.0 (compatible; MSIE 10.0; Windows Phone 8.0; Trident/6.0; IEMobile/10.0; ARM; Touch; NOKIA; Lumia 820)"
123.161.154.114 - - [14/Mar/2017:00:29:42 +0800] "GET /statics/images/zixun_img1.png HTTP/1.1" 200 1537 "https://www.yilonghc.cn/news/xw/1029232452015.html" "Mozilla/5.0 (compatible; MSIE 10.0; Windows Phone 8.0; Trident/6.0; IEMobile/10.0; ARM; Touch; NOKIA; Lumia 820)"
123.161.154.114 - - [14/Mar/2017:00:29:42 +0800] "GET /statics/images/gonggao_img.png HTTP/1.1" 200 1271 "https://www.yilonghc.cn/news/xw/1029232452015.html" "Mozilla/5.0 (compatible; MSIE 10.0; Windows Phone 8.0; Trident/6.0; IEMobile/10.0; ARM; Touch; NOKIA; Lumia 820)"
123.161.154.114 - - [14/Mar/2017:00:29:42 +0800] "GET /User/Ajax HTTP/1.1" 404 5263 "https://www.yilonghc.cn/news/xw/1029232452015.html" "Mozilla/5.0 (compatible; MSIE 10.0; Windows Phone 8.0; Trident/6.0; IEMobile/10.0; ARM; Touch; NOKIA; Lumia 820)"
123.161.154.114 - - [14/Mar/2017:00:29:42 +0800] "GET /User/Ajax?action=erweima&date=https://www.yilonghc.cn/news/xw/1029232452015.html HTTP/1.1" 404 5263 "https://www.yilonghc.cn/news/xw/1029232452015.html" "Mozilla/5.0 (compatible; MSIE 10.0; Windows Phone 8.0; Trident/6.0; IEMobile/10.0; ARM; Touch; NOKIA; Lumia 820)"
123.161.154.114 - - [14/Mar/2017:00:29:42 +0800] "GET /statics/icon.ico HTTP/1.1" 404 5263 "-" "Mozilla/5.0 (Windows NT 5.1) AppleWebKit/537.36 (KHTML, like Gecko) Chrome/35.0.1870.2 Safari/537.36"
101.226.162.90 - - [14/Mar/2017:00:29:52 +0800] "HEAD / HTTP/1.0" 301 0 "-" "Mozilla/5.0 (compatible; MSIE 7.0; Windows NT 5.1; .NET CLR 1.1.4322) 360JK yunjiankong 517736"
41.107.47.212 - - [14/Mar/2017:00:29:59 +0800] "GET /wp-login.php HTTP/1.1" 404 162 "-" "Mozilla/5.0 (Windows NT 6.1; WOW64; rv:40.0) Gecko/20100101 Firefox/40.1"
111.206.241.76 - - [14/Mar/2017:00:30:05 +0800] "HEAD / HTTP/1.0" 301 0 "-" "Mozilla/5.0 (compatible; MSIE 7.0; Windows NT 5.1; .NET CLR 1.1.4322) 360JK yunjiankong 517736"
111.206.241.76 - - [14/Mar/2017:00:30:05 +0800] "HEAD / HTTP/1.0" 200 0 "-" "Mozilla/5.0 (compatible; MSIE 7.0; Windows NT 5.1; .NET CLR 1.1.4322) 360JK yunjiankong 517737"
112.126.74.55 - - [14/Mar/2017:00:30:09 +0800] "GET / HTTP/1.1" 200 37242 "-" "Mozilla/5.0 (compatible; MSIE 9.0; Windows NT 6.1; Win64; x64; Trident/5.0)"
120.27.47.144 - - [14/Mar/2017:00:31:11 +0800] "GET / HTTP/1.1" 200 37242 "-" "Mozilla/5.0 (compatible; MSIE 9.0; Windows NT 6.1; Win64; x64; Trident/5.0)"
202.108.211.56 - - [14/Mar/2017:00:31:15 +0800] "GET / HTTP/1.0" 301 178 "-" "Mozilla/5.0 (Windows NT 6.1; WOW64; rv:7.0.1) Gecko/20100101 Firefox/7.0.1"
125.88.222.250 - - [14/Mar/2017:00:33:01 +0800] "HEAD / HTTP/1.0" 200 0 "-" "Mozilla/5.0 (compatible; MSIE 7.0; Windows NT 5.1; .NET CLR 1.1.4322) 360JK yunjiankong 517737"
125.88.222.250 - - [14/Mar/2017:00:33:19 +0800] "HEAD / HTTP/1.0" 301 0 "-" "Mozilla/5.0 (compatible; MSIE 7.0; Windows NT 5.1; .NET CLR 1.1.4322) 360JK yunjiankong 517736"
101.226.233.148 - - [14/Mar/2017:00:33:35 +0800] "POST /access?signature=31d8f929c781c26e4d3472b8c06eebe749926d15&timestamp=1489422814&nonce=1856476916&openid=omAitt-T0O6y02_CIZ-fCu_zX6bs HTTP/1.1" 200 5 "-" "Mozilla/4.0"
114.230.158.244 - - [14/Mar/2017:00:33:36 +0800] "GET /wechat/ HTTP/1.1" 200 2769 "-" "Mozilla/5.0 (Linux; Android 4.4.4; PRO 6 Plus Build/KTU84P; wv) AppleWebKit/537.36 (KHTML, like Gecko) Version/4.0 Chrome/53.0.2785.49 Mobile MQQBrowser/6.2 TBS/043024 Safari/537.36 MicroMessenger/6.5.4.1000 NetType/WIFI Language/zh_CN"
114.230.158.244 - - [14/Mar/2017:00:33:37 +0800] "GET /statics/wechat/css/index.min.css HTTP/1.1" 200 4269 "https://www.yilonghc.cn/wechat/" "Mozilla/5.0 (Linux; Android 4.4.4; PRO 6 Plus Build/KTU84P; wv) AppleWebKit/537.36 (KHTML, like Gecko) Version/4.0 Chrome/53.0.2785.49 Mobile MQQBrowser/6.2 TBS/043024 Safari/537.36 MicroMessenger/6.5.4.1000 NetType/WIFI Language/zh_CN"
114.230.158.244 - - [14/Mar/2017:00:33:37 +0800] "GET /uploads/attached/image/2016/11/583e9d25cc06c.jpg HTTP/1.1" 200 49660 "https://www.yilonghc.cn/wechat/" "Mozilla/5.0 (Linux; Android 4.4.4; PRO 6 Plus Build/KTU84P; wv) AppleWebKit/537.36 (KHTML, like Gecko) Version/4.0 Chrome/53.0.2785.49 Mobile MQQBrowser/6.2 TBS/043024 Safari/537.36 MicroMessenger/6.5.4.1000 NetType/WIFI Language/zh_CN"
114.230.158.244 - - [14/Mar/2017:00:33:37 +0800] "GET /statics/wechat/css/swiper-3.3.0.min.css HTTP/1.1" 200 17216 "https://www.yilonghc.cn/wechat/" "Mozilla/5.0 (Linux; Android 4.4.4; PRO 6 Plus Build/KTU84P; wv) AppleWebKit/537.36 (KHTML, like Gecko) Version/4.0 Chrome/53.0.2785.49 Mobile MQQBrowser/6.2 TBS/043024 Safari/537.36 MicroMessenger/6.5.4.1000 NetType/WIFI Language/zh_CN"
114.230.158.244 - - [14/Mar/2017:00:33:37 +0800] "GET /statics/wechat/js/weixin.js HTTP/1.1" 200 4076 "https://www.yilonghc.cn/wechat/" "Mozilla/5.0 (Linux; Android 4.4.4; PRO 6 Plus Build/KTU84P; wv) AppleWebKit/537.36 (KHTML, like Gecko) Version/4.0 Chrome/53.0.2785.49 Mobile MQQBrowser/6.2 TBS/043024 Safari/537.36 MicroMessenger/6.5.4.1000 NetType/WIFI Language/zh_CN"
114.230.158.244 - - [14/Mar/2017:00:33:37 +0800] "GET /statics/wechat/css/index_pyc.css HTTP/1.1" 200 1965 "https://www.yilonghc.cn/wechat/" "Mozilla/5.0 (Linux; Android 4.4.4; PRO 6 Plus Build/KTU84P; wv) AppleWebKit/537.36 (KHTML, like Gecko) Version/4.0 Chrome/53.0.2785.49 Mobile MQQBrowser/6.2 TBS/043024 Safari/537.36 MicroMessenger/6.5.4.1000 NetType/WIFI Language/zh_CN"
114.230.158.244 - - [14/Mar/2017:00:33:37 +0800] "GET /uploads/attached/image/2016/10/5812efc58346c.jpg HTTP/1.1" 200 81986 "https://www.yilonghc.cn/wechat/" "Mozilla/5.0 (Linux; Android 4.4.4; PRO 6 Plus Build/KTU84P; wv) AppleWebKit/537.36 (KHTML, like Gecko) Version/4.0 Chrome/53.0.2785.49 Mobile MQQBrowser/6.2 TBS/043024 Safari/537.36 MicroMessenger/6.5.4.1000 NetType/WIFI Language/zh_CN"
114.230.158.244 - - [14/Mar/2017:00:33:37 +0800] "GET /uploads/attached/image/2016/10/580f04c236392.jpg HTTP/1.1" 200 61534 "https://www.yilonghc.cn/wechat/" "Mozilla/5.0 (Linux; Android 4.4.4; PRO 6 Plus Build/KTU84P; wv) AppleWebKit/537.36 (KHTML, like Gecko) Version/4.0 Chrome/53.0.2785.49 Mobile MQQBrowser/6.2 TBS/043024 Safari/537.36 MicroMessenger/6.5.4.1000 NetType/WIFI Language/zh_CN"
114.230.158.244 - - [14/Mar/2017:00:33:37 +0800] "GET /uploads/attached/image/2016/10/5812efe6985c0.jpg HTTP/1.1" 200 81604 "https://www.yilonghc.cn/wechat/" "Mozilla/5.0 (Linux; Android 4.4.4; PRO 6 Plus Build/KTU84P; wv) AppleWebKit/537.36 (KHTML, like Gecko) Version/4.0 Chrome/53.0.2785.49 Mobile MQQBrowser/6.2 TBS/043024 Safari/537.36 MicroMessenger/6.5.4.1000 NetType/WIFI Language/zh_CN"
114.230.158.244 - - [14/Mar/2017:00:33:37 +0800] "GET /uploads/attached/image/2016/10/5812f01acc652.jpg HTTP/1.1" 200 79151 "https://www.yilonghc.cn/wechat/" "Mozilla/5.0 (Linux; Android 4.4.4; PRO 6 Plus Build/KTU84P; wv) AppleWebKit/537.36 (KHTML, like Gecko) Version/4.0 Chrome/53.0.2785.49 Mobile MQQBrowser/6.2 TBS/043024 Safari/537.36 MicroMessenger/6.5.4.1000 NetType/WIFI Language/zh_CN"
114.230.158.244 - - [14/Mar/2017:00:33:37 +0800] "GET /statics/wechat/images/index/tb_che.png HTTP/1.1" 200 1585 "https://www.yilonghc.cn/wechat/" "Mozilla/5.0 (Linux; Android 4.4.4; PRO 6 Plus Build/KTU84P; wv) AppleWebKit/537.36 (KHTML, like Gecko) Version/4.0 Chrome/53.0.2785.49 Mobile MQQBrowser/6.2 TBS/043024 Safari/537.36 MicroMessenger/6.5.4.1000 NetType/WIFI Language/zh_CN"
114.230.158.244 - - [14/Mar/2017:00:33:37 +0800] "GET /statics/wechat/images/index/lang2.png HTTP/1.1" 200 4121 "https://www.yilonghc.cn/wechat/" "Mozilla/5.0 (Linux; Android 4.4.4; PRO 6 Plus Build/KTU84P; wv) AppleWebKit/537.36 (KHTML, like Gecko) Version/4.0 Chrome/53.0.2785.49 Mobile MQQBrowser/6.2 TBS/043024 Safari/537.36 MicroMessenger/6.5.4.1000 NetType/WIFI Language/zh_CN"
114.230.158.244 - - [14/Mar/2017:00:33:37 +0800] "GET /statics/wechat/js/swiper-3.3.0.jquery.min.js HTTP/1.1" 200 66732 "https://www.yilonghc.cn/wechat/" "Mozilla/5.0 (Linux; Android 4.4.4; PRO 6 Plus Build/KTU84P; wv) AppleWebKit/537.36 (KHTML, like Gecko) Version/4.0 Chrome/53.0.2785.49 Mobile MQQBrowser/6.2 TBS/043024 Safari/537.36 MicroMessenger/6.5.4.1000 NetType/WIFI Language/zh_CN"
114.230.158.244 - - [14/Mar/2017:00:33:37 +0800] "GET /statics/wechat/images/index/lang1.png HTTP/1.1" 200 3473 "https://www.yilonghc.cn/wechat/" "Mozilla/5.0 (Linux; Android 4.4.4; PRO 6 Plus Build/KTU84P; wv) AppleWebKit/537.36 (KHTML, like Gecko) Version/4.0 Chrome/53.0.2785.49 Mobile MQQBrowser/6.2 TBS/043024 Safari/537.36 MicroMessenger/6.5.4.1000 NetType/WIFI Language/zh_CN"
114.230.158.244 - - [14/Mar/2017:00:33:37 +0800] "GET /statics/wechat/images/index/close.png HTTP/1.1" 200 1025 "https://www.yilonghc.cn/wechat/" "Mozilla/5.0 (Linux; Android 4.4.4; PRO 6 Plus Build/KTU84P; wv) AppleWebKit/537.36 (KHTML, like Gecko) Version/4.0 Chrome/53.0.2785.49 Mobile MQQBrowser/6.2 TBS/043024 Safari/537.36 MicroMessenger/6.5.4.1000 NetType/WIFI Language/zh_CN"
114.230.158.244 - - [14/Mar/2017:00:33:37 +0800] "GET /statics/wechat/images/index/appLogo.png HTTP/1.1" 200 4132 "https://www.yilonghc.cn/wechat/" "Mozilla/5.0 (Linux; Android 4.4.4; PRO 6 Plus Build/KTU84P; wv) AppleWebKit/537.36 (KHTML, like Gecko) Version/4.0 Chrome/53.0.2785.49 Mobile MQQBrowser/6.2 TBS/043024 Safari/537.36 MicroMessenger/6.5.4.1000 NetType/WIFI Language/zh_CN"
114.230.158.244 - - [14/Mar/2017:00:33:37 +0800] "GET /statics/wechat/images/index/yuanbing.png HTTP/1.1" 200 28877 "https://www.yilonghc.cn/statics/wechat/css/index_pyc.css" "Mozilla/5.0 (Linux; Android 4.4.4; PRO 6 Plus Build/KTU84P; wv) AppleWebKit/537.36 (KHTML, like Gecko) Version/4.0 Chrome/53.0.2785.49 Mobile MQQBrowser/6.2 TBS/043024 Safari/537.36 MicroMessenger/6.5.4.1000 NetType/WIFI Language/zh_CN"
114.230.158.244 - - [14/Mar/2017:00:33:37 +0800] "GET /statics/wechat/images/logo.png HTTP/1.1" 200 8076 "https://www.yilonghc.cn/statics/wechat/css/com.min.css" "Mozilla/5.0 (Linux; Android 4.4.4; PRO 6 Plus Build/KTU84P; wv) AppleWebKit/537.36 (KHTML, like Gecko) Version/4.0 Chrome/53.0.2785.49 Mobile MQQBrowser/6.2 TBS/043024 Safari/537.36 MicroMessenger/6.5.4.1000 NetType/WIFI Language/zh_CN"
114.230.158.244 - - [14/Mar/2017:00:33:37 +0800] "GET /statics/wechat/images/navI.png HTTP/1.1" 200 6001 "https://www.yilonghc.cn/statics/wechat/css/com.min.css" "Mozilla/5.0 (Linux; Android 4.4.4; PRO 6 Plus Build/KTU84P; wv) AppleWebKit/537.36 (KHTML, like Gecko) Version/4.0 Chrome/53.0.2785.49 Mobile MQQBrowser/6.2 TBS/043024 Safari/537.36 MicroMessenger/6.5.4.1000 NetType/WIFI Language/zh_CN"
114.230.158.244 - - [14/Mar/2017:00:33:38 +0800] "GET /m/ajaxUser.html HTTP/1.1" 200 160 "https://www.yilonghc.cn/wechat/" "Mozilla/5.0 (Linux; Android 4.4.4; PRO 6 Plus Build/KTU84P; wv) AppleWebKit/537.36 (KHTML, like Gecko) Version/4.0 Chrome/53.0.2785.49 Mobile MQQBrowser/6.2 TBS/043024 Safari/537.36 MicroMessenger/6.5.4.1000 NetType/WIFI Language/zh_CN"
114.230.158.244 - - [14/Mar/2017:00:33:40 +0800] "GET /m/uc.html HTTP/1.1" 200 148 "https://www.yilonghc.cn/wechat/" "Mozilla/5.0 (Linux; Android 4.4.4; PRO 6 Plus Build/KTU84P; wv) AppleWebKit/537.36 (KHTML, like Gecko) Version/4.0 Chrome/53.0.2785.49 Mobile MQQBrowser/6.2 TBS/043024 Safari/537.36 MicroMessenger/6.5.4.1000 NetType/WIFI Language/zh_CN"
114.230.158.244 - - [14/Mar/2017:00:33:40 +0800] "GET /m/login.html?ReturnUrl=https%3A%2F%2Fwww.yilonghc.cn%2Fm%2Fuc.html HTTP/1.1" 200 3814 "https://www.yilonghc.cn/m/uc.html" "Mozilla/5.0 (Linux; Android 4.4.4; PRO 6 Plus Build/KTU84P; wv) AppleWebKit/537.36 (KHTML, like Gecko) Version/4.0 Chrome/53.0.2785.49 Mobile MQQBrowser/6.2 TBS/043024 Safari/537.36 MicroMessenger/6.5.4.1000 NetType/WIFI Language/zh_CN"
114.230.158.244 - - [14/Mar/2017:00:33:40 +0800] "GET /statics/wechat/css/login.min.css HTTP/1.1" 200 3321 "https://www.yilonghc.cn/m/login.html?ReturnUrl=https%3A%2F%2Fwww.yilonghc.cn%2Fm%2Fuc.html" "Mozilla/5.0 (Linux; Android 4.4.4; PRO 6 Plus Build/KTU84P; wv) AppleWebKit/537.36 (KHTML, like Gecko) Version/4.0 Chrome/53.0.2785.49 Mobile MQQBrowser/6.2 TBS/043024 Safari/537.36 MicroMessenger/6.5.4.1000 NetType/WIFI Language/zh_CN"
114.230.158.244 - - [14/Mar/2017:00:33:40 +0800] "GET /statics/wechat/images/gb.png HTTP/1.1" 404 564 "https://www.yilonghc.cn/m/login.html?ReturnUrl=https%3A%2F%2Fwww.yilonghc.cn%2Fm%2Fuc.html" "Mozilla/5.0 (Linux; Android 4.4.4; PRO 6 Plus Build/KTU84P; wv) AppleWebKit/537.36 (KHTML, like Gecko) Version/4.0 Chrome/53.0.2785.49 Mobile MQQBrowser/6.2 TBS/043024 Safari/537.36 MicroMessenger/6.5.4.1000 NetType/WIFI Language/zh_CN"
114.230.158.244 - - [14/Mar/2017:00:33:40 +0800] "GET /getVerityCode?t=1489422820 HTTP/1.1" 200 1281 "https://www.yilonghc.cn/m/login.html?ReturnUrl=https%3A%2F%2Fwww.yilonghc.cn%2Fm%2Fuc.html" "Mozilla/5.0 (Linux; Android 4.4.4; PRO 6 Plus Build/KTU84P; wv) AppleWebKit/537.36 (KHTML, like Gecko) Version/4.0 Chrome/53.0.2785.49 Mobile MQQBrowser/6.2 TBS/043024 Safari/537.36 MicroMessenger/6.5.4.1000 NetType/WIFI Language/zh_CN"
114.230.158.244 - - [14/Mar/2017:00:33:41 +0800] "GET /m/ajaxUser.html HTTP/1.1" 200 111 "https://www.yilonghc.cn/m/login.html?ReturnUrl=https%3A%2F%2Fwww.yilonghc.cn%2Fm%2Fuc.html" "Mozilla/5.0 (Linux; Android 4.4.4; PRO 6 Plus Build/KTU84P; wv) AppleWebKit/537.36 (KHTML, like Gecko) Version/4.0 Chrome/53.0.2785.49 Mobile MQQBrowser/6.2 TBS/043024 Safari/537.36 MicroMessenger/6.5.4.1000 NetType/WIFI Language/zh_CN"
114.230.158.244 - - [14/Mar/2017:00:33:51 +0800] "POST /m/in-login.html HTTP/1.1" 200 70 "https://www.yilonghc.cn/m/login.html?ReturnUrl=https%3A%2F%2Fwww.yilonghc.cn%2Fm%2Fuc.html" "Mozilla/5.0 (Linux; Android 4.4.4; PRO 6 Plus Build/KTU84P; wv) AppleWebKit/537.36 (KHTML, like Gecko) Version/4.0 Chrome/53.0.2785.49 Mobile MQQBrowser/6.2 TBS/043024 Safari/537.36 MicroMessenger/6.5.4.1000 NetType/WIFI Language/zh_CN"
114.230.158.244 - - [14/Mar/2017:00:33:52 +0800] "GET /m/uc.html HTTP/1.1" 200 2690 "https://www.yilonghc.cn/m/login.html?ReturnUrl=https%3A%2F%2Fwww.yilonghc.cn%2Fm%2Fuc.html" "Mozilla/5.0 (Linux; Android 4.4.4; PRO 6 Plus Build/KTU84P; wv) AppleWebKit/537.36 (KHTML, like Gecko) Version/4.0 Chrome/53.0.2785.49 Mobile MQQBrowser/6.2 TBS/043024 Safari/537.36 MicroMessenger/6.5.4.1000 NetType/WIFI Language/zh_CN"
114.230.158.244 - - [14/Mar/2017:00:33:52 +0800] "GET /statics/wechat/css/personal.css HTTP/1.1" 200 13586 "https://www.yilonghc.cn/m/uc.html" "Mozilla/5.0 (Linux; Android 4.4.4; PRO 6 Plus Build/KTU84P; wv) AppleWebKit/537.36 (KHTML, like Gecko) Version/4.0 Chrome/53.0.2785.49 Mobile MQQBrowser/6.2 TBS/043024 Safari/537.36 MicroMessenger/6.5.4.1000 NetType/WIFI Language/zh_CN"
114.230.158.244 - - [14/Mar/2017:00:33:52 +0800] "GET /statics/wechat/js/personal.js HTTP/1.1" 200 859 "https://www.yilonghc.cn/m/uc.html" "Mozilla/5.0 (Linux; Android 4.4.4; PRO 6 Plus Build/KTU84P; wv) AppleWebKit/537.36 (KHTML, like Gecko) Version/4.0 Chrome/53.0.2785.49 Mobile MQQBrowser/6.2 TBS/043024 Safari/537.36 MicroMessenger/6.5.4.1000 NetType/WIFI Language/zh_CN"
114.230.158.244 - - [14/Mar/2017:00:33:52 +0800] "GET /statics/wechat/css/touziyouhua.css HTTP/1.1" 200 2085 "https://www.yilonghc.cn/m/uc.html" "Mozilla/5.0 (Linux; Android 4.4.4; PRO 6 Plus Build/KTU84P; wv) AppleWebKit/537.36 (KHTML, like Gecko) Version/4.0 Chrome/53.0.2785.49 Mobile MQQBrowser/6.2 TBS/043024 Safari/537.36 MicroMessenger/6.5.4.1000 NetType/WIFI Language/zh_CN"
114.230.158.244 - - [14/Mar/2017:00:33:53 +0800] "GET /statics/wechat/images/jt1.png HTTP/1.1" 200 1411 "https://www.yilonghc.cn/statics/wechat/css/personal.css" "Mozilla/5.0 (Linux; Android 4.4.4; PRO 6 Plus Build/KTU84P; wv) AppleWebKit/537.36 (KHTML, like Gecko) Version/4.0 Chrome/53.0.2785.49 Mobile MQQBrowser/6.2 TBS/043024 Safari/537.36 MicroMessenger/6.5.4.1000 NetType/WIFI Language/zh_CN"
114.230.158.244 - - [14/Mar/2017:00:33:53 +0800] "GET /src/images/logo.png HTTP/1.1" 404 564 "https://www.yilonghc.cn/m/uc.html" "Mozilla/5.0 (Linux; Android 4.4.4; PRO 6 Plus Build/KTU84P; wv) AppleWebKit/537.36 (KHTML, like Gecko) Version/4.0 Chrome/53.0.2785.49 Mobile MQQBrowser/6.2 TBS/043024 Safari/537.36 MicroMessenger/6.5.4.1000 NetType/WIFI Language/zh_CN"
114.230.158.244 - - [14/Mar/2017:00:33:53 +0800] "GET /statics/wechat/images/personal/jt.png HTTP/1.1" 200 1840 "https://www.yilonghc.cn/statics/wechat/css/personal.css" "Mozilla/5.0 (Linux; Android 4.4.4; PRO 6 Plus Build/KTU84P; wv) AppleWebKit/537.36 (KHTML, like Gecko) Version/4.0 Chrome/53.0.2785.49 Mobile MQQBrowser/6.2 TBS/043024 Safari/537.36 MicroMessenger/6.5.4.1000 NetType/WIFI Language/zh_CN"
93.105.31.43 - - [14/Mar/2017:00:33:59 +0800] "GET /wp-login.php HTTP/1.1" 404 162 "-" "Mozilla/5.0 (Windows NT 6.1; WOW64; rv:40.0) Gecko/20100101 Firefox/40.1"
114.230.158.244 - - [14/Mar/2017:00:34:00 +0800] "GET /m/uc/fund.html HTTP/1.1" 200 2546 "https://www.yilonghc.cn/m/uc.html" "Mozilla/5.0 (Linux; Android 4.4.4; PRO 6 Plus Build/KTU84P; wv) AppleWebKit/537.36 (KHTML, like Gecko) Version/4.0 Chrome/53.0.2785.49 Mobile MQQBrowser/6.2 TBS/043024 Safari/537.36 MicroMessenger/6.5.4.1000 NetType/WIFI Language/zh_CN"
114.230.158.244 - - [14/Mar/2017:00:34:00 +0800] "GET /statics//wechat/images/personal/yinhang1.png HTTP/1.1" 200 3638 "https://www.yilonghc.cn/m/uc/fund.html" "Mozilla/5.0 (Linux; Android 4.4.4; PRO 6 Plus Build/KTU84P; wv) AppleWebKit/537.36 (KHTML, like Gecko) Version/4.0 Chrome/53.0.2785.49 Mobile MQQBrowser/6.2 TBS/043024 Safari/537.36 MicroMessenger/6.5.4.1000 NetType/WIFI Language/zh_CN"
114.230.158.244 - - [14/Mar/2017:00:34:00 +0800] "GET /statics//wechat/images/loader.gif HTTP/1.1" 200 4782 "https://www.yilonghc.cn/m/uc/fund.html" "Mozilla/5.0 (Linux; Android 4.4.4; PRO 6 Plus Build/KTU84P; wv) AppleWebKit/537.36 (KHTML, like Gecko) Version/4.0 Chrome/53.0.2785.49 Mobile MQQBrowser/6.2 TBS/043024 Safari/537.36 MicroMessenger/6.5.4.1000 NetType/WIFI Language/zh_CN"
114.230.158.244 - - [14/Mar/2017:00:34:00 +0800] "GET /m/ajaxUser.html HTTP/1.1" 200 131 "https://www.yilonghc.cn/m/uc/fund.html" "Mozilla/5.0 (Linux; Android 4.4.4; PRO 6 Plus Build/KTU84P; wv) AppleWebKit/537.36 (KHTML, like Gecko) Version/4.0 Chrome/53.0.2785.49 Mobile MQQBrowser/6.2 TBS/043024 Safari/537.36 MicroMessenger/6.5.4.1000 NetType/WIFI Language/zh_CN"
93.105.31.43 - - [14/Mar/2017:00:34:01 +0800] "GET / HTTP/1.1" 200 37242 "-" "Mozilla/5.0 (Windows NT 6.1; WOW64; rv:40.0) Gecko/20100101 Firefox/40.1"
114.230.158.244 - - [14/Mar/2017:00:34:01 +0800] "GET /m/uc/fund.html?page=1&classes=1 HTTP/1.1" 200 758 "https://www.yilonghc.cn/m/uc/fund.html" "Mozilla/5.0 (Linux; Android 4.4.4; PRO 6 Plus Build/KTU84P; wv) AppleWebKit/537.36 (KHTML, like Gecko) Version/4.0 Chrome/53.0.2785.49 Mobile MQQBrowser/6.2 TBS/043024 Safari/537.36 MicroMessenger/6.5.4.1000 NetType/WIFI Language/zh_CN"
114.230.158.244 - - [14/Mar/2017:00:34:13 +0800] "GET /m/uc.html HTTP/1.1" 200 2690 "https://www.yilonghc.cn/m/uc/fund.html" "Mozilla/5.0 (Linux; Android 4.4.4; PRO 6 Plus Build/KTU84P; wv) AppleWebKit/537.36 (KHTML, like Gecko) Version/4.0 Chrome/53.0.2785.49 Mobile MQQBrowser/6.2 TBS/043024 Safari/537.36 MicroMessenger/6.5.4.1000 NetType/WIFI Language/zh_CN"
114.230.158.244 - - [14/Mar/2017:00:34:14 +0800] "GET /src/images/logo.png HTTP/1.1" 404 564 "https://www.yilonghc.cn/m/uc.html" "Mozilla/5.0 (Linux; Android 4.4.4; PRO 6 Plus Build/KTU84P; wv) AppleWebKit/537.36 (KHTML, like Gecko) Version/4.0 Chrome/53.0.2785.49 Mobile MQQBrowser/6.2 TBS/043024 Safari/537.36 MicroMessenger/6.5.4.1000 NetType/WIFI Language/zh_CN"
114.230.158.244 - - [14/Mar/2017:00:34:17 +0800] "GET /m/uc/tenderSan.html HTTP/1.1" 200 2691 "https://www.yilonghc.cn/m/uc.html" "Mozilla/5.0 (Linux; Android 4.4.4; PRO 6 Plus Build/KTU84P; wv) AppleWebKit/537.36 (KHTML, like Gecko) Version/4.0 Chrome/53.0.2785.49 Mobile MQQBrowser/6.2 TBS/043024 Safari/537.36 MicroMessenger/6.5.4.1000 NetType/WIFI Language/zh_CN"
114.230.158.244 - - [14/Mar/2017:00:34:17 +0800] "GET /m/ajaxUser.html HTTP/1.1" 200 131 "https://www.yilonghc.cn/m/uc/tenderSan.html" "Mozilla/5.0 (Linux; Android 4.4.4; PRO 6 Plus Build/KTU84P; wv) AppleWebKit/537.36 (KHTML, like Gecko) Version/4.0 Chrome/53.0.2785.49 Mobile MQQBrowser/6.2 TBS/043024 Safari/537.36 MicroMessenger/6.5.4.1000 NetType/WIFI Language/zh_CN"
114.230.158.244 - - [14/Mar/2017:00:34:19 +0800] "GET /m/uc/tenderSan.html?page=1&types=1 HTTP/1.1" 200 35 "https://www.yilonghc.cn/m/uc/tenderSan.html" "Mozilla/5.0 (Linux; Android 4.4.4; PRO 6 Plus Build/KTU84P; wv) AppleWebKit/537.36 (KHTML, like Gecko) Version/4.0 Chrome/53.0.2785.49 Mobile MQQBrowser/6.2 TBS/043024 Safari/537.36 MicroMessenger/6.5.4.1000 NetType/WIFI Language/zh_CN"
114.230.158.244 - - [14/Mar/2017:00:34:21 +0800] "GET /m/uc/tenderSan.html?page=1&types=4 HTTP/1.1" 200 545 "https://www.yilonghc.cn/m/uc/tenderSan.html" "Mozilla/5.0 (Linux; Android 4.4.4; PRO 6 Plus Build/KTU84P; wv) AppleWebKit/537.36 (KHTML, like Gecko) Version/4.0 Chrome/53.0.2785.49 Mobile MQQBrowser/6.2 TBS/043024 Safari/537.36 MicroMessenger/6.5.4.1000 NetType/WIFI Language/zh_CN"
59.37.97.112 - - [14/Mar/2017:00:34:32 +0800] "GET / HTTP/1.0" 301 178 "http://yilonghc.cn/" "Mozilla/5.0 (X11; Linux x86_64) AppleWebKit/537.36 (KHTML, like Gecko) Chrome/34.0.1847.116 Safari/537.36"
114.230.158.244 - - [14/Mar/2017:00:34:34 +0800] "GET /wechat HTTP/1.1" 200 2768 "https://www.yilonghc.cn/m/uc.html" "Mozilla/5.0 (Linux; Android 4.4.4; PRO 6 Plus Build/KTU84P; wv) AppleWebKit/537.36 (KHTML, like Gecko) Version/4.0 Chrome/53.0.2785.49 Mobile MQQBrowser/6.2 TBS/043024 Safari/537.36 MicroMessenger/6.5.4.1000 NetType/WIFI Language/zh_CN"
114.230.158.244 - - [14/Mar/2017:00:34:34 +0800] "GET /m/ajaxUser.html HTTP/1.1" 200 131 "https://www.yilonghc.cn/wechat" "Mozilla/5.0 (Linux; Android 4.4.4; PRO 6 Plus Build/KTU84P; wv) AppleWebKit/537.36 (KHTML, like Gecko) Version/4.0 Chrome/53.0.2785.49 Mobile MQQBrowser/6.2 TBS/043024 Safari/537.36 MicroMessenger/6.5.4.1000 NetType/WIFI Language/zh_CN"
42.236.48.201 - - [14/Mar/2017:00:34:36 +0800] "GET / HTTP/1.1" 200 9914 "https://www.yilonghc.cn/" "Mozilla/5.0 (Windows NT 6.2) AppleWebKit/537.36 (KHTML, like Gecko) Chrome/31.0.1650.63 Safari/537.36 QIHU 360SE; 360Spider"
59.37.97.113 - - [14/Mar/2017:00:34:39 +0800] "GET / HTTP/1.1" 200 37242 "-" "-"
31.210.180.153 - - [14/Mar/2017:00:34:50 +0800] "GET / HTTP/1.1" 200 37242 "-" "Mozilla/5.0 (Windows NT 6.1; WOW64; rv:40.0) Gecko/20100101 Firefox/40.1"
101.226.162.90 - - [14/Mar/2017:00:34:56 +0800] "HEAD / HTTP/1.0" 200 0 "-" "Mozilla/5.0 (compatible; MSIE 7.0; Windows NT 5.1; .NET CLR 1.1.4322) 360JK yunjiankong 517737"
101.226.162.90 - - [14/Mar/2017:00:34:56 +0800] "HEAD / HTTP/1.0" 301 0 "-" "Mozilla/5.0 (compatible; MSIE 7.0; Windows NT 5.1; .NET CLR 1.1.4322) 360JK yunjiankong 517736"
101.226.162.90 - - [14/Mar/2017:00:34:57 +0800] "GET / HTTP/1.1" 200 37242 "-" "Mozilla/5.0 (compatible; MSIE 7.0; Windows NT 5.1; .NET CLR 1.1.4322) 360JK yunjiankong 517736"
111.206.241.76 - - [14/Mar/2017:00:35:06 +0800] "HEAD / HTTP/1.0" 200 0 "-" "Mozilla/5.0 (compatible; MSIE 7.0; Windows NT 5.1; .NET CLR 1.1.4322) 360JK yunjiankong 517737"
125.88.223.58 - - [14/Mar/2017:00:35:22 +0800] "GET / HTTP/1.1" 200 37242 "-" "Mozilla/5.0 (compatible; MSIE 7.0; Windows NT 5.1; .NET CLR 1.1.4322) 360JK yunjiankong 1094850"
125.88.223.58 - - [14/Mar/2017:00:35:30 +0800] "HEAD / HTTP/1.0" 200 0 "-" "Mozilla/5.0 (compatible; MSIE 7.0; Windows NT 5.1; .NET CLR 1.1.4322) 360JK yunjiankong 517735"
120.27.47.144 - - [14/Mar/2017:00:36:11 +0800] "GET / HTTP/1.1" 200 37242 "-" "Mozilla/5.0 (compatible; MSIE 9.0; Windows NT 6.1; Win64; x64; Trident/5.0)"
203.208.29.202 - - [14/Mar/2017:00:36:56 +0800] "GET /wp-login.php HTTP/1.1" 404 162 "-" "Mozilla/5.0 (Windows NT 6.1; WOW64; rv:40.0) Gecko/20100101 Firefox/40.1"
66.249.64.55 - - [14/Mar/2017:00:37:51 +0800] "GET /news/201605/uIfOvROa70jdmyYSank.html HTTP/1.1" 200 7693 "-" "Mozilla/5.0 (Linux; Android 6.0.1; Nexus 5X Build/MMB29P) AppleWebKit/537.36 (KHTML, like Gecko) Chrome/41.0.2272.96 Mobile Safari/537.36 (compatible; Googlebot/2.1; +http://www.google.com/bot.html)"
125.88.222.250 - - [14/Mar/2017:00:38:15 +0800] "HEAD / HTTP/1.0" 200 0 "-" "Mozilla/5.0 (compatible; MSIE 7.0; Windows NT 5.1; .NET CLR 1.1.4322) 360JK yunjiankong 517733"
125.88.222.250 - - [14/Mar/2017:00:38:16 +0800] "GET / HTTP/1.1" 200 37242 "-" "Mozilla/5.0 (compatible; MSIE 7.0; Windows NT 5.1; .NET CLR 1.1.4322) 360JK yunjiankong 517736"
121.40.130.38 - - [14/Mar/2017:00:39:38 +0800] "GET / HTTP/1.1" 200 37242 "-" "Mozilla/5.0 (compatible; MSIE 9.0; Windows NT 6.1; Win64; x64; Trident/5.0)"
101.226.162.90 - - [14/Mar/2017:00:39:52 +0800] "HEAD / HTTP/1.0" 301 0 "-" "Mozilla/5.0 (compatible; MSIE 7.0; Windows NT 5.1; .NET CLR 1.1.4322) 360JK yunjiankong 517736"
111.206.241.76 - - [14/Mar/2017:00:40:06 +0800] "HEAD / HTTP/1.0" 200 0 "-" "Mozilla/5.0 (compatible; MSIE 7.0; Windows NT 5.1; .NET CLR 1.1.4322) 360JK yunjiankong 517737"
111.206.241.76 - - [14/Mar/2017:00:40:06 +0800] "GET / HTTP/1.1" 200 37242 "-" "Mozilla/5.0 (compatible; MSIE 7.0; Windows NT 5.1; .NET CLR 1.1.4322) 360JK yunjiankong 517736"
112.126.74.55 - - [14/Mar/2017:00:40:09 +0800] "GET / HTTP/1.1" 200 37242 "-" "Mozilla/5.0 (compatible; MSIE 9.0; Windows NT 6.1; Win64; x64; Trident/5.0)"
125.88.223.58 - - [14/Mar/2017:00:40:22 +0800] "HEAD / HTTP/1.0" 200 0 "-" "Mozilla/5.0 (compatible; MSIE 7.0; Windows NT 5.1; .NET CLR 1.1.4322) 360JK yunjiankong 517735"
120.27.47.144 - - [14/Mar/2017:00:41:11 +0800] "GET / HTTP/1.1" 200 37242 "-" "Mozilla/5.0 (compatible; MSIE 9.0; Windows NT 6.1; Win64; x64; Trident/5.0)"
61.5.34.6 - - [14/Mar/2017:00:42:22 +0800] "GET /wp-login.php HTTP/1.1" 404 162 "-" "Mozilla/5.0 (Windows NT 6.1; WOW64; rv:40.0) Gecko/20100101 Firefox/40.1"
61.5.34.6 - - [14/Mar/2017:00:42:24 +0800] "GET / HTTP/1.1" 200 37242 "-" "Mozilla/5.0 (Windows NT 6.1; WOW64; rv:40.0) Gecko/20100101 Firefox/40.1"
93.50.123.10 - - [14/Mar/2017:00:42:26 +0800] "GET /wp-login.php HTTP/1.1" 404 162 "-" "Mozilla/5.0 (Windows NT 6.1; WOW64; rv:40.0) Gecko/20100101 Firefox/40.1"
93.50.123.10 - - [14/Mar/2017:00:42:28 +0800] "GET / HTTP/1.1" 200 37242 "-" "Mozilla/5.0 (Windows NT 6.1; WOW64; rv:40.0) Gecko/20100101 Firefox/40.1"
125.88.222.250 - - [14/Mar/2017:00:43:17 +0800] "GET / HTTP/1.1" 200 37242 "-" "Mozilla/5.0 (compatible; MSIE 7.0; Windows NT 5.1; .NET CLR 1.1.4322) 360JK yunjiankong 517736"
125.88.222.250 - - [14/Mar/2017:00:43:46 +0800] "HEAD / HTTP/1.0" 200 0 "-" "Mozilla/5.0 (compatible; MSIE 7.0; Windows NT 5.1; .NET CLR 1.1.4322) 360JK yunjiankong 517737"
83.60.209.144 - - [14/Mar/2017:00:44:09 +0800] "GET /wp-login.php HTTP/1.1" 404 162 "-" "Mozilla/5.0 (Windows NT 6.1; WOW64; rv:40.0) Gecko/20100101 Firefox/40.1"
83.60.209.144 - - [14/Mar/2017:00:44:10 +0800] "GET / HTTP/1.1" 200 37242 "-" "Mozilla/5.0 (Windows NT 6.1; WOW64; rv:40.0) Gecko/20100101 Firefox/40.1"
121.40.130.38 - - [14/Mar/2017:00:44:38 +0800] "GET / HTTP/1.1" 200 37242 "-" "Mozilla/5.0 (compatible; MSIE 9.0; Windows NT 6.1; Win64; x64; Trident/5.0)"
101.226.162.90 - - [14/Mar/2017:00:44:54 +0800] "GET / HTTP/1.1" 200 37242 "-" "Mozilla/5.0 (compatible; MSIE 7.0; Windows NT 5.1; .NET CLR 1.1.4322) 360JK yunjiankong 1094850"
101.226.162.90 - - [14/Mar/2017:00:44:55 +0800] "HEAD / HTTP/1.0" 200 0 "-" "Mozilla/5.0 (compatible; MSIE 7.0; Windows NT 5.1; .NET CLR 1.1.4322) 360JK yunjiankong 517737"
111.206.241.76 - - [14/Mar/2017:00:45:06 +0800] "HEAD / HTTP/1.0" 200 0 "-" "Mozilla/5.0 (compatible; MSIE 7.0; Windows NT 5.1; .NET CLR 1.1.4322) 360JK yunjiankong 517737"
112.126.74.55 - - [14/Mar/2017:00:45:09 +0800] "GET / HTTP/1.1" 200 37242 "-" "Mozilla/5.0 (compatible; MSIE 9.0; Windows NT 6.1; Win64; x64; Trident/5.0)"
220.181.108.75 - - [14/Mar/2017:00:45:23 +0800] "GET /news/201512/6tfGvhGQ607enSM.html HTTP/1.1" 200 12250 "-" "Mozilla/5.0 (compatible; Baiduspider/2.0; +http://www.baidu.com/search/spider.html)"
125.88.223.58 - - [14/Mar/2017:00:45:30 +0800] "HEAD / HTTP/1.0" 200 0 "-" "Mozilla/5.0 (compatible; MSIE 7.0; Windows NT 5.1; .NET CLR 1.1.4322) 360JK yunjiankong 517735"
120.27.47.144 - - [14/Mar/2017:00:46:11 +0800] "GET / HTTP/1.1" 200 37242 "-" "Mozilla/5.0 (compatible; MSIE 9.0; Windows NT 6.1; Win64; x64; Trident/5.0)"
111.206.61.180 - - [14/Mar/2017:00:46:25 +0800] "GET / HTTP/1.1" 200 37242 "-" "Mozilla/5.0 (compatible; MSIE 7.0; Windows NT 5.1; .NET CLR 1.1.4322) 360JK yunjiankong 1094850"
125.88.222.250 - - [14/Mar/2017:00:48:13 +0800] "HEAD / HTTP/1.0" 200 0 "-" "Mozilla/5.0 (compatible; MSIE 7.0; Windows NT 5.1; .NET CLR 1.1.4322) 360JK yunjiankong 517733"
125.88.222.250 - - [14/Mar/2017:00:48:14 +0800] "GET / HTTP/1.1" 200 37242 "-" "Mozilla/5.0 (compatible; MSIE 7.0; Windows NT 5.1; .NET CLR 1.1.4322) 360JK yunjiankong 517736"
157.55.39.214 - - [14/Mar/2017:00:48:40 +0800] "GET /helpus/trusteeship.html HTTP/1.1" 200 6622 "-" "Mozilla/5.0 (compatible; bingbot/2.0; +http://www.bing.com/bingbot.htm)"
101.226.162.90 - - [14/Mar/2017:00:49:52 +0800] "HEAD / HTTP/1.0" 200 0 "-" "Mozilla/5.0 (compatible; MSIE 7.0; Windows NT 5.1; .NET CLR 1.1.4322) 360JK yunjiankong 517737"
101.226.162.90 - - [14/Mar/2017:00:49:53 +0800] "GET / HTTP/1.1" 200 37242 "-" "Mozilla/5.0 (compatible; MSIE 7.0; Windows NT 5.1; .NET CLR 1.1.4322) 360JK yunjiankong 517736"
111.206.241.76 - - [14/Mar/2017:00:50:05 +0800] "HEAD / HTTP/1.0" 200 0 "-" "Mozilla/5.0 (compatible; MSIE 7.0; Windows NT 5.1; .NET CLR 1.1.4322) 360JK yunjiankong 517737"
111.206.241.76 - - [14/Mar/2017:00:50:06 +0800] "GET / HTTP/1.1" 200 37242 "-" "Mozilla/5.0 (compatible; MSIE 7.0; Windows NT 5.1; .NET CLR 1.1.4322) 360JK yunjiankong 517736"
125.88.223.58 - - [14/Mar/2017:00:50:21 +0800] "HEAD / HTTP/1.0" 200 0 "-" "Mozilla/5.0 (compatible; MSIE 7.0; Windows NT 5.1; .NET CLR 1.1.4322) 360JK yunjiankong 517735"
106.209.199.45 - - [14/Mar/2017:00:50:57 +0800] "GET / HTTP/1.1" 200 37242 "-" "Mozilla/5.0 (Windows NT 6.1; WOW64; rv:40.0) Gecko/20100101 Firefox/40.1"
118.248.46.238 - - [14/Mar/2017:00:52:51 +0800] "GET /news/xw/1029232452015.html HTTP/1.0" 301 178 "http://www.yilonghc.cn/news/xw/1029232452015.html" "Mozilla/5.0 (iphone; U; CPU iPhone OS 4_3_5 like Mac OS X; zh-cn) AppleWebKit/533.17.9 (KHTML, like Gecko) Version/5.0.2 Mobile/8J2 Safari/6533.18.5"
118.248.46.238 - - [14/Mar/2017:00:52:52 +0800] "GET /statics/cbox/css/colorbox.css HTTP/1.1" 404 162 "https://www.yilonghc.cn/news/xw/1029232452015.html" "Mozilla/5.0 (Linux; U; Android 2.0; en-us; Milestone Build/ SHOLS_U2_01.03.1) AppleWebKit/530.17 (KHTML, like Gecko) Version/4.0 Mobile Safari/530.17"
118.248.46.238 - - [14/Mar/2017:00:52:52 +0800] "GET /statics/jquery-validation/dist/localization/messages_zh.js HTTP/1.1" 404 162 "https://www.yilonghc.cn/news/xw/1029232452015.html" "Mozilla/5.0 (Linux; U; Android 2.0; en-us; Milestone Build/ SHOLS_U2_01.03.1) AppleWebKit/530.17 (KHTML, like Gecko) Version/4.0 Mobile Safari/530.17"
118.248.46.238 - - [14/Mar/2017:00:52:52 +0800] "GET /statics/jquery-validation/dist/jquery.validate.min.js HTTP/1.1" 404 162 "https://www.yilonghc.cn/news/xw/1029232452015.html" "Mozilla/5.0 (Linux; U; Android 2.0; en-us; Milestone Build/ SHOLS_U2_01.03.1) AppleWebKit/530.17 (KHTML, like Gecko) Version/4.0 Mobile Safari/530.17"
118.248.46.238 - - [14/Mar/2017:00:52:52 +0800] "GET /statics/bootstrap/js/bootstrap.min.js HTTP/1.1" 404 162 "https://www.yilonghc.cn/news/xw/1029232452015.html" "Mozilla/5.0 (Linux; U; Android 2.0; en-us; Milestone Build/ SHOLS_U2_01.03.1) AppleWebKit/530.17 (KHTML, like Gecko) Version/4.0 Mobile Safari/530.17"
118.248.46.238 - - [14/Mar/2017:00:52:52 +0800] "GET /statics/js/validate.common.js?v20150323 HTTP/1.1" 404 162 "https://www.yilonghc.cn/news/xw/1029232452015.html" "Mozilla/5.0 (Linux; U; Android 2.0; en-us; Milestone Build/ SHOLS_U2_01.03.1) AppleWebKit/530.17 (KHTML, like Gecko) Version/4.0 Mobile Safari/530.17"
118.248.46.238 - - [14/Mar/2017:00:52:52 +0800] "GET /plus/cmsidea.count.php?view=yes&aid=23245&mid=0 HTTP/1.1" 404 162 "https://www.yilonghc.cn/news/xw/1029232452015.html" "Mozilla/5.0 (Linux; U; Android 2.0; en-us; Milestone Build/ SHOLS_U2_01.03.1) AppleWebKit/530.17 (KHTML, like Gecko) Version/4.0 Mobile Safari/530.17"
125.88.222.250 - - [14/Mar/2017:00:53:13 +0800] "HEAD / HTTP/1.0" 301 0 "-" "Mozilla/5.0 (compatible; MSIE 7.0; Windows NT 5.1; .NET CLR 1.1.4322) 360JK yunjiankong 517736"
125.88.222.250 - - [14/Mar/2017:00:53:14 +0800] "GET / HTTP/1.1" 200 37242 "-" "Mozilla/5.0 (compatible; MSIE 7.0; Windows NT 5.1; .NET CLR 1.1.4322) 360JK yunjiankong 517736"
101.226.162.90 - - [14/Mar/2017:00:54:54 +0800] "GET / HTTP/1.1" 200 37242 "-" "Mozilla/5.0 (compatible; MSIE 7.0; Windows NT 5.1; .NET CLR 1.1.4322) 360JK yunjiankong 1094850"
101.226.162.90 - - [14/Mar/2017:00:54:56 +0800] "HEAD / HTTP/1.0" 200 0 "-" "Mozilla/5.0 (compatible; MSIE 7.0; Windows NT 5.1; .NET CLR 1.1.4322) 360JK yunjiankong 517737"
101.226.162.90 - - [14/Mar/2017:00:54:57 +0800] "GET / HTTP/1.1" 200 37242 "-" "Mozilla/5.0 (compatible; MSIE 7.0; Windows NT 5.1; .NET CLR 1.1.4322) 360JK yunjiankong 517736"
125.41.251.53 - - [14/Mar/2017:00:55:00 +0800] "POST /User/Register HTTP/1.1" 500 4532 "https://www.yilonghc.cn/User/Register" "Mozilla/5.0 (compatible; MSIE 9.0; Windows NT 6.1; Trident/5.0)"
111.206.241.76 - - [14/Mar/2017:00:55:06 +0800] "HEAD / HTTP/1.0" 200 0 "-" "Mozilla/5.0 (compatible; MSIE 7.0; Windows NT 5.1; .NET CLR 1.1.4322) 360JK yunjiankong 517737"
111.206.241.76 - - [14/Mar/2017:00:55:07 +0800] "GET / HTTP/1.1" 200 37242 "-" "Mozilla/5.0 (compatible; MSIE 7.0; Windows NT 5.1; .NET CLR 1.1.4322) 360JK yunjiankong 517736"
112.126.74.55 - - [14/Mar/2017:00:55:09 +0800] "GET / HTTP/1.1" 200 37242 "-" "Mozilla/5.0 (compatible; MSIE 9.0; Windows NT 6.1; Win64; x64; Trident/5.0)"
125.88.223.58 - - [14/Mar/2017:00:55:30 +0800] "HEAD / HTTP/1.0" 200 0 "-" "Mozilla/5.0 (compatible; MSIE 7.0; Windows NT 5.1; .NET CLR 1.1.4322) 360JK yunjiankong 517735"
60.54.104.75 - - [14/Mar/2017:00:55:41 +0800] "GET /wp-login.php HTTP/1.1" 404 162 "-" "Mozilla/5.0 (Windows NT 6.1; WOW64; rv:40.0) Gecko/20100101 Firefox/40.1"
101.38.132.200 - - [14/Mar/2017:00:56:47 +0800] "GET /wechat HTTP/1.1" 200 2772 "-" "Mozilla/5.0 (Linux; Android 7.0; FRD-AL00 Build/HUAWEIFRD-AL00; wv) AppleWebKit/537.36 (KHTML, like Gecko) Version/4.0 Chrome/55.0.2883.91 Mobile Safari/537.36 wkbrowser 4.1.86 3106"
101.38.132.200 - - [14/Mar/2017:00:56:47 +0800] "GET /uploads/attached/image/2016/10/5812efc58346c.jpg HTTP/1.1" 200 81986 "https://www.yilonghc.cn/wechat" "Mozilla/5.0 (Linux; Android 7.0; FRD-AL00 Build/HUAWEIFRD-AL00; wv) AppleWebKit/537.36 (KHTML, like Gecko) Version/4.0 Chrome/55.0.2883.91 Mobile Safari/537.36 wkbrowser 4.1.86 3106"
101.38.132.200 - - [14/Mar/2017:00:56:48 +0800] "GET /statics/wechat/css/swiper-3.3.0.min.css HTTP/1.1" 200 17216 "https://www.yilonghc.cn/wechat" "Mozilla/5.0 (Linux; Android 7.0; FRD-AL00 Build/HUAWEIFRD-AL00; wv) AppleWebKit/537.36 (KHTML, like Gecko) Version/4.0 Chrome/55.0.2883.91 Mobile Safari/537.36 wkbrowser 4.1.86 3106"
101.38.132.200 - - [14/Mar/2017:00:56:48 +0800] "GET /statics/wechat/css/index.min.css HTTP/1.1" 200 4269 "https://www.yilonghc.cn/wechat" "Mozilla/5.0 (Linux; Android 7.0; FRD-AL00 Build/HUAWEIFRD-AL00; wv) AppleWebKit/537.36 (KHTML, like Gecko) Version/4.0 Chrome/55.0.2883.91 Mobile Safari/537.36 wkbrowser 4.1.86 3106"
101.38.132.200 - - [14/Mar/2017:00:56:48 +0800] "GET /statics/wechat/js/weixin.js HTTP/1.1" 200 4076 "https://www.yilonghc.cn/wechat" "Mozilla/5.0 (Linux; Android 7.0; FRD-AL00 Build/HUAWEIFRD-AL00; wv) AppleWebKit/537.36 (KHTML, like Gecko) Version/4.0 Chrome/55.0.2883.91 Mobile Safari/537.36 wkbrowser 4.1.86 3106"
101.38.132.200 - - [14/Mar/2017:00:56:48 +0800] "GET /uploads/attached/image/2016/10/580f04c236392.jpg HTTP/1.1" 200 61534 "https://www.yilonghc.cn/wechat" "Mozilla/5.0 (Linux; Android 7.0; FRD-AL00 Build/HUAWEIFRD-AL00; wv) AppleWebKit/537.36 (KHTML, like Gecko) Version/4.0 Chrome/55.0.2883.91 Mobile Safari/537.36 wkbrowser 4.1.86 3106"
101.38.132.200 - - [14/Mar/2017:00:56:48 +0800] "GET /statics/wechat/js/swiper-3.3.0.jquery.min.js HTTP/1.1" 200 66732 "https://www.yilonghc.cn/wechat" "Mozilla/5.0 (Linux; Android 7.0; FRD-AL00 Build/HUAWEIFRD-AL00; wv) AppleWebKit/537.36 (KHTML, like Gecko) Version/4.0 Chrome/55.0.2883.91 Mobile Safari/537.36 wkbrowser 4.1.86 3106"
101.38.132.200 - - [14/Mar/2017:00:56:48 +0800] "GET /statics/wechat/images/index/yuanbing.png HTTP/1.1" 200 28877 "https://www.yilonghc.cn/statics/wechat/css/index_pyc.css" "Mozilla/5.0 (Linux; Android 7.0; FRD-AL00 Build/HUAWEIFRD-AL00; wv) AppleWebKit/537.36 (KHTML, like Gecko) Version/4.0 Chrome/55.0.2883.91 Mobile Safari/537.36 wkbrowser 4.1.86 3106"
101.38.132.200 - - [14/Mar/2017:00:56:48 +0800] "GET /statics/wechat/images/navI.png HTTP/1.1" 200 6001 "https://www.yilonghc.cn/statics/wechat/css/com.min.css" "Mozilla/5.0 (Linux; Android 7.0; FRD-AL00 Build/HUAWEIFRD-AL00; wv) AppleWebKit/537.36 (KHTML, like Gecko) Version/4.0 Chrome/55.0.2883.91 Mobile Safari/537.36 wkbrowser 4.1.86 3106"
101.38.132.200 - - [14/Mar/2017:00:56:48 +0800] "GET /statics/wechat/images/logo.png HTTP/1.1" 200 8076 "https://www.yilonghc.cn/statics/wechat/css/com.min.css" "Mozilla/5.0 (Linux; Android 7.0; FRD-AL00 Build/HUAWEIFRD-AL00; wv) AppleWebKit/537.36 (KHTML, like Gecko) Version/4.0 Chrome/55.0.2883.91 Mobile Safari/537.36 wkbrowser 4.1.86 3106"
101.38.132.200 - - [14/Mar/2017:00:56:48 +0800] "GET /m/ajaxUser.html HTTP/1.1" 200 159 "https://www.yilonghc.cn/wechat" "Mozilla/5.0 (Linux; Android 7.0; FRD-AL00 Build/HUAWEIFRD-AL00; wv) AppleWebKit/537.36 (KHTML, like Gecko) Version/4.0 Chrome/55.0.2883.91 Mobile Safari/537.36 wkbrowser 4.1.86 3106"
66.249.64.128 - - [14/Mar/2017:00:58:13 +0800] "GET / HTTP/1.1" 200 9905 "-" "Mozilla/5.0 (Linux; Android 6.0.1; Nexus 5X Build/MMB29P) AppleWebKit/537.36 (KHTML, like Gecko) Chrome/41.0.2272.96 Mobile Safari/537.36 (compatible; Googlebot/2.1; +http://www.google.com/bot.html)"
125.88.222.250 - - [14/Mar/2017:00:58:14 +0800] "HEAD / HTTP/1.0" 200 0 "-" "Mozilla/5.0 (compatible; MSIE 7.0; Windows NT 5.1; .NET CLR 1.1.4322) 360JK yunjiankong 517733"
125.88.222.250 - - [14/Mar/2017:00:58:14 +0800] "HEAD / HTTP/1.0" 301 0 "-" "Mozilla/5.0 (compatible; MSIE 7.0; Windows NT 5.1; .NET CLR 1.1.4322) 360JK yunjiankong 517736"
125.88.222.250 - - [14/Mar/2017:00:58:42 +0800] "HEAD / HTTP/1.0" 200 0 "-" "Mozilla/5.0 (compatible; MSIE 7.0; Windows NT 5.1; .NET CLR 1.1.4322) 360JK yunjiankong 517737"
82.79.115.122 - - [14/Mar/2017:00:59:06 +0800] "GET / HTTP/1.1" 200 37242 "-" "Mozilla/5.0 (Windows NT 6.1; WOW64; rv:40.0) Gecko/20100101 Firefox/40.1"
95.102.206.109 - - [14/Mar/2017:00:59:51 +0800] "GET / HTTP/1.1" 200 37242 "-" "Mozilla/5.0 (Windows NT 6.1; WOW64; rv:40.0) Gecko/20100101 Firefox/40.1"
101.226.162.90 - - [14/Mar/2017:00:59:52 +0800] "HEAD / HTTP/1.0" 200 0 "-" "Mozilla/5.0 (compatible; MSIE 7.0; Windows NT 5.1; .NET CLR 1.1.4322) 360JK yunjiankong 517737"
111.206.241.76 - - [14/Mar/2017:01:00:05 +0800] "HEAD / HTTP/1.0" 301 0 "-" "Mozilla/5.0 (compatible; MSIE 7.0; Windows NT 5.1; .NET CLR 1.1.4322) 360JK yunjiankong 517736"
111.206.241.76 - - [14/Mar/2017:01:00:06 +0800] "GET / HTTP/1.1" 200 37242 "-" "Mozilla/5.0 (compatible; MSIE 7.0; Windows NT 5.1; .NET CLR 1.1.4322) 360JK yunjiankong 517736"
112.126.74.55 - - [14/Mar/2017:01:00:09 +0800] "GET / HTTP/1.1" 200 37242 "-" "Mozilla/5.0 (compatible; MSIE 9.0; Windows NT 6.1; Win64; x64; Trident/5.0)"
125.88.223.58 - - [14/Mar/2017:01:00:21 +0800] "HEAD / HTTP/1.0" 200 0 "-" "Mozilla/5.0 (compatible; MSIE 7.0; Windows NT 5.1; .NET CLR 1.1.4322) 360JK yunjiankong 517735"
104.131.147.112 - - [14/Mar/2017:01:00:37 +0800] "GET / HTTP/1.1" 200 9905 "-" "Mozilla/5.0 (compatible; Gluten Free Crawler/1.0; +http://glutenfreepleasure.com/)"
220.181.108.183 - - [14/Mar/2017:01:02:32 +0800] "GET /news/201601/7IbItEGb70nVnyUeZg.html HTTP/1.0" 301 178 "-" "Mozilla/5.0 (compatible; Baiduspider/2.0; +http://www.baidu.com/search/spider.html)"
125.88.222.250 - - [14/Mar/2017:01:03:15 +0800] "HEAD / HTTP/1.0" 301 0 "-" "Mozilla/5.0 (compatible; MSIE 7.0; Windows NT 5.1; .NET CLR 1.1.4322) 360JK yunjiankong 517736"
125.88.222.250 - - [14/Mar/2017:01:03:15 +0800] "HEAD / HTTP/1.0" 200 0 "-" "Mozilla/5.0 (compatible; MSIE 7.0; Windows NT 5.1; .NET CLR 1.1.4322) 360JK yunjiankong 517733"
120.27.154.162 - - [14/Mar/2017:01:03:24 +0800] "GET / HTTP/1.1" 200 9905 "-" "Mozilla/5.0 (Windows NT 6.1; WOW64) AppleWebKit/537.22 (KHTML, like Gecko) Chrome/25.0.1364.172 Safari/537.22"
121.40.130.38 - - [14/Mar/2017:01:04:38 +0800] "GET / HTTP/1.1" 200 37242 "-" "Mozilla/5.0 (compatible; MSIE 9.0; Windows NT 6.1; Win64; x64; Trident/5.0)"
101.226.162.90 - - [14/Mar/2017:01:04:54 +0800] "GET / HTTP/1.1" 200 37242 "-" "Mozilla/5.0 (compatible; MSIE 7.0; Windows NT 5.1; .NET CLR 1.1.4322) 360JK yunjiankong 1094850"
101.226.162.90 - - [14/Mar/2017:01:04:56 +0800] "HEAD / HTTP/1.0" 200 0 "-" "Mozilla/5.0 (compatible; MSIE 7.0; Windows NT 5.1; .NET CLR 1.1.4322) 360JK yunjiankong 517737"
83.52.210.116 - - [14/Mar/2017:01:04:59 +0800] "GET /wp-login.php HTTP/1.1" 404 162 "-" "Mozilla/5.0 (Windows NT 6.1; WOW64; rv:40.0) Gecko/20100101 Firefox/40.1"
111.206.241.76 - - [14/Mar/2017:01:05:06 +0800] "HEAD / HTTP/1.0" 200 0 "-" "Mozilla/5.0 (compatible; MSIE 7.0; Windows NT 5.1; .NET CLR 1.1.4322) 360JK yunjiankong 517737"
111.206.241.76 - - [14/Mar/2017:01:05:07 +0800] "GET / HTTP/1.1" 200 37242 "-" "Mozilla/5.0 (compatible; MSIE 7.0; Windows NT 5.1; .NET CLR 1.1.4322) 360JK yunjiankong 517736"
125.88.223.58 - - [14/Mar/2017:01:05:24 +0800] "GET / HTTP/1.1" 200 37242 "-" "Mozilla/5.0 (compatible; MSIE 7.0; Windows NT 5.1; .NET CLR 1.1.4322) 360JK yunjiankong 1094850"
123.126.113.83 - - [14/Mar/2017:01:05:52 +0800] "GET /news/201601/64aZ7hmX60zVnyMdaw.html HTTP/1.1" 200 5290 "-" "Sogou web spider/4.0(+http://www.sogou.com/docs/help/webmasters.htm#07)"
123.126.113.83 - - [14/Mar/2017:01:06:22 +0800] "GET /news/201602/vtTN7hLBvEXdnCMab3k.html HTTP/1.1" 200 5191 "-" "Sogou web spider/4.0(+http://www.sogou.com/docs/help/webmasters.htm#07)"
111.206.61.180 - - [14/Mar/2017:01:06:25 +0800] "GET / HTTP/1.1" 200 37242 "-" "Mozilla/5.0 (compatible; MSIE 7.0; Windows NT 5.1; .NET CLR 1.1.4322) 360JK yunjiankong 1094850"
123.126.113.83 - - [14/Mar/2017:01:06:42 +0800] "GET /news/201602/69DOvBjH70vdnCUcbH8.html HTTP/1.1" 200 6884 "-" "Sogou web spider/4.0(+http://www.sogou.com/docs/help/webmasters.htm#07)"
220.181.108.107 - - [14/Mar/2017:01:07:06 +0800] "GET /news/xw/1029232452015.html HTTP/1.0" 301 178 "-" "Mozilla/5.0 (Linux;u;Android 4.2.2;zh-cn;) AppleWebKit/534.46 (KHTML,like Gecko) Version/5.1 Mobile Safari/10600.6.3 (compatible; Baiduspider/2.0; +http://www.baidu.com/search/spider.html)"
123.126.113.83 - - [14/Mar/2017:01:07:12 +0800] "GET /news/201602/74bJtUbHsk7dnCMab3s.html HTTP/1.1" 200 5711 "-" "Sogou web spider/4.0(+http://www.sogou.com/docs/help/webmasters.htm#07)"
123.126.113.83 - - [14/Mar/2017:01:07:22 +0800] "GET /news/201601/4oGe7xeXu0zVnyMdbw.html HTTP/1.1" 200 5505 "-" "Sogou web spider/4.0(+http://www.sogou.com/docs/help/webmasters.htm#07)"
