180.149.130.151 - - [14/Mar/2017:03:54:53 +0800] "GET /statics/wechat/css/cgTong/cunguantong.css HTTP/1.1" 200 7011 "https://www.yilonghc.cn/m/cgTong/show.html" "Mozilla/5.0 (Macintosh; Intel Mac OS X 10_11_4) AppleWebKit/537.36 (KHTML, like Gecko) Chrome/49.0.2623.110 Safari/537.36"
180.149.130.150 - - [14/Mar/2017:03:54:53 +0800] "GET /statics/wechat/css/styles.css HTTP/1.1" 200 5554 "https://www.yilonghc.cn/m/rob/shows.html" "Mozilla/5.0 (Macintosh; Intel Mac OS X 10_11_4) AppleWebKit/537.36 (KHTML, like Gecko) Chrome/49.0.2623.110 Safari/537.36"
180.149.130.151 - - [14/Mar/2017:03:54:53 +0800] "GET /m/rob/zhuce.html?from= HTTP/1.1" 200 4271 "-" "Mozilla/5.0 (Macintosh; Intel Mac OS X 10_11_4) AppleWebKit/537.36 (KHTML, like Gecko) Chrome/49.0.2623.110 Safari/537.36"
180.149.130.153 - - [14/Mar/2017:03:54:53 +0800] "GET /m/ajaxUser.html HTTP/1.1" 200 191 "https://www.yilonghc.cn/m/register.html/?utm_source=fbaba&uid=XXXX" "Mozilla/5.0 (Macintosh; Intel Mac OS X 10_11_4) AppleWebKit/537.36 (KHTML, like Gecko) Chrome/49.0.2623.110 Safari/537.36"
180.149.130.152 - - [14/Mar/2017:03:54:53 +0800] "GET /ajaxUser.html HTTP/1.1" 200 263 "https://www.yilonghc.cn/" "Mozilla/5.0 (Macintosh; Intel Mac OS X 10_11_4) AppleWebKit/537.36 (KHTML, like Gecko) Chrome/49.0.2623.110 Safari/537.36"
101.226.162.90 - - [14/Mar/2017:03:54:53 +0800] "GET / HTTP/1.1" 200 37242 "-" "Mozilla/5.0 (compatible; MSIE 7.0; Windows NT 5.1; .NET CLR 1.1.4322) 360JK yunjiankong 1094850"
180.149.130.151 - - [14/Mar/2017:03:54:53 +0800] "GET /itemlist/disperse.html?front=True HTTP/1.1" 200 1129 "https://www.yilonghc.cn/" "Mozilla/5.0 (Macintosh; Intel Mac OS X 10_11_4) AppleWebKit/537.36 (KHTML, like Gecko) Chrome/49.0.2623.110 Safari/537.36"
123.126.113.83 - - [14/Mar/2017:03:54:58 +0800] "GET /news_/hyxw.html?&page=1 HTTP/1.1" 200 6780 "-" "Sogou web spider/4.0(+http://www.sogou.com/docs/help/webmasters.htm#07)"
112.126.74.55 - - [14/Mar/2017:03:55:09 +0800] "GET / HTTP/1.1" 200 37242 "-" "Mozilla/5.0 (compatible; MSIE 9.0; Windows NT 6.1; Win64; x64; Trident/5.0)"
123.126.113.83 - - [14/Mar/2017:03:55:17 +0800] "GET /news/xw/1026194N2015.html HTTP/1.1" 200 6806 "-" "Sogou web spider/4.0(+http://www.sogou.com/docs/help/webmasters.htm#07)"
101.226.162.90 - - [14/Mar/2017:03:55:48 +0800] "HEAD / HTTP/1.0" 200 0 "-" "Mozilla/5.0 (compatible; MSIE 7.0; Windows NT 5.1; .NET CLR 1.1.4322) 360JK yunjiankong 517737"
123.126.113.83 - - [14/Mar/2017:03:55:50 +0800] "GET /wenda/detail/76367.html HTTP/1.1" 200 8945 "-" "Sogou web spider/4.0(+http://www.sogou.com/docs/help/webmasters.htm#07)"
123.126.113.83 - - [14/Mar/2017:03:56:00 +0800] "GET /news/201603/6YDGvhnGu0rdnykTaX8.html HTTP/1.1" 200 5399 "-" "Sogou web spider/4.0(+http://www.sogou.com/docs/help/webmasters.htm#07)"
123.126.113.83 - - [14/Mar/2017:03:56:19 +0800] "GET /news/201603/udCb70GUuEvdnyUfa3w.html HTTP/1.1" 200 7473 "-" "Sogou web spider/4.0(+http://www.sogou.com/docs/help/webmasters.htm#07)"
111.206.61.180 - - [14/Mar/2017:03:56:26 +0800] "GET / HTTP/1.1" 200 37242 "-" "Mozilla/5.0 (compatible; MSIE 7.0; Windows NT 5.1; .NET CLR 1.1.4322) 360JK yunjiankong 1094850"
111.76.66.91 - - [14/Mar/2017:03:56:32 +0800] "GET / HTTP/1.1" 200 9905 "http://www.51wangdai.com/" "Mozilla/4.0 (compatible; MSIE 8.0; Windows NT 5.1; WOW64; Trident/4.0; SLCC2; .NET CLR 2.0.50727; .NET CLR 3.5.30729; .NET CLR 3.0.30729; Media Center PC 6.0; .NET4.0C; .NET4.0E; InfoPath.3; TheWorld)"
111.76.66.91 - - [14/Mar/2017:03:56:33 +0800] "GET /ajaxUser.html HTTP/1.1" 200 263 "https://www.yilonghc.cn/" "Mozilla/4.0 (compatible; MSIE 8.0; Windows NT 5.1; WOW64; Trident/4.0; SLCC2; .NET CLR 2.0.50727; .NET CLR 3.5.30729; .NET CLR 3.0.30729; Media Center PC 6.0; .NET4.0C; .NET4.0E; InfoPath.3; TheWorld)"
111.76.66.91 - - [14/Mar/2017:03:56:33 +0800] "GET /itemlist/disperse.html?front=True HTTP/1.1" 200 1129 "https://www.yilonghc.cn/" "Mozilla/4.0 (compatible; MSIE 8.0; Windows NT 5.1; WOW64; Trident/4.0; SLCC2; .NET CLR 2.0.50727; .NET CLR 3.5.30729; .NET CLR 3.0.30729; Media Center PC 6.0; .NET4.0C; .NET4.0E; InfoPath.3; TheWorld)"
123.126.113.83 - - [14/Mar/2017:03:56:40 +0800] "GET /news/201602/4tfJ6EbG60rdnCMZbnY.html HTTP/1.1" 200 5782 "-" "Sogou web spider/4.0(+http://www.sogou.com/docs/help/webmasters.htm#07)"
111.76.66.91 - - [14/Mar/2017:03:56:41 +0800] "GET /helpus/tariff.html HTTP/1.1" 200 5618 "https://www.yilonghc.cn/" "Mozilla/4.0 (compatible; MSIE 8.0; Windows NT 5.1; WOW64; Trident/4.0; SLCC2; .NET CLR 2.0.50727; .NET CLR 3.5.30729; .NET CLR 3.0.30729; Media Center PC 6.0; .NET4.0C; .NET4.0E; InfoPath.3; TheWorld)"
111.76.66.91 - - [14/Mar/2017:03:56:41 +0800] "GET /statics/front/js/help.js HTTP/1.1" 200 2618 "https://www.yilonghc.cn/helpus/tariff.html" "Mozilla/4.0 (compatible; MSIE 8.0; Windows NT 5.1; WOW64; Trident/4.0; SLCC2; .NET CLR 2.0.50727; .NET CLR 3.5.30729; .NET CLR 3.0.30729; Media Center PC 6.0; .NET4.0C; .NET4.0E; InfoPath.3; TheWorld)"
111.76.66.91 - - [14/Mar/2017:03:56:42 +0800] "GET /ajaxUser.html HTTP/1.1" 200 263 "https://www.yilonghc.cn/helpus/tariff.html" "Mozilla/4.0 (compatible; MSIE 8.0; Windows NT 5.1; WOW64; Trident/4.0; SLCC2; .NET CLR 2.0.50727; .NET CLR 3.5.30729; .NET CLR 3.0.30729; Media Center PC 6.0; .NET4.0C; .NET4.0E; InfoPath.3; TheWorld)"
111.76.66.91 - - [14/Mar/2017:03:56:46 +0800] "GET /helpus/login.html HTTP/1.1" 200 6730 "https://www.yilonghc.cn/helpus/tariff.html" "Mozilla/4.0 (compatible; MSIE 8.0; Windows NT 5.1; WOW64; Trident/4.0; SLCC2; .NET CLR 2.0.50727; .NET CLR 3.5.30729; .NET CLR 3.0.30729; Media Center PC 6.0; .NET4.0C; .NET4.0E; InfoPath.3; TheWorld)"
111.76.66.91 - - [14/Mar/2017:03:56:47 +0800] "GET /ajaxUser.html HTTP/1.1" 200 263 "https://www.yilonghc.cn/helpus/login.html" "Mozilla/4.0 (compatible; MSIE 8.0; Windows NT 5.1; WOW64; Trident/4.0; SLCC2; .NET CLR 2.0.50727; .NET CLR 3.5.30729; .NET CLR 3.0.30729; Media Center PC 6.0; .NET4.0C; .NET4.0E; InfoPath.3; TheWorld)"
111.76.66.91 - - [14/Mar/2017:03:56:52 +0800] "GET /itemlist.html HTTP/1.1" 200 7210 "https://www.yilonghc.cn/helpus/login.html" "Mozilla/4.0 (compatible; MSIE 8.0; Windows NT 5.1; WOW64; Trident/4.0; SLCC2; .NET CLR 2.0.50727; .NET CLR 3.5.30729; .NET CLR 3.0.30729; Media Center PC 6.0; .NET4.0C; .NET4.0E; InfoPath.3; TheWorld)"
61.182.137.6 - - [14/Mar/2017:03:56:52 +0800] "GET / HTTP/1.1" 200 9905 "-" "Baidu-YunGuanCe-SLABot(ce.baidu.com)"
182.150.0.26 - - [14/Mar/2017:03:56:52 +0800] "GET / HTTP/1.1" 200 9905 "-" "Baidu-YunGuanCe-SLABot(ce.baidu.com)"
117.34.28.13 - - [14/Mar/2017:03:56:52 +0800] "GET / HTTP/1.1" 200 9905 "-" "Baidu-YunGuanCe-SLABot(ce.baidu.com)"
111.76.66.91 - - [14/Mar/2017:03:56:52 +0800] "GET /ajaxUser.html HTTP/1.1" 200 263 "https://www.yilonghc.cn/itemlist.html" "Mozilla/4.0 (compatible; MSIE 8.0; Windows NT 5.1; WOW64; Trident/4.0; SLCC2; .NET CLR 2.0.50727; .NET CLR 3.5.30729; .NET CLR 3.0.30729; Media Center PC 6.0; .NET4.0C; .NET4.0E; InfoPath.3; TheWorld)"
111.76.66.91 - - [14/Mar/2017:03:56:53 +0800] "GET /ajaxUnderCnt.html HTTP/1.1" 200 55 "https://www.yilonghc.cn/itemlist.html" "Mozilla/4.0 (compatible; MSIE 8.0; Windows NT 5.1; WOW64; Trident/4.0; SLCC2; .NET CLR 2.0.50727; .NET CLR 3.5.30729; .NET CLR 3.0.30729; Media Center PC 6.0; .NET4.0C; .NET4.0E; InfoPath.3; TheWorld)"
111.76.66.91 - - [14/Mar/2017:03:56:53 +0800] "GET /itemlist/disperse.html?prT=0&prD=0-0&prP=0 HTTP/1.1" 200 1136 "https://www.yilonghc.cn/itemlist.html" "Mozilla/4.0 (compatible; MSIE 8.0; Windows NT 5.1; WOW64; Trident/4.0; SLCC2; .NET CLR 2.0.50727; .NET CLR 3.5.30729; .NET CLR 3.0.30729; Media Center PC 6.0; .NET4.0C; .NET4.0E; InfoPath.3; TheWorld)"
125.88.223.58 - - [14/Mar/2017:03:56:57 +0800] "GET / HTTP/1.1" 200 37242 "-" "Mozilla/5.0 (compatible; MSIE 7.0; Windows NT 5.1; .NET CLR 1.1.4322) 360JK yunjiankong 1094850"
123.126.113.83 - - [14/Mar/2017:03:57:00 +0800] "GET /news/201603/6ICdtEWXvk7dnyUfZn4.html HTTP/1.1" 200 8698 "-" "Sogou web spider/4.0(+http://www.sogou.com/docs/help/webmasters.htm#07)"
60.180.131.149 - - [14/Mar/2017:03:57:04 +0800] "GET /statics/css/three.css.css HTTP/1.1" 200 19213 "https://www.yilonghc.cn/news/xw/10292340R015.html" "Mozilla/5.0 (Linux; Android 7.0; HUAWEI NXT-DL00 Build/HUAWEINXT-DL00) AppleWebKit/534.30 (KHTML, like Gecko) Version/4.0 Mobile Safari/534.30"
60.180.131.149 - - [14/Mar/2017:03:57:04 +0800] "GET /statics/jquery-validation/dist/jquery.validate.min.js HTTP/1.1" 404 162 "https://www.yilonghc.cn/news/xw/10292340R015.html" "Mozilla/5.0 (Linux; Android 7.0; HUAWEI NXT-DL00 Build/HUAWEINXT-DL00) AppleWebKit/534.30 (KHTML, like Gecko) Version/4.0 Mobile Safari/534.30"
60.180.131.149 - - [14/Mar/2017:03:57:04 +0800] "GET /statics/css/base.min.css HTTP/1.1" 200 11476 "https://www.yilonghc.cn/news/xw/10292340R015.html" "Mozilla/5.0 (Linux; Android 7.0; HUAWEI NXT-DL00 Build/HUAWEINXT-DL00) AppleWebKit/534.30 (KHTML, like Gecko) Version/4.0 Mobile Safari/534.30"
60.180.131.149 - - [14/Mar/2017:03:57:04 +0800] "GET /statics/css/xcConfirm.css HTTP/1.1" 200 1871 "https://www.yilonghc.cn/news/xw/10292340R015.html" "Mozilla/5.0 (Linux; Android 7.0; HUAWEI NXT-DL00 Build/HUAWEINXT-DL00) AppleWebKit/534.30 (KHTML, like Gecko) Version/4.0 Mobile Safari/534.30"
60.180.131.149 - - [14/Mar/2017:03:57:04 +0800] "GET /statics/cbox/css/colorbox.css HTTP/1.1" 404 162 "https://www.yilonghc.cn/news/xw/10292340R015.html" "Mozilla/5.0 (Linux; Android 7.0; HUAWEI NXT-DL00 Build/HUAWEINXT-DL00) AppleWebKit/534.30 (KHTML, like Gecko) Version/4.0 Mobile Safari/534.30"
60.180.131.149 - - [14/Mar/2017:03:57:04 +0800] "GET /statics/js/common.js?v20150323 HTTP/1.1" 404 162 "https://www.yilonghc.cn/news/xw/10292340R015.html" "Mozilla/5.0 (Linux; Android 7.0; HUAWEI NXT-DL00 Build/HUAWEINXT-DL00) AppleWebKit/534.30 (KHTML, like Gecko) Version/4.0 Mobile Safari/534.30"
60.180.131.149 - - [14/Mar/2017:03:57:04 +0800] "GET /statics/jquery-validation/dist/localization/messages_zh.js HTTP/1.1" 404 162 "https://www.yilonghc.cn/news/xw/10292340R015.html" "Mozilla/5.0 (Linux; Android 7.0; HUAWEI NXT-DL00 Build/HUAWEINXT-DL00) AppleWebKit/534.30 (KHTML, like Gecko) Version/4.0 Mobile Safari/534.30"
60.180.131.149 - - [14/Mar/2017:03:57:04 +0800] "GET /statics/css/share_style0_24.css HTTP/1.1" 200 3819 "https://www.yilonghc.cn/news/xw/10292340R015.html" "Mozilla/5.0 (Linux; Android 7.0; HUAWEI NXT-DL00 Build/HUAWEINXT-DL00) AppleWebKit/534.30 (KHTML, like Gecko) Version/4.0 Mobile Safari/534.30"
60.180.131.149 - - [14/Mar/2017:03:57:04 +0800] "GET /statics/js/xcConfirm.js HTTP/1.1" 404 162 "https://www.yilonghc.cn/news/xw/10292340R015.html" "Mozilla/5.0 (Linux; Android 7.0; HUAWEI NXT-DL00 Build/HUAWEINXT-DL00) AppleWebKit/534.30 (KHTML, like Gecko) Version/4.0 Mobile Safari/534.30"
60.180.131.149 - - [14/Mar/2017:03:57:05 +0800] "GET /statics/cbox/css/colorbox.css HTTP/1.1" 404 162 "https://www.yilonghc.cn/news/xw/10292340R015.html" "Mozilla/5.0 (Linux; Android 7.0; HUAWEI NXT-DL00 Build/HUAWEINXT-DL00) AppleWebKit/534.30 (KHTML, like Gecko) Version/4.0 Mobile Safari/534.30"
60.180.131.149 - - [14/Mar/2017:03:57:05 +0800] "GET /statics/bootstrap/js/bootstrap.min.js HTTP/1.1" 404 162 "https://www.yilonghc.cn/news/xw/10292340R015.html" "Mozilla/5.0 (Linux; Android 7.0; HUAWEI NXT-DL00 Build/HUAWEINXT-DL00) AppleWebKit/534.30 (KHTML, like Gecko) Version/4.0 Mobile Safari/534.30"
60.180.131.149 - - [14/Mar/2017:03:57:05 +0800] "GET /statics/jquery-validation/dist/localization/messages_zh.js HTTP/1.1" 404 162 "https://www.yilonghc.cn/news/xw/10292340R015.html" "Mozilla/5.0 (Linux; Android 7.0; HUAWEI NXT-DL00 Build/HUAWEINXT-DL00) AppleWebKit/534.30 (KHTML, like Gecko) Version/4.0 Mobile Safari/534.30"
60.180.131.149 - - [14/Mar/2017:03:57:05 +0800] "GET /statics/jquery-validation/dist/jquery.validate.min.js HTTP/1.1" 404 162 "https://www.yilonghc.cn/news/xw/10292340R015.html" "Mozilla/5.0 (Linux; Android 7.0; HUAWEI NXT-DL00 Build/HUAWEINXT-DL00) AppleWebKit/534.30 (KHTML, like Gecko) Version/4.0 Mobile Safari/534.30"
60.180.131.149 - - [14/Mar/2017:03:57:05 +0800] "GET /statics/cbox/js/colorbox.js?v20150323 HTTP/1.1" 404 162 "https://www.yilonghc.cn/news/xw/10292340R015.html" "Mozilla/5.0 (Linux; Android 7.0; HUAWEI NXT-DL00 Build/HUAWEINXT-DL00) AppleWebKit/534.30 (KHTML, like Gecko) Version/4.0 Mobile Safari/534.30"
60.180.131.149 - - [14/Mar/2017:03:57:05 +0800] "GET /statics/js/xcConfirm.js HTTP/1.1" 404 162 "https://www.yilonghc.cn/news/xw/10292340R015.html" "Mozilla/5.0 (Linux; Android 7.0; HUAWEI NXT-DL00 Build/HUAWEINXT-DL00) AppleWebKit/534.30 (KHTML, like Gecko) Version/4.0 Mobile Safari/534.30"
60.180.131.149 - - [14/Mar/2017:03:57:05 +0800] "GET /statics/js/common.js?v20150323 HTTP/1.1" 404 162 "https://www.yilonghc.cn/news/xw/10292340R015.html" "Mozilla/5.0 (Linux; Android 7.0; HUAWEI NXT-DL00 Build/HUAWEINXT-DL00) AppleWebKit/534.30 (KHTML, like Gecko) Version/4.0 Mobile Safari/534.30"
60.180.131.149 - - [14/Mar/2017:03:57:06 +0800] "GET /statics/js/validate.common.js?v20150323 HTTP/1.1" 404 162 "https://www.yilonghc.cn/news/xw/10292340R015.html" "Mozilla/5.0 (Linux; Android 7.0; HUAWEI NXT-DL00 Build/HUAWEINXT-DL00) AppleWebKit/534.30 (KHTML, like Gecko) Version/4.0 Mobile Safari/534.30"
60.180.131.149 - - [14/Mar/2017:03:57:07 +0800] "GET /statics/jquery-validation/dist/localization/messages_zh.js HTTP/1.1" 404 162 "https://www.yilonghc.cn/news/xw/10292340R015.html" "Mozilla/5.0 (Linux; Android 7.0; HUAWEI NXT-DL00 Build/HUAWEINXT-DL00) AppleWebKit/534.30 (KHTML, like Gecko) Version/4.0 Mobile Safari/534.30"
60.180.131.149 - - [14/Mar/2017:03:57:07 +0800] "GET /plus/cmsidea.count.php?view=yes&aid=23408&mid=0 HTTP/1.1" 404 162 "https://www.yilonghc.cn/news/xw/10292340R015.html" "Mozilla/5.0 (Linux; Android 7.0; HUAWEI NXT-DL00 Build/HUAWEINXT-DL00) AppleWebKit/534.30 (KHTML, like Gecko) Version/4.0 Mobile Safari/534.30"
120.27.47.144 - - [14/Mar/2017:03:57:12 +0800] "GET / HTTP/1.1" 200 37242 "-" "Mozilla/5.0 (compatible; MSIE 9.0; Windows NT 6.1; Win64; x64; Trident/5.0)"
123.126.113.83 - - [14/Mar/2017:03:57:19 +0800] "GET /news/201603/u4XG7xHGv0jdnyUfZn8.html HTTP/1.1" 200 7908 "-" "Sogou web spider/4.0(+http://www.sogou.com/docs/help/webmasters.htm#07)"
123.126.113.83 - - [14/Mar/2017:03:57:29 +0800] "GET /news/201603/64XNvBaauUrdnyUfa3o.html HTTP/1.1" 200 7931 "-" "Sogou web spider/4.0(+http://www.sogou.com/docs/help/webmasters.htm#07)"
60.180.131.149 - - [14/Mar/2017:03:57:32 +0800] "GET /statics/icon.ico HTTP/1.1" 404 5263 "https://www.yilonghc.cn/news/xw/10292340R015.html" "Mozilla/5.0 (Linux; Android 7.0; HUAWEI NXT-DL00 Build/HUAWEINXT-DL00) AppleWebKit/534.30 (KHTML, like Gecko) Version/4.0 Mobile Safari/534.30"
123.126.113.83 - - [14/Mar/2017:03:57:49 +0800] "GET /news/201603/6dXGv0HE7kndnyQbZ34.html HTTP/1.1" 200 6844 "-" "Sogou web spider/4.0(+http://www.sogou.com/docs/help/webmasters.htm#07)"
220.181.108.145 - - [14/Mar/2017:03:57:52 +0800] "GET /word/info HTTP/1.0" 301 178 "-" "Mozilla/5.0 (compatible; Baiduspider/2.0; +http://www.baidu.com/search/spider.html)"
123.126.113.83 - - [14/Mar/2017:03:57:59 +0800] "GET /news/201601/udXKuRjB7EjVnyUYaA.html HTTP/1.1" 200 6235 "-" "Sogou web spider/4.0(+http://www.sogou.com/docs/help/webmasters.htm#07)"
89.79.166.114 - - [14/Mar/2017:03:58:07 +0800] "GET / HTTP/1.1" 200 37242 "-" "Mozilla/5.0 (Windows NT 6.1; WOW64; rv:40.0) Gecko/20100101 Firefox/40.1"
125.88.222.250 - - [14/Mar/2017:03:58:12 +0800] "HEAD / HTTP/1.0" 200 0 "-" "Mozilla/5.0 (compatible; MSIE 7.0; Windows NT 5.1; .NET CLR 1.1.4322) 360JK yunjiankong 517733"
123.126.113.83 - - [14/Mar/2017:03:58:29 +0800] "GET /news/xw/1015VD2015.html HTTP/1.1" 200 6905 "-" "Sogou web spider/4.0(+http://www.sogou.com/docs/help/webmasters.htm#07)"
125.88.222.250 - - [14/Mar/2017:03:58:42 +0800] "HEAD / HTTP/1.0" 200 0 "-" "Mozilla/5.0 (compatible; MSIE 7.0; Windows NT 5.1; .NET CLR 1.1.4322) 360JK yunjiankong 517737"
123.126.113.83 - - [14/Mar/2017:03:58:59 +0800] "GET /news/xw/1015TU2015.html HTTP/1.1" 200 6968 "-" "Sogou web spider/4.0(+http://www.sogou.com/docs/help/webmasters.htm#07)"
123.126.113.83 - - [14/Mar/2017:03:59:09 +0800] "GET /news/xw/1015TF2015.html HTTP/1.1" 200 6941 "-" "Sogou web spider/4.0(+http://www.sogou.com/docs/help/webmasters.htm#07)"
94.254.135.14 - - [14/Mar/2017:03:59:16 +0800] "GET / HTTP/1.1" 200 37242 "-" "Mozilla/5.0 (Windows NT 6.1; WOW64; rv:40.0) Gecko/20100101 Firefox/40.1"
121.40.130.38 - - [14/Mar/2017:03:59:38 +0800] "GET / HTTP/1.1" 200 37242 "-" "Mozilla/5.0 (compatible; MSIE 9.0; Windows NT 6.1; Win64; x64; Trident/5.0)"
123.126.113.83 - - [14/Mar/2017:03:59:39 +0800] "GET /news/xw/1029222922015.html HTTP/1.1" 200 6828 "-" "Sogou web spider/4.0(+http://www.sogou.com/docs/help/webmasters.htm#07)"
89.79.166.114 - - [14/Mar/2017:03:59:53 +0800] "GET /wp-login.php HTTP/1.1" 404 162 "-" "Mozilla/5.0 (Windows NT 6.1; WOW64; rv:40.0) Gecko/20100101 Firefox/40.1"
89.79.166.114 - - [14/Mar/2017:03:59:54 +0800] "GET / HTTP/1.1" 200 37242 "-" "Mozilla/5.0 (Windows NT 6.1; WOW64; rv:40.0) Gecko/20100101 Firefox/40.1"
123.126.113.83 - - [14/Mar/2017:03:59:59 +0800] "GET /news/xw/1029223422015.html HTTP/1.1" 200 6953 "-" "Sogou web spider/4.0(+http://www.sogou.com/docs/help/webmasters.htm#07)"
111.206.241.76 - - [14/Mar/2017:04:00:06 +0800] "HEAD / HTTP/1.0" 301 0 "-" "Mozilla/5.0 (compatible; MSIE 7.0; Windows NT 5.1; .NET CLR 1.1.4322) 360JK yunjiankong 517736"
123.126.113.83 - - [14/Mar/2017:04:00:19 +0800] "GET /news/xw/1029223352015.html HTTP/1.1" 200 6964 "-" "Sogou web spider/4.0(+http://www.sogou.com/docs/help/webmasters.htm#07)"
123.126.113.83 - - [14/Mar/2017:04:00:29 +0800] "GET /news/xw/1029223E2015.html HTTP/1.1" 200 7013 "-" "Sogou web spider/4.0(+http://www.sogou.com/docs/help/webmasters.htm#07)"
101.226.162.90 - - [14/Mar/2017:04:00:48 +0800] "HEAD / HTTP/1.0" 200 0 "-" "Mozilla/5.0 (compatible; MSIE 7.0; Windows NT 5.1; .NET CLR 1.1.4322) 360JK yunjiankong 517737"
101.226.162.90 - - [14/Mar/2017:04:00:48 +0800] "HEAD / HTTP/1.0" 301 0 "-" "Mozilla/5.0 (compatible; MSIE 7.0; Windows NT 5.1; .NET CLR 1.1.4322) 360JK yunjiankong 517736"
101.226.162.90 - - [14/Mar/2017:04:00:49 +0800] "GET / HTTP/1.1" 200 37242 "-" "Mozilla/5.0 (compatible; MSIE 7.0; Windows NT 5.1; .NET CLR 1.1.4322) 360JK yunjiankong 517736"
123.126.113.83 - - [14/Mar/2017:04:00:59 +0800] "GET /news/xw/1029223J2015.html HTTP/1.1" 200 6949 "-" "Sogou web spider/4.0(+http://www.sogou.com/docs/help/webmasters.htm#07)"
123.126.113.83 - - [14/Mar/2017:04:01:10 +0800] "GET /news/xw/1015NI2015.html HTTP/1.1" 200 9498 "-" "Sogou web spider/4.0(+http://www.sogou.com/docs/help/webmasters.htm#07)"
1.186.165.174 - - [14/Mar/2017:04:01:28 +0800] "GET / HTTP/1.1" 200 37242 "-" "Mozilla/5.0 (Windows NT 6.1; WOW64; rv:40.0) Gecko/20100101 Firefox/40.1"
123.126.113.83 - - [14/Mar/2017:04:01:30 +0800] "GET /news/xw/1015NT2015.html HTTP/1.1" 200 9664 "-" "Sogou web spider/4.0(+http://www.sogou.com/docs/help/webmasters.htm#07)"
123.126.113.83 - - [14/Mar/2017:04:02:00 +0800] "GET /news/xw/1015N632015.html HTTP/1.1" 200 9068 "-" "Sogou web spider/4.0(+http://www.sogou.com/docs/help/webmasters.htm#07)"
220.181.108.112 - - [14/Mar/2017:04:02:11 +0800] "GET /news/xw/1026195Q2015.html HTTP/1.1" 200 18588 "-" "Mozilla/5.0 (compatible; Baiduspider/2.0; +http://www.baidu.com/search/spider.html)"
123.126.113.83 - - [14/Mar/2017:04:02:20 +0800] "GET /news/xw/1015N542015.html HTTP/1.1" 200 8925 "-" "Sogou web spider/4.0(+http://www.sogou.com/docs/help/webmasters.htm#07)"
123.126.113.83 - - [14/Mar/2017:04:02:40 +0800] "GET /news/xw/1015O362015.html HTTP/1.1" 200 9249 "-" "Sogou web spider/4.0(+http://www.sogou.com/docs/help/webmasters.htm#07)"
123.126.113.83 - - [14/Mar/2017:04:02:50 +0800] "GET /news/xw/1015N552015.html HTTP/1.1" 200 10528 "-" "Sogou web spider/4.0(+http://www.sogou.com/docs/help/webmasters.htm#07)"
125.88.222.250 - - [14/Mar/2017:04:03:16 +0800] "HEAD / HTTP/1.0" 301 0 "-" "Mozilla/5.0 (compatible; MSIE 7.0; Windows NT 5.1; .NET CLR 1.1.4322) 360JK yunjiankong 517736"
125.88.222.250 - - [14/Mar/2017:04:03:17 +0800] "GET / HTTP/1.1" 200 37242 "-" "Mozilla/5.0 (compatible; MSIE 7.0; Windows NT 5.1; .NET CLR 1.1.4322) 360JK yunjiankong 517736"
123.126.113.83 - - [14/Mar/2017:04:03:20 +0800] "GET /news/xw/1029225292015.html HTTP/1.1" 200 7708 "-" "Sogou web spider/4.0(+http://www.sogou.com/docs/help/webmasters.htm#07)"
123.126.113.83 - - [14/Mar/2017:04:03:40 +0800] "GET /news/xw/1015P4H015.html HTTP/1.1" 200 12474 "-" "Sogou web spider/4.0(+http://www.sogou.com/docs/help/webmasters.htm#07)"
125.88.222.250 - - [14/Mar/2017:04:03:43 +0800] "HEAD / HTTP/1.0" 200 0 "-" "Mozilla/5.0 (compatible; MSIE 7.0; Windows NT 5.1; .NET CLR 1.1.4322) 360JK yunjiankong 517737"
59.37.97.100 - - [14/Mar/2017:04:03:48 +0800] "GET / HTTP/1.1" 200 37242 "-" "-"
123.126.113.83 - - [14/Mar/2017:04:04:00 +0800] "GET /news/xw/1015P452015.html HTTP/1.1" 200 8446 "-" "Sogou web spider/4.0(+http://www.sogou.com/docs/help/webmasters.htm#07)"
123.126.113.83 - - [14/Mar/2017:04:04:20 +0800] "GET /news/xw/1029225262015.html HTTP/1.1" 200 7443 "-" "Sogou web spider/4.0(+http://www.sogou.com/docs/help/webmasters.htm#07)"
123.126.113.83 - - [14/Mar/2017:04:04:30 +0800] "GET /news/xw/1029225252015.html HTTP/1.1" 200 7418 "-" "Sogou web spider/4.0(+http://www.sogou.com/docs/help/webmasters.htm#07)"
121.40.130.38 - - [14/Mar/2017:04:04:38 +0800] "GET / HTTP/1.1" 200 37242 "-" "Mozilla/5.0 (compatible; MSIE 9.0; Windows NT 6.1; Win64; x64; Trident/5.0)"
123.126.113.83 - - [14/Mar/2017:04:04:50 +0800] "GET /news/xw/102922B12015.html HTTP/1.1" 200 7375 "-" "Sogou web spider/4.0(+http://www.sogou.com/docs/help/webmasters.htm#07)"
111.206.241.76 - - [14/Mar/2017:04:05:05 +0800] "GET / HTTP/1.1" 200 37242 "-" "Mozilla/5.0 (compatible; MSIE 7.0; Windows NT 5.1; .NET CLR 1.1.4322) 360JK yunjiankong 517736"
123.126.113.83 - - [14/Mar/2017:04:05:20 +0800] "GET /news/xw/1015NN2015.html HTTP/1.1" 200 8239 "-" "Sogou web spider/4.0(+http://www.sogou.com/docs/help/webmasters.htm#07)"
125.88.223.58 - - [14/Mar/2017:04:05:21 +0800] "GET / HTTP/1.1" 200 37242 "-" "Mozilla/5.0 (compatible; MSIE 7.0; Windows NT 5.1; .NET CLR 1.1.4322) 360JK yunjiankong 1094850"
125.88.223.58 - - [14/Mar/2017:04:05:29 +0800] "HEAD / HTTP/1.0" 200 0 "-" "Mozilla/5.0 (compatible; MSIE 7.0; Windows NT 5.1; .NET CLR 1.1.4322) 360JK yunjiankong 517735"
123.126.113.83 - - [14/Mar/2017:04:05:30 +0800] "GET /news/xw/list_37_1463.html HTTP/1.1" 200 7118 "-" "Sogou web spider/4.0(+http://www.sogou.com/docs/help/webmasters.htm#07)"
171.38.177.164 - - [14/Mar/2017:04:05:47 +0800] "GET / HTTP/1.1" 200 9905 "http://www.51wangdai.com/" "Mozilla/5.0 (Windows NT 10.0; WOW64) AppleWebKit/537.36 (KHTML, like Gecko) Chrome/47.0.2526.108 Safari/537.36 2345Explorer/7.2.0.12990"
101.226.162.90 - - [14/Mar/2017:04:05:48 +0800] "HEAD / HTTP/1.0" 200 0 "-" "Mozilla/5.0 (compatible; MSIE 7.0; Windows NT 5.1; .NET CLR 1.1.4322) 360JK yunjiankong 517737"
171.38.177.164 - - [14/Mar/2017:04:05:48 +0800] "GET /ajaxUser.html HTTP/1.1" 200 263 "https://www.yilonghc.cn/" "Mozilla/5.0 (Windows NT 10.0; WOW64) AppleWebKit/537.36 (KHTML, like Gecko) Chrome/47.0.2526.108 Safari/537.36 2345Explorer/7.2.0.12990"
171.38.177.164 - - [14/Mar/2017:04:05:49 +0800] "GET /itemlist/disperse.html?front=True HTTP/1.1" 200 1129 "https://www.yilonghc.cn/" "Mozilla/5.0 (Windows NT 10.0; WOW64) AppleWebKit/537.36 (KHTML, like Gecko) Chrome/47.0.2526.108 Safari/537.36 2345Explorer/7.2.0.12990"
123.126.113.83 - - [14/Mar/2017:04:06:00 +0800] "GET /news/xw/1015P062015.html HTTP/1.1" 200 8751 "-" "Sogou web spider/4.0(+http://www.sogou.com/docs/help/webmasters.htm#07)"
111.206.61.180 - - [14/Mar/2017:04:06:03 +0800] "GET / HTTP/1.1" 200 37242 "-" "Mozilla/5.0 (compatible; MSIE 7.0; Windows NT 5.1; .NET CLR 1.1.4322) 360JK yunjiankong 1094850"
171.38.177.164 - - [14/Mar/2017:04:06:18 +0800] "GET /uc-login.html HTTP/1.1" 200 7390 "https://www.yilonghc.cn/" "Mozilla/5.0 (Windows NT 10.0; WOW64) AppleWebKit/537.36 (KHTML, like Gecko) Chrome/47.0.2526.108 Safari/537.36 2345Explorer/7.2.0.12990"
171.38.177.164 - - [14/Mar/2017:04:06:19 +0800] "GET /statics/front/js/index.js HTTP/1.1" 200 4555 "https://www.yilonghc.cn/uc-login.html" "Mozilla/5.0 (Windows NT 10.0; WOW64) AppleWebKit/537.36 (KHTML, like Gecko) Chrome/47.0.2526.108 Safari/537.36 2345Explorer/7.2.0.12990"
171.38.177.164 - - [14/Mar/2017:04:06:19 +0800] "GET /getVerityCode?t=1489435578 HTTP/1.1" 200 1224 "https://www.yilonghc.cn/uc-login.html" "Mozilla/5.0 (Windows NT 10.0; WOW64) AppleWebKit/537.36 (KHTML, like Gecko) Chrome/47.0.2526.108 Safari/537.36 2345Explorer/7.2.0.12990"
123.126.113.83 - - [14/Mar/2017:04:06:20 +0800] "GET /news/xw/1015P122015.html HTTP/1.1" 200 7482 "-" "Sogou web spider/4.0(+http://www.sogou.com/docs/help/webmasters.htm#07)"
171.38.177.164 - - [14/Mar/2017:04:06:20 +0800] "GET /statics/front/js/com.js.js HTTP/1.1" 200 9882 "https://www.yilonghc.cn/uc-login.html" "Mozilla/5.0 (Windows NT 10.0; WOW64) AppleWebKit/537.36 (KHTML, like Gecko) Chrome/47.0.2526.108 Safari/537.36 2345Explorer/7.2.0.12990"
171.38.177.164 - - [14/Mar/2017:04:06:20 +0800] "GET /ajaxUser.html HTTP/1.1" 200 263 "https://www.yilonghc.cn/uc-login.html" "Mozilla/5.0 (Windows NT 10.0; WOW64) AppleWebKit/537.36 (KHTML, like Gecko) Chrome/47.0.2526.108 Safari/537.36 2345Explorer/7.2.0.12990"
125.88.223.58 - - [14/Mar/2017:04:06:30 +0800] "HEAD / HTTP/1.0" 200 0 "-" "Mozilla/5.0 (compatible; MSIE 7.0; Windows NT 5.1; .NET CLR 1.1.4322) 360JK yunjiankong 517735"
123.126.113.83 - - [14/Mar/2017:04:06:40 +0800] "GET /news/xw/102922B32015.html HTTP/1.1" 200 7260 "-" "Sogou web spider/4.0(+http://www.sogou.com/docs/help/webmasters.htm#07)"
94.189.236.228 - - [14/Mar/2017:04:06:47 +0800] "GET /wp-login.php HTTP/1.1" 404 162 "-" "Mozilla/5.0 (Windows NT 6.1; WOW64; rv:40.0) Gecko/20100101 Firefox/40.1"
171.38.177.164 - - [14/Mar/2017:04:06:51 +0800] "GET /uc-login.html HTTP/1.1" 200 7389 "https://www.yilonghc.cn/uc-login.html" "Mozilla/5.0 (Windows NT 10.0; WOW64) AppleWebKit/537.36 (KHTML, like Gecko) Chrome/47.0.2526.108 Safari/537.36 2345Explorer/7.2.0.12990"
171.38.177.164 - - [14/Mar/2017:04:06:52 +0800] "GET /getVerityCode?t=1489435611 HTTP/1.1" 200 1332 "https://www.yilonghc.cn/uc-login.html" "Mozilla/5.0 (Windows NT 10.0; WOW64) AppleWebKit/537.36 (KHTML, like Gecko) Chrome/47.0.2526.108 Safari/537.36 2345Explorer/7.2.0.12990"
171.38.177.164 - - [14/Mar/2017:04:06:52 +0800] "GET /ajaxUser.html HTTP/1.1" 200 263 "https://www.yilonghc.cn/uc-login.html" "Mozilla/5.0 (Windows NT 10.0; WOW64) AppleWebKit/537.36 (KHTML, like Gecko) Chrome/47.0.2526.108 Safari/537.36 2345Explorer/7.2.0.12990"
123.126.113.83 - - [14/Mar/2017:04:07:00 +0800] "GET /news/xw/102922D52015.html HTTP/1.1" 200 7190 "-" "Sogou web spider/4.0(+http://www.sogou.com/docs/help/webmasters.htm#07)"
120.27.47.144 - - [14/Mar/2017:04:07:11 +0800] "GET / HTTP/1.1" 200 37242 "-" "Mozilla/5.0 (compatible; MSIE 9.0; Windows NT 6.1; Win64; x64; Trident/5.0)"
171.38.177.164 - - [14/Mar/2017:04:07:23 +0800] "GET /helpus/login.html HTTP/1.1" 200 6730 "https://www.yilonghc.cn/uc-login.html" "Mozilla/5.0 (Windows NT 10.0; WOW64) AppleWebKit/537.36 (KHTML, like Gecko) Chrome/47.0.2526.108 Safari/537.36 2345Explorer/7.2.0.12990"
171.38.177.164 - - [14/Mar/2017:04:07:23 +0800] "GET /statics/front/js/help.js HTTP/1.1" 200 2618 "https://www.yilonghc.cn/helpus/login.html" "Mozilla/5.0 (Windows NT 10.0; WOW64) AppleWebKit/537.36 (KHTML, like Gecko) Chrome/47.0.2526.108 Safari/537.36 2345Explorer/7.2.0.12990"
171.38.177.164 - - [14/Mar/2017:04:07:24 +0800] "GET /ajaxUser.html HTTP/1.1" 200 263 "https://www.yilonghc.cn/helpus/login.html" "Mozilla/5.0 (Windows NT 10.0; WOW64) AppleWebKit/537.36 (KHTML, like Gecko) Chrome/47.0.2526.108 Safari/537.36 2345Explorer/7.2.0.12990"
123.126.113.83 - - [14/Mar/2017:04:07:30 +0800] "GET /news/xw/1015N422015.html HTTP/1.1" 200 8082 "-" "Sogou web spider/4.0(+http://www.sogou.com/docs/help/webmasters.htm#07)"
123.126.113.83 - - [14/Mar/2017:04:07:50 +0800] "GET /news/xw/1015P362015.html HTTP/1.1" 200 7070 "-" "Sogou web spider/4.0(+http://www.sogou.com/docs/help/webmasters.htm#07)"
171.38.177.164 - - [14/Mar/2017:04:07:55 +0800] "GET /helpus/money.html HTTP/1.1" 200 6367 "https://www.yilonghc.cn/helpus/login.html" "Mozilla/5.0 (Windows NT 10.0; WOW64) AppleWebKit/537.36 (KHTML, like Gecko) Chrome/47.0.2526.108 Safari/537.36 2345Explorer/7.2.0.12990"
171.38.177.164 - - [14/Mar/2017:04:07:56 +0800] "GET /ajaxUser.html HTTP/1.1" 200 263 "https://www.yilonghc.cn/helpus/money.html" "Mozilla/5.0 (Windows NT 10.0; WOW64) AppleWebKit/537.36 (KHTML, like Gecko) Chrome/47.0.2526.108 Safari/537.36 2345Explorer/7.2.0.12990"
123.126.113.83 - - [14/Mar/2017:04:08:00 +0800] "GET /news/xw/1015NG2015.html HTTP/1.1" 200 6898 "-" "Sogou web spider/4.0(+http://www.sogou.com/docs/help/webmasters.htm#07)"
125.88.222.250 - - [14/Mar/2017:04:08:13 +0800] "HEAD / HTTP/1.0" 200 0 "-" "Mozilla/5.0 (compatible; MSIE 7.0; Windows NT 5.1; .NET CLR 1.1.4322) 360JK yunjiankong 517733"
125.88.222.250 - - [14/Mar/2017:04:08:13 +0800] "HEAD / HTTP/1.0" 301 0 "-" "Mozilla/5.0 (compatible; MSIE 7.0; Windows NT 5.1; .NET CLR 1.1.4322) 360JK yunjiankong 517736"
171.38.177.164 - - [14/Mar/2017:04:08:27 +0800] "GET /helpus/index.html HTTP/1.1" 200 5532 "https://www.yilonghc.cn/helpus/money.html" "Mozilla/5.0 (Windows NT 10.0; WOW64) AppleWebKit/537.36 (KHTML, like Gecko) Chrome/47.0.2526.108 Safari/537.36 2345Explorer/7.2.0.12990"
171.38.177.164 - - [14/Mar/2017:04:08:28 +0800] "GET /ajaxUser.html HTTP/1.1" 200 263 "https://www.yilonghc.cn/helpus/index.html" "Mozilla/5.0 (Windows NT 10.0; WOW64) AppleWebKit/537.36 (KHTML, like Gecko) Chrome/47.0.2526.108 Safari/537.36 2345Explorer/7.2.0.12990"
123.126.113.83 - - [14/Mar/2017:04:08:30 +0800] "GET /news/201601/6NCc70PAvx7VnyIYZw.html HTTP/1.1" 200 5436 "-" "Sogou web spider/4.0(+http://www.sogou.com/docs/help/webmasters.htm#07)"
123.125.71.12 - - [14/Mar/2017:04:08:36 +0800] "GET /news_/dongtai.html HTTP/1.0" 301 178 "-" "Mozilla/5.0 (compatible; Baiduspider/2.0; +http://www.baidu.com/search/spider.html)"
123.125.71.87 - - [14/Mar/2017:04:08:37 +0800] "GET /news_/dongtai.html HTTP/1.1" 200 17222 "-" "Mozilla/5.0 (compatible; Baiduspider/2.0; +http://www.baidu.com/search/spider.html)"
123.126.113.83 - - [14/Mar/2017:04:08:50 +0800] "GET /news/201601/v4XJvRKTvU3VnyIaaQ.html HTTP/1.1" 200 5150 "-" "Sogou web spider/4.0(+http://www.sogou.com/docs/help/webmasters.htm#07)"
31.223.138.153 - - [14/Mar/2017:04:08:50 +0800] "GET /wp-login.php HTTP/1.1" 404 162 "-" "Mozilla/5.0 (Windows NT 6.1; WOW64; rv:40.0) Gecko/20100101 Firefox/40.1"
31.223.138.153 - - [14/Mar/2017:04:08:52 +0800] "GET / HTTP/1.1" 200 37242 "-" "Mozilla/5.0 (Windows NT 6.1; WOW64; rv:40.0) Gecko/20100101 Firefox/40.1"
123.126.113.83 - - [14/Mar/2017:04:09:10 +0800] "GET /news/201602/79PNu0OVux3dnCMZbng.html HTTP/1.1" 200 6855 "-" "Sogou web spider/4.0(+http://www.sogou.com/docs/help/webmasters.htm#07)"
123.126.113.83 - - [14/Mar/2017:04:09:20 +0800] "GET /news/xw/10292233H015.html HTTP/1.1" 200 6799 "-" "Sogou web spider/4.0(+http://www.sogou.com/docs/help/webmasters.htm#07)"
123.126.113.83 - - [14/Mar/2017:04:09:30 +0800] "GET /news/xw/1029222462015.html HTTP/1.1" 200 6936 "-" "Sogou web spider/4.0(+http://www.sogou.com/docs/help/webmasters.htm#07)"
123.126.113.83 - - [14/Mar/2017:04:09:50 +0800] "GET /news/xw/1029223O2015.html HTTP/1.1" 200 6938 "-" "Sogou web spider/4.0(+http://www.sogou.com/docs/help/webmasters.htm#07)"
112.126.74.55 - - [14/Mar/2017:04:10:10 +0800] "GET / HTTP/1.1" 200 37242 "-" "Mozilla/5.0 (compatible; MSIE 9.0; Windows NT 6.1; Win64; x64; Trident/5.0)"
123.126.113.83 - - [14/Mar/2017:04:10:20 +0800] "GET /news/xw/1029221S2015.html HTTP/1.1" 200 6799 "-" "Sogou web spider/4.0(+http://www.sogou.com/docs/help/webmasters.htm#07)"
123.126.113.83 - - [14/Mar/2017:04:10:40 +0800] "GET /news/xw/10292221R015.html HTTP/1.1" 200 6777 "-" "Sogou web spider/4.0(+http://www.sogou.com/docs/help/webmasters.htm#07)"
101.226.162.90 - - [14/Mar/2017:04:10:48 +0800] "HEAD / HTTP/1.0" 200 0 "-" "Mozilla/5.0 (compatible; MSIE 7.0; Windows NT 5.1; .NET CLR 1.1.4322) 360JK yunjiankong 517737"
101.226.162.90 - - [14/Mar/2017:04:10:48 +0800] "HEAD / HTTP/1.0" 301 0 "-" "Mozilla/5.0 (compatible; MSIE 7.0; Windows NT 5.1; .NET CLR 1.1.4322) 360JK yunjiankong 517736"
123.126.113.83 - - [14/Mar/2017:04:10:50 +0800] "GET /news/xw/1029221Q2015.html HTTP/1.1" 200 6844 "-" "Sogou web spider/4.0(+http://www.sogou.com/docs/help/webmasters.htm#07)"
123.126.113.83 - - [14/Mar/2017:04:11:10 +0800] "GET /news/xw/1015NU2015.html HTTP/1.1" 200 9204 "-" "Sogou web spider/4.0(+http://www.sogou.com/docs/help/webmasters.htm#07)"
123.126.113.83 - - [14/Mar/2017:04:11:40 +0800] "GET /news/xw/1015MF2015.html HTTP/1.1" 200 10196 "-" "Sogou web spider/4.0(+http://www.sogou.com/docs/help/webmasters.htm#07)"
123.126.113.83 - - [14/Mar/2017:04:11:50 +0800] "GET /news/xw/1015R412015.html HTTP/1.1" 200 8445 "-" "Sogou web spider/4.0(+http://www.sogou.com/docs/help/webmasters.htm#07)"
66.249.64.128 - - [14/Mar/2017:04:11:54 +0800] "GET / HTTP/1.1" 200 9909 "-" "Mozilla/5.0 (Linux; Android 6.0.1; Nexus 5X Build/MMB29P) AppleWebKit/537.36 (KHTML, like Gecko) Chrome/41.0.2272.96 Mobile Safari/537.36 (compatible; Googlebot/2.1; +http://www.google.com/bot.html)"
123.126.113.83 - - [14/Mar/2017:04:12:00 +0800] "GET /news/xw/1015QK2015.html HTTP/1.1" 200 8910 "-" "Sogou web spider/4.0(+http://www.sogou.com/docs/help/webmasters.htm#07)"
123.126.113.83 - - [14/Mar/2017:04:12:30 +0800] "GET /news/201512/6NXIvxaQukrZnCUbaA.html HTTP/1.1" 200 5387 "-" "Sogou web spider/4.0(+http://www.sogou.com/docs/help/webmasters.htm#07)"
123.126.113.83 - - [14/Mar/2017:04:12:50 +0800] "GET /news/201603/udedu0WX6EjdnyUSbXk.html HTTP/1.1" 200 5298 "-" "Sogou web spider/4.0(+http://www.sogou.com/docs/help/webmasters.htm#07)"
89.78.64.222 - - [14/Mar/2017:04:13:08 +0800] "GET /wp-login.php HTTP/1.1" 404 162 "-" "Mozilla/5.0 (Windows NT 6.1; WOW64; rv:40.0) Gecko/20100101 Firefox/40.1"
123.126.113.83 - - [14/Mar/2017:04:13:10 +0800] "GET /news/zl/ HTTP/1.1" 200 6869 "-" "Sogou web spider/4.0(+http://www.sogou.com/docs/help/webmasters.htm#07)"
66.235.90.192 - - [14/Mar/2017:04:13:11 +0800] "GET /wp-login.php HTTP/1.1" 404 162 "-" "Mozilla/5.0 (Windows NT 6.1; WOW64; rv:40.0) Gecko/20100101 Firefox/40.1"
66.235.90.192 - - [14/Mar/2017:04:13:13 +0800] "GET / HTTP/1.1" 200 37242 "-" "Mozilla/5.0 (Windows NT 6.1; WOW64; rv:40.0) Gecko/20100101 Firefox/40.1"
125.88.222.250 - - [14/Mar/2017:04:13:13 +0800] "HEAD / HTTP/1.0" 200 0 "-" "Mozilla/5.0 (compatible; MSIE 7.0; Windows NT 5.1; .NET CLR 1.1.4322) 360JK yunjiankong 517733"
123.126.113.83 - - [14/Mar/2017:04:13:31 +0800] "GET /news/201601/7tLOukOS60vVmCkSbw.html HTTP/1.1" 200 5138 "-" "Sogou web spider/4.0(+http://www.sogou.com/docs/help/webmasters.htm#07)"
123.126.113.83 - - [14/Mar/2017:04:14:11 +0800] "GET /news/201601/64PJuxSQvEzVniEeag.html HTTP/1.1" 200 5276 "-" "Sogou web spider/4.0(+http://www.sogou.com/docs/help/webmasters.htm#07)"
121.40.130.38 - - [14/Mar/2017:04:14:38 +0800] "GET / HTTP/1.1" 200 37242 "-" "Mozilla/5.0 (compatible; MSIE 9.0; Windows NT 6.1; Win64; x64; Trident/5.0)"
111.206.241.76 - - [14/Mar/2017:04:15:05 +0800] "HEAD / HTTP/1.0" 301 0 "-" "Mozilla/5.0 (compatible; MSIE 7.0; Windows NT 5.1; .NET CLR 1.1.4322) 360JK yunjiankong 517736"
111.206.241.76 - - [14/Mar/2017:04:15:06 +0800] "GET / HTTP/1.1" 200 37242 "-" "Mozilla/5.0 (compatible; MSIE 7.0; Windows NT 5.1; .NET CLR 1.1.4322) 360JK yunjiankong 517736"
1.175.63.173 - - [14/Mar/2017:04:15:12 +0800] "GET /wp-login.php HTTP/1.1" 404 162 "-" "Mozilla/5.0 (Windows NT 6.1; WOW64; rv:40.0) Gecko/20100101 Firefox/40.1"
87.65.254.166 - - [14/Mar/2017:04:15:50 +0800] "GET / HTTP/1.1" 200 37242 "-" "Mozilla/5.0 (Windows NT 6.1; WOW64; rv:40.0) Gecko/20100101 Firefox/40.1"
101.226.162.90 - - [14/Mar/2017:04:15:51 +0800] "GET / HTTP/1.1" 200 37242 "-" "Mozilla/5.0 (compatible; MSIE 7.0; Windows NT 5.1; .NET CLR 1.1.4322) 360JK yunjiankong 517736"
101.226.162.90 - - [14/Mar/2017:04:15:56 +0800] "HEAD / HTTP/1.0" 200 0 "-" "Mozilla/5.0 (compatible; MSIE 7.0; Windows NT 5.1; .NET CLR 1.1.4322) 360JK yunjiankong 517737"
223.99.170.16 - - [14/Mar/2017:04:16:25 +0800] "GET / HTTP/1.1" 200 9905 "-" "Mozilla/5.0 (X11; Linux x86_64; rv:2.2a1pre) Gecko/20110324 Firefox/4.2a1pre"
125.88.223.58 - - [14/Mar/2017:04:16:42 +0800] "HEAD / HTTP/1.0" 200 0 "-" "Mozilla/5.0 (compatible; MSIE 7.0; Windows NT 5.1; .NET CLR 1.1.4322) 360JK yunjiankong 517735"
120.27.47.144 - - [14/Mar/2017:04:17:08 +0800] "GET / HTTP/1.1" 200 37242 "-" "Mozilla/5.0 (compatible; MSIE 9.0; Windows NT 6.1; Win64; x64; Trident/5.0)"
125.88.222.250 - - [14/Mar/2017:04:18:12 +0800] "HEAD / HTTP/1.0" 200 0 "-" "Mozilla/5.0 (compatible; MSIE 7.0; Windows NT 5.1; .NET CLR 1.1.4322) 360JK yunjiankong 517733"
125.88.222.250 - - [14/Mar/2017:04:18:44 +0800] "HEAD / HTTP/1.0" 200 0 "-" "Mozilla/5.0 (compatible; MSIE 7.0; Windows NT 5.1; .NET CLR 1.1.4322) 360JK yunjiankong 517737"
61.138.102.210 - - [14/Mar/2017:04:19:24 +0800] "GET / HTTP/1.1" 200 37242 "-" "Mozilla/5.0 (Windows NT 6.1; WOW64; rv:40.0) Gecko/20100101 Firefox/40.1"
220.181.51.109 - - [14/Mar/2017:04:19:26 +0800] "GET /news/xw/1023153032015.html HTTP/1.0" 301 178 "-" "Mozilla/5.0 (iPhone; CPU iPhone OS 9_1 like Mac OS X) AppleWebKit/601.1.46 (KHTML, like Gecko) Version/9.0 Mobile/13B143 Safari/601.1"
220.181.108.170 - - [14/Mar/2017:04:19:27 +0800] "GET /statics/bootstrap/css/bootstrap.min.css HTTP/1.0" 301 178 "http://www.yilonghc.cn/news/xw/1023153032015.html" "Mozilla/5.0 (iPhone; CPU iPhone OS 9_1 like Mac OS X) AppleWebKit/601.1.46 (KHTML, like Gecko) Version/9.0 Mobile/13B143 Safari/601.1"
220.181.108.187 - - [14/Mar/2017:04:19:27 +0800] "GET /statics/jquery-validation/validation.css HTTP/1.0" 301 178 "http://www.yilonghc.cn/news/xw/1023153032015.html" "Mozilla/5.0 (iPhone; CPU iPhone OS 9_1 like Mac OS X) AppleWebKit/601.1.46 (KHTML, like Gecko) Version/9.0 Mobile/13B143 Safari/601.1"
220.181.108.111 - - [14/Mar/2017:04:19:27 +0800] "GET /statics/jquery-validation/dist/localization/messages_zh.js HTTP/1.0" 301 178 "http://www.yilonghc.cn/news/xw/1023153032015.html" "Mozilla/5.0 (iPhone; CPU iPhone OS 9_1 like Mac OS X) AppleWebKit/601.1.46 (KHTML, like Gecko) Version/9.0 Mobile/13B143 Safari/601.1"
220.181.108.180 - - [14/Mar/2017:04:19:27 +0800] "GET /statics/cbox/css/colorbox.css HTTP/1.1" 404 162 "http://www.yilonghc.cn/news/xw/1023153032015.html" "Mozilla/5.0 (iPhone; CPU iPhone OS 9_1 like Mac OS X) AppleWebKit/601.1.46 (KHTML, like Gecko) Version/9.0 Mobile/13B143 Safari/601.1"
123.125.71.100 - - [14/Mar/2017:04:19:27 +0800] "GET /statics/jquery-validation/validation.css HTTP/1.1" 404 162 "http://www.yilonghc.cn/news/xw/1023153032015.html" "Mozilla/5.0 (iPhone; CPU iPhone OS 9_1 like Mac OS X) AppleWebKit/601.1.46 (KHTML, like Gecko) Version/9.0 Mobile/13B143 Safari/601.1"
220.181.108.118 - - [14/Mar/2017:04:19:27 +0800] "GET /statics/js/xcConfirm.js HTTP/1.0" 301 178 "http://www.yilonghc.cn/news/xw/1023153032015.html" "Mozilla/5.0 (iPhone; CPU iPhone OS 9_1 like Mac OS X) AppleWebKit/601.1.46 (KHTML, like Gecko) Version/9.0 Mobile/13B143 Safari/601.1"
220.181.108.119 - - [14/Mar/2017:04:19:27 +0800] "GET /statics/bootstrap/js/bootstrap.min.js HTTP/1.1" 404 162 "http://www.yilonghc.cn/news/xw/1023153032015.html" "Mozilla/5.0 (iPhone; CPU iPhone OS 9_1 like Mac OS X) AppleWebKit/601.1.46 (KHTML, like Gecko) Version/9.0 Mobile/13B143 Safari/601.1"
123.125.71.94 - - [14/Mar/2017:04:19:28 +0800] "GET /statics/jquery-validation/dist/localization/messages_zh.js HTTP/1.1" 404 162 "http://www.yilonghc.cn/news/xw/1023153032015.html" "Mozilla/5.0 (iPhone; CPU iPhone OS 9_1 like Mac OS X) AppleWebKit/601.1.46 (KHTML, like Gecko) Version/9.0 Mobile/13B143 Safari/601.1"
220.181.108.75 - - [14/Mar/2017:04:19:28 +0800] "GET /statics/js/validate.common.js?v20150323 HTTP/1.1" 404 162 "http://www.yilonghc.cn/news/xw/1023153032015.html" "Mozilla/5.0 (iPhone; CPU iPhone OS 9_1 like Mac OS X) AppleWebKit/601.1.46 (KHTML, like Gecko) Version/9.0 Mobile/13B143 Safari/601.1"
220.181.108.121 - - [14/Mar/2017:04:19:28 +0800] "GET /statics/js/xcConfirm.js HTTP/1.1" 404 162 "http://www.yilonghc.cn/news/xw/1023153032015.html" "Mozilla/5.0 (iPhone; CPU iPhone OS 9_1 like Mac OS X) AppleWebKit/601.1.46 (KHTML, like Gecko) Version/9.0 Mobile/13B143 Safari/601.1"
220.181.108.182 - - [14/Mar/2017:04:19:28 +0800] "GET /statics/js/xcConfirm.js HTTP/1.1" 404 162 "http://www.yilonghc.cn/news/xw/1023153032015.html" "Mozilla/5.0 (iPhone; CPU iPhone OS 9_1 like Mac OS X) AppleWebKit/601.1.46 (KHTML, like Gecko) Version/9.0 Mobile/13B143 Safari/601.1"
220.181.108.108 - - [14/Mar/2017:04:19:28 +0800] "GET /plus/cmsidea.count.php?view=yes&aid=15303&mid=0 HTTP/1.1" 404 162 "http://www.yilonghc.cn/news/xw/1023153032015.html" "Mozilla/5.0 (iPhone; CPU iPhone OS 9_1 like Mac OS X) AppleWebKit/601.1.46 (KHTML, like Gecko) Version/9.0 Mobile/13B143 Safari/601.1"
220.181.108.104 - - [14/Mar/2017:04:19:29 +0800] "OPTIONS /User/Ajax?action=erweima&date=http://www.yilonghc.cn/news/xw/1023153032015.html HTTP/1.1" 404 14753 "http://www.yilonghc.cn/news/xw/1023153032015.html" "Mozilla/5.0 (iPhone; CPU iPhone OS 9_1 like Mac OS X) AppleWebKit/601.1.46 (KHTML, like Gecko) Version/9.0 Mobile/13B143 Safari/601.1"
112.126.74.55 - - [14/Mar/2017:04:20:09 +0800] "GET / HTTP/1.1" 200 37242 "-" "Mozilla/5.0 (compatible; MSIE 9.0; Windows NT 6.1; Win64; x64; Trident/5.0)"
101.226.162.90 - - [14/Mar/2017:04:20:48 +0800] "HEAD / HTTP/1.0" 301 0 "-" "Mozilla/5.0 (compatible; MSIE 7.0; Windows NT 5.1; .NET CLR 1.1.4322) 360JK yunjiankong 517736"
120.27.47.144 - - [14/Mar/2017:04:21:39 +0800] "GET / HTTP/1.1" 200 37242 "-" "Mozilla/5.0 (compatible; MSIE 9.0; Windows NT 6.1; Win64; x64; Trident/5.0)"
172.58.107.57 - - [14/Mar/2017:04:22:03 +0800] "HEAD / HTTP/1.0" 301 0 "-" "Mozilla/5.0 (Linux; Android 5.1.1; Nexus 5 Build/LMY48B; wv) AppleWebKit/537.36 (KHTML, like Gecko) Version/4.0 Chrome/43.0.2357.65 Mobile Safari/537.36"
172.58.107.57 - - [14/Mar/2017:04:22:08 +0800] "GET / HTTP/1.1" 200 9905 "-" "Mozilla/5.0 (Linux; Android 5.1.1; Nexus 5 Build/LMY48B; wv) AppleWebKit/537.36 (KHTML, like Gecko) Version/4.0 Chrome/43.0.2357.65 Mobile Safari/537.36"
125.88.222.250 - - [14/Mar/2017:04:23:11 +0800] "HEAD / HTTP/1.0" 200 0 "-" "Mozilla/5.0 (compatible; MSIE 7.0; Windows NT 5.1; .NET CLR 1.1.4322) 360JK yunjiankong 517733"
125.88.222.250 - - [14/Mar/2017:04:23:11 +0800] "HEAD / HTTP/1.0" 301 0 "-" "Mozilla/5.0 (compatible; MSIE 7.0; Windows NT 5.1; .NET CLR 1.1.4322) 360JK yunjiankong 517736"
125.88.222.250 - - [14/Mar/2017:04:23:12 +0800] "GET / HTTP/1.1" 200 37242 "-" "Mozilla/5.0 (compatible; MSIE 7.0; Windows NT 5.1; .NET CLR 1.1.4322) 360JK yunjiankong 517736"
125.88.222.250 - - [14/Mar/2017:04:23:43 +0800] "HEAD / HTTP/1.0" 200 0 "-" "Mozilla/5.0 (compatible; MSIE 7.0; Windows NT 5.1; .NET CLR 1.1.4322) 360JK yunjiankong 517737"
125.88.222.250 - - [14/Mar/2017:04:23:50 +0800] "HEAD / HTTP/1.0" 200 0 "-" "Mozilla/5.0 (compatible; MSIE 7.0; Windows NT 5.1; .NET CLR 1.1.4322) 360JK yunjiankong 517733"
125.88.222.250 - - [14/Mar/2017:04:23:50 +0800] "HEAD / HTTP/1.0" 301 0 "-" "Mozilla/5.0 (compatible; MSIE 7.0; Windows NT 5.1; .NET CLR 1.1.4322) 360JK yunjiankong 517736"
125.88.222.250 - - [14/Mar/2017:04:23:51 +0800] "GET / HTTP/1.1" 200 37242 "-" "Mozilla/5.0 (compatible; MSIE 7.0; Windows NT 5.1; .NET CLR 1.1.4322) 360JK yunjiankong 517736"
123.125.71.50 - - [14/Mar/2017:04:24:05 +0800] "GET /news/xw/10159D92015.html HTTP/1.1" 200 27086 "-" "Mozilla/5.0 (compatible; Baiduspider/2.0; +http://www.baidu.com/search/spider.html)"
46.229.164.101 - - [14/Mar/2017:04:24:47 +0800] "GET /robots.txt HTTP/1.0" 404 162 "-" "Mozilla/5.0 (compatible; SemrushBot/1.2~bl; +http://www.semrush.com/bot.html)"
101.226.162.90 - - [14/Mar/2017:04:24:53 +0800] "GET / HTTP/1.1" 200 37242 "-" "Mozilla/5.0 (compatible; MSIE 7.0; Windows NT 5.1; .NET CLR 1.1.4322) 360JK yunjiankong 1094850"
111.206.241.76 - - [14/Mar/2017:04:25:05 +0800] "HEAD / HTTP/1.0" 200 0 "-" "Mozilla/5.0 (compatible; MSIE 7.0; Windows NT 5.1; .NET CLR 1.1.4322) 360JK yunjiankong 517737"
112.126.74.55 - - [14/Mar/2017:04:25:09 +0800] "GET / HTTP/1.1" 200 37242 "-" "Mozilla/5.0 (compatible; MSIE 9.0; Windows NT 6.1; Win64; x64; Trident/5.0)"
111.206.61.180 - - [14/Mar/2017:04:26:02 +0800] "GET / HTTP/1.1" 200 37242 "-" "Mozilla/5.0 (compatible; MSIE 7.0; Windows NT 5.1; .NET CLR 1.1.4322) 360JK yunjiankong 1094850"
114.99.24.190 - - [14/Mar/2017:04:26:43 +0800] "GET /news/xw/1029232452015.html HTTP/1.0" 301 178 "http://www.yilonghc.cn/news/xw/1029232452015.html" "Mozilla/5.0 (iphone; U; CPU iPhone OS 4_3_5 like Mac OS X; zh-cn) AppleWebKit/533.17.9 (KHTML, like Gecko) Version/5.0.2 Mobile/8J2 Safari/6533.18.5"
114.99.24.190 - - [14/Mar/2017:04:26:44 +0800] "GET /statics/bootstrap/css/bootstrap.min.css HTTP/1.1" 404 162 "https://www.yilonghc.cn/news/xw/1029232452015.html" "Mozilla/5.0 (iPhone; U; CPU iPhone OS 4_2_1 like Mac OS X; en-us) AppleWebKit/533.17.9 (KHTML, like Gecko) Version/5.0.2 Mobile/8C148 Safari/6533.18.5"
114.99.24.190 - - [14/Mar/2017:04:26:44 +0800] "GET /statics/jquery-validation/validation.css HTTP/1.1" 404 162 "https://www.yilonghc.cn/news/xw/1029232452015.html" "Mozilla/5.0 (iPhone; U; CPU iPhone OS 4_2_1 like Mac OS X; en-us) AppleWebKit/533.17.9 (KHTML, like Gecko) Version/5.0.2 Mobile/8C148 Safari/6533.18.5"
114.99.24.190 - - [14/Mar/2017:04:26:44 +0800] "GET /statics/cbox/css/colorbox.css HTTP/1.1" 404 162 "https://www.yilonghc.cn/news/xw/1029232452015.html" "Mozilla/5.0 (iPhone; U; CPU iPhone OS 4_2_1 like Mac OS X; en-us) AppleWebKit/533.17.9 (KHTML, like Gecko) Version/5.0.2 Mobile/8C148 Safari/6533.18.5"
114.99.24.190 - - [14/Mar/2017:04:26:44 +0800] "GET /statics/bootstrap/js/bootstrap.min.js HTTP/1.1" 404 162 "https://www.yilonghc.cn/news/xw/1029232452015.html" "Mozilla/5.0 (iPhone; U; CPU iPhone OS 4_2_1 like Mac OS X; en-us) AppleWebKit/533.17.9 (KHTML, like Gecko) Version/5.0.2 Mobile/8C148 Safari/6533.18.5"
114.99.24.190 - - [14/Mar/2017:04:26:44 +0800] "GET /statics/js/common.js?v20150323 HTTP/1.1" 404 162 "https://www.yilonghc.cn/news/xw/1029232452015.html" "Mozilla/5.0 (iPhone; U; CPU iPhone OS 4_2_1 like Mac OS X; en-us) AppleWebKit/533.17.9 (KHTML, like Gecko) Version/5.0.2 Mobile/8C148 Safari/6533.18.5"
114.99.24.190 - - [14/Mar/2017:04:26:44 +0800] "GET /plus/cmsidea.count.php?view=yes&aid=23245&mid=0 HTTP/1.1" 404 162 "https://www.yilonghc.cn/news/xw/1029232452015.html" "Mozilla/5.0 (iPhone; U; CPU iPhone OS 4_2_1 like Mac OS X; en-us) AppleWebKit/533.17.9 (KHTML, like Gecko) Version/5.0.2 Mobile/8C148 Safari/6533.18.5"
114.99.24.190 - - [14/Mar/2017:04:26:45 +0800] "GET /statics/jquery/jquery.min.map HTTP/1.1" 304 0 "https://www.yilonghc.cn/news/xw/1029232452015.html" "Mozilla/5.0 (iPhone; U; CPU iPhone OS 4_2_1 like Mac OS X; en-us) AppleWebKit/533.17.9 (KHTML, like Gecko) Version/5.0.2 Mobile/8C148 Safari/6533.18.5"
114.99.24.190 - - [14/Mar/2017:04:26:45 +0800] "GET /User/Ajax HTTP/1.1" 404 5263 "https://www.yilonghc.cn/news/xw/1029232452015.html" "Mozilla/5.0 (iPhone; U; CPU iPhone OS 4_2_1 like Mac OS X; en-us) AppleWebKit/533.17.9 (KHTML, like Gecko) Version/5.0.2 Mobile/8C148 Safari/6533.18.5"
114.99.24.190 - - [14/Mar/2017:04:26:46 +0800] "GET /statics/icon.ico HTTP/1.1" 404 5263 "-" "Mozilla/5.0 (Windows NT 5.1) AppleWebKit/537.36 (KHTML, like Gecko) Chrome/35.0.1870.2 Safari/537.36"
122.246.5.11 - - [14/Mar/2017:04:26:52 +0800] "GET / HTTP/1.1" 200 9909 "-" "Baidu-YunGuanCe-SLABot(ce.baidu.com)"
183.61.236.14 - - [14/Mar/2017:04:26:53 +0800] "GET / HTTP/1.1" 200 9905 "-" "Baidu-YunGuanCe-SLABot(ce.baidu.com)"
5.13.2.144 - - [14/Mar/2017:04:28:23 +0800] "GET /wp-login.php HTTP/1.1" 404 162 "-" "Mozilla/5.0 (Windows NT 6.1; WOW64; rv:40.0) Gecko/20100101 Firefox/40.1"
125.88.222.250 - - [14/Mar/2017:04:29:01 +0800] "HEAD / HTTP/1.0" 200 0 "-" "Mozilla/5.0 (compatible; MSIE 7.0; Windows NT 5.1; .NET CLR 1.1.4322) 360JK yunjiankong 517733"
144.48.0.74 - - [14/Mar/2017:04:29:23 +0800] "GET /wp-login.php HTTP/1.1" 404 162 "-" "Mozilla/5.0 (Windows NT 6.1; WOW64; rv:40.0) Gecko/20100101 Firefox/40.1"
144.48.0.74 - - [14/Mar/2017:04:29:25 +0800] "GET / HTTP/1.1" 200 37242 "-" "Mozilla/5.0 (Windows NT 6.1; WOW64; rv:40.0) Gecko/20100101 Firefox/40.1"
121.40.130.38 - - [14/Mar/2017:04:29:38 +0800] "GET / HTTP/1.1" 200 37242 "-" "Mozilla/5.0 (compatible; MSIE 9.0; Windows NT 6.1; Win64; x64; Trident/5.0)"
111.206.241.76 - - [14/Mar/2017:04:30:10 +0800] "GET / HTTP/1.1" 200 37242 "-" "Mozilla/5.0 (compatible; MSIE 7.0; Windows NT 5.1; .NET CLR 1.1.4322) 360JK yunjiankong 517736"
101.226.162.90 - - [14/Mar/2017:04:30:47 +0800] "HEAD / HTTP/1.0" 200 0 "-" "Mozilla/5.0 (compatible; MSIE 7.0; Windows NT 5.1; .NET CLR 1.1.4322) 360JK yunjiankong 517737"
101.226.162.90 - - [14/Mar/2017:04:30:48 +0800] "GET / HTTP/1.1" 200 37242 "-" "Mozilla/5.0 (compatible; MSIE 7.0; Windows NT 5.1; .NET CLR 1.1.4322) 360JK yunjiankong 517736"
197.214.112.4 - - [14/Mar/2017:04:30:49 +0800] "GET / HTTP/1.1" 200 37242 "-" "Mozilla/5.0 (Windows NT 6.1; WOW64; rv:40.0) Gecko/20100101 Firefox/40.1"
207.46.13.198 - - [14/Mar/2017:04:31:23 +0800] "GET /robots.txt HTTP/1.1" 304 0 "-" "Mozilla/5.0 (compatible; bingbot/2.0; +http://www.bing.com/bingbot.htm)"
123.125.71.76 - - [14/Mar/2017:04:31:49 +0800] "GET /news/201605/4tWb7EaaskjdmCcYa34.html HTTP/1.0" 301 178 "-" "Mozilla/5.0 (compatible; Baiduspider/2.0; +http://www.baidu.com/search/spider.html)"
125.88.222.250 - - [14/Mar/2017:04:34:02 +0800] "HEAD / HTTP/1.0" 301 0 "-" "Mozilla/5.0 (compatible; MSIE 7.0; Windows NT 5.1; .NET CLR 1.1.4322) 360JK yunjiankong 517736"
