123.125.71.86 - - [14/Mar/2017:00:01:08 +0800] "GET /news/xw/1029235642015.html HTTP/1.0" 301 178 "-" "Mozilla/5.0 (compatible; Baiduspider/2.0; +http://www.baidu.com/search/spider.html)"
123.125.71.18 - - [14/Mar/2017:00:01:08 +0800] "GET /news/xw/1029235642015.html HTTP/1.1" 200 21311 "-" "Mozilla/5.0 (compatible; Baiduspider/2.0; +http://www.baidu.com/search/spider.html)"
120.27.47.144 - - [14/Mar/2017:00:01:11 +0800] "GET / HTTP/1.1" 200 37242 "-" "Mozilla/5.0 (compatible; MSIE 9.0; Windows NT 6.1; Win64; x64; Trident/5.0)"
125.88.222.250 - - [14/Mar/2017:00:03:04 +0800] "HEAD / HTTP/1.0" 200 0 "-" "Mozilla/5.0 (compatible; MSIE 7.0; Windows NT 5.1; .NET CLR 1.1.4322) 360JK yunjiankong 517737"
125.88.222.250 - - [14/Mar/2017:00:03:19 +0800] "HEAD / HTTP/1.0" 200 0 "-" "Mozilla/5.0 (compatible; MSIE 7.0; Windows NT 5.1; .NET CLR 1.1.4322) 360JK yunjiankong 517733"
125.88.222.250 - - [14/Mar/2017:00:03:20 +0800] "GET / HTTP/1.1" 200 37242 "-" "Mozilla/5.0 (compatible; MSIE 7.0; Windows NT 5.1; .NET CLR 1.1.4322) 360JK yunjiankong 517736"
211.41.193.28 - - [14/Mar/2017:00:03:24 +0800] "GET /wp-login.php HTTP/1.1" 404 162 "-" "Mozilla/5.0 (Windows NT 6.1; WOW64; rv:40.0) Gecko/20100101 Firefox/40.1"
59.37.97.112 - - [14/Mar/2017:00:03:36 +0800] "GET / HTTP/1.0" 301 178 "http://yilonghc.cn/" "Mozilla/5.0 (X11; Linux x86_64) AppleWebKit/537.36 (KHTML, like Gecko) Chrome/34.0.1847.116 Safari/537.36"
123.126.113.83 - - [14/Mar/2017:00:03:44 +0800] "GET /news/xw/102922T32015.html HTTP/1.1" 200 7608 "-" "Sogou web spider/4.0(+http://www.sogou.com/docs/help/webmasters.htm#07)"
111.94.72.3 - - [14/Mar/2017:00:03:45 +0800] "GET / HTTP/1.1" 200 37242 "-" "Mozilla/5.0 (Windows NT 6.1; WOW64; rv:40.0) Gecko/20100101 Firefox/40.1"
66.249.64.57 - - [14/Mar/2017:00:04:06 +0800] "GET /news/201605/7oXHvhGT6U7dmyIaZng.html HTTP/1.1" 200 6117 "-" "Mozilla/5.0 (compatible; Googlebot/2.1; +http://www.google.com/bot.html)"
123.126.113.83 - - [14/Mar/2017:00:04:24 +0800] "GET /news/201602/4tfJ7BXEv0jdnCMaaXk.html HTTP/1.1" 200 5200 "-" "Sogou web spider/4.0(+http://www.sogou.com/docs/help/webmasters.htm#07)"
123.126.113.83 - - [14/Mar/2017:00:04:34 +0800] "GET /news/xw/102013P02015.html HTTP/1.1" 200 8476 "-" "Sogou web spider/4.0(+http://www.sogou.com/docs/help/webmasters.htm#07)"
101.226.162.90 - - [14/Mar/2017:00:04:54 +0800] "GET / HTTP/1.1" 200 37242 "-" "Mozilla/5.0 (compatible; MSIE 7.0; Windows NT 5.1; .NET CLR 1.1.4322) 360JK yunjiankong 1094850"
111.206.241.76 - - [14/Mar/2017:00:05:07 +0800] "GET / HTTP/1.1" 200 37242 "-" "Mozilla/5.0 (compatible; MSIE 7.0; Windows NT 5.1; .NET CLR 1.1.4322) 360JK yunjiankong 517736"
112.126.74.55 - - [14/Mar/2017:00:05:10 +0800] "GET / HTTP/1.1" 200 37242 "-" "Mozilla/5.0 (compatible; MSIE 9.0; Windows NT 6.1; Win64; x64; Trident/5.0)"
223.241.119.129 - - [14/Mar/2017:00:05:29 +0800] "GET /news/xw/1029232452015.html HTTP/1.0" 301 178 "http://www.yilonghc.cn/news/xw/1029232452015.html" "Mozilla/5.0 (iphone; U; CPU iPhone OS 4_3_5 like Mac OS X; zh-cn) AppleWebKit/533.17.9 (KHTML, like Gecko) Version/5.0.2 Mobile/8J2 Safari/6533.18.5"
202.108.211.56 - - [14/Mar/2017:00:05:45 +0800] "GET / HTTP/1.0" 301 178 "-" "Mozilla/5.0 (Windows NT 6.1; Win64; x64; rv:50.0) Gecko/20100101 Firefox/50.0"
202.108.211.56 - - [14/Mar/2017:00:05:46 +0800] "GET / HTTP/1.1" 200 9910 "-" "Mozilla/5.0 (Windows NT 6.1; Win64; x64; rv:50.0) Gecko/20100101 Firefox/50.0"
223.99.170.16 - - [14/Mar/2017:00:06:16 +0800] "GET / HTTP/1.1" 200 9910 "-" "Mozilla/5.0 (Windows NT 6.1; Win64; x64; rv:2.0b11pre) Gecko/20110131 Firefox/4.0b11pre"
118.199.14.155 - - [14/Mar/2017:00:06:19 +0800] "GET /m/uc/calender.html?appSource=True&msn=wfd11864c438eedf39f21ddbc723b55b04484857 HTTP/1.1" 200 2103 "-" "Mozilla/5.0 (Linux; U; Android 4.2.1; zh-cn; E6mini Build/JOP40D) AppleWebKit/534.30 (KHTML, like Gecko) Version/4.0 Mobile Safari/534.30"
118.199.14.155 - - [14/Mar/2017:00:06:20 +0800] "GET /statics/wechat/js/com.js.js HTTP/1.1" 200 10415 "https://www.yilonghc.cn/m/uc/calender.html?appSource=True&msn=wfd11864c438eedf39f21ddbc723b55b04484857" "Mozilla/5.0 (Linux; U; Android 4.2.1; zh-cn; E6mini Build/JOP40D) AppleWebKit/534.30 (KHTML, like Gecko) Version/4.0 Mobile Safari/534.30"
118.199.14.155 - - [14/Mar/2017:00:06:20 +0800] "GET /statics/wechat/js/jquery-1.11.3.min.js HTTP/1.1" 200 95957 "https://www.yilonghc.cn/m/uc/calender.html?appSource=True&msn=wfd11864c438eedf39f21ddbc723b55b04484857" "Mozilla/5.0 (Linux; U; Android 4.2.1; zh-cn; E6mini Build/JOP40D) AppleWebKit/534.30 (KHTML, like Gecko) Version/4.0 Mobile Safari/534.30"
118.199.14.155 - - [14/Mar/2017:00:06:20 +0800] "GET /statics/com/layer/skin/layer.css HTTP/1.1" 200 11502 "https://www.yilonghc.cn/m/uc/calender.html?appSource=True&msn=wfd11864c438eedf39f21ddbc723b55b04484857" "Mozilla/5.0 (Linux; U; Android 4.2.1; zh-cn; E6mini Build/JOP40D) AppleWebKit/534.30 (KHTML, like Gecko) Version/4.0 Mobile Safari/534.30"
118.199.14.155 - - [14/Mar/2017:00:06:21 +0800] "GET /m/uc/calender.html?appSource=True&msn=wfd11864c438eedf39f21ddbc723b55b04484857&temp=load HTTP/1.1" 200 42 "https://www.yilonghc.cn/m/uc/calender.html?appSource=True&msn=wfd11864c438eedf39f21ddbc723b55b04484857" "Mozilla/5.0 (Linux; U; Android 4.2.1; zh-cn; E6mini Build/JOP40D) AppleWebKit/534.30 (KHTML, like Gecko) Version/4.0 Mobile Safari/534.30"
118.199.14.155 - - [14/Mar/2017:00:06:23 +0800] "GET /m/uc/calender.html?appSource=True&msn=wfd11864c438eedf39f21ddbc723b55b04484857&temp=qd HTTP/1.1" 200 53 "https://www.yilonghc.cn/m/uc/calender.html?appSource=True&msn=wfd11864c438eedf39f21ddbc723b55b04484857" "Mozilla/5.0 (Linux; U; Android 4.2.1; zh-cn; E6mini Build/JOP40D) AppleWebKit/534.30 (KHTML, like Gecko) Version/4.0 Mobile Safari/534.30"
118.199.14.155 - - [14/Mar/2017:00:06:23 +0800] "GET /m/uc/calender.html HTTP/1.1" 200 2105 "-" "Mozilla/5.0 (Linux; U; Android 4.2.1; zh-cn; E6mini Build/JOP40D) AppleWebKit/534.30 (KHTML, like Gecko) Version/4.0 Mobile Safari/534.30"
118.199.14.155 - - [14/Mar/2017:00:06:24 +0800] "GET /m/uc/calender.html?temp=load HTTP/1.1" 200 45 "https://www.yilonghc.cn/m/uc/calender.html" "Mozilla/5.0 (Linux; U; Android 4.2.1; zh-cn; E6mini Build/JOP40D) AppleWebKit/534.30 (KHTML, like Gecko) Version/4.0 Mobile Safari/534.30"
222.168.195.125 - - [14/Mar/2017:00:06:47 +0800] "POST /User/Register HTTP/1.1" 500 4532 "https://www.yilonghc.cn/User/Register" "Mozilla/5.0 (compatible; MSIE 9.0; Windows NT 6.1; Trident/5.0)"
82.6.52.41 - - [14/Mar/2017:00:07:41 +0800] "GET / HTTP/1.1" 200 37242 "-" "Mozilla/5.0 (Windows NT 6.1; WOW64; rv:40.0) Gecko/20100101 Firefox/40.1"
125.88.222.250 - - [14/Mar/2017:00:08:15 +0800] "HEAD / HTTP/1.0" 200 0 "-" "Mozilla/5.0 (compatible; MSIE 7.0; Windows NT 5.1; .NET CLR 1.1.4322) 360JK yunjiankong 517733"
147.102.132.226 - - [14/Mar/2017:00:09:33 +0800] "GET /wp-login.php HTTP/1.1" 404 162 "-" "Mozilla/5.0 (Windows NT 6.1; WOW64; rv:40.0) Gecko/20100101 Firefox/40.1"
147.102.132.226 - - [14/Mar/2017:00:09:41 +0800] "GET / HTTP/1.1" 200 37242 "-" "Mozilla/5.0 (Windows NT 6.1; WOW64; rv:40.0) Gecko/20100101 Firefox/40.1"
111.206.241.76 - - [14/Mar/2017:00:10:05 +0800] "HEAD / HTTP/1.0" 200 0 "-" "Mozilla/5.0 (compatible; MSIE 7.0; Windows NT 5.1; .NET CLR 1.1.4322) 360JK yunjiankong 517737"
111.206.241.76 - - [14/Mar/2017:00:10:05 +0800] "HEAD / HTTP/1.0" 301 0 "-" "Mozilla/5.0 (compatible; MSIE 7.0; Windows NT 5.1; .NET CLR 1.1.4322) 360JK yunjiankong 517736"
111.206.241.76 - - [14/Mar/2017:00:10:06 +0800] "GET / HTTP/1.1" 200 37242 "-" "Mozilla/5.0 (compatible; MSIE 7.0; Windows NT 5.1; .NET CLR 1.1.4322) 360JK yunjiankong 517736"
120.27.47.144 - - [14/Mar/2017:00:11:11 +0800] "GET / HTTP/1.1" 200 37242 "-" "Mozilla/5.0 (compatible; MSIE 9.0; Windows NT 6.1; Win64; x64; Trident/5.0)"
222.168.195.125 - - [14/Mar/2017:00:12:07 +0800] "POST /User/Register HTTP/1.1" 500 4532 "https://www.yilonghc.cn/User/Register" "Mozilla/5.0 (compatible; MSIE 9.0; Windows NT 6.1; Trident/5.0)"
5.15.205.104 - - [14/Mar/2017:00:12:28 +0800] "GET /wp-login.php HTTP/1.1" 404 162 "-" "Mozilla/5.0 (Windows NT 6.1; WOW64; rv:40.0) Gecko/20100101 Firefox/40.1"
5.15.205.104 - - [14/Mar/2017:00:12:29 +0800] "GET / HTTP/1.1" 200 37242 "-" "Mozilla/5.0 (Windows NT 6.1; WOW64; rv:40.0) Gecko/20100101 Firefox/40.1"
66.249.64.191 - - [14/Mar/2017:00:12:33 +0800] "GET /news/201605/udTLuhDH6UzdmCMfbH4.html HTTP/1.1" 200 5687 "-" "Mozilla/5.0 (Linux; Android 6.0.1; Nexus 5X Build/MMB29P) AppleWebKit/537.36 (KHTML, like Gecko) Chrome/41.0.2272.96 Mobile Safari/537.36 (compatible; Googlebot/2.1; +http://www.google.com/bot.html)"
78.151.75.139 - - [14/Mar/2017:00:12:55 +0800] "GET / HTTP/1.1" 200 37242 "-" "Mozilla/5.0 (Windows NT 6.1; WOW64; rv:40.0) Gecko/20100101 Firefox/40.1"
125.88.222.250 - - [14/Mar/2017:00:13:00 +0800] "HEAD / HTTP/1.0" 200 0 "-" "Mozilla/5.0 (compatible; MSIE 7.0; Windows NT 5.1; .NET CLR 1.1.4322) 360JK yunjiankong 517737"
125.88.222.250 - - [14/Mar/2017:00:13:20 +0800] "HEAD / HTTP/1.0" 200 0 "-" "Mozilla/5.0 (compatible; MSIE 7.0; Windows NT 5.1; .NET CLR 1.1.4322) 360JK yunjiankong 517733"
121.40.130.38 - - [14/Mar/2017:00:14:38 +0800] "GET / HTTP/1.1" 200 37242 "-" "Mozilla/5.0 (compatible; MSIE 9.0; Windows NT 6.1; Win64; x64; Trident/5.0)"
220.127.54.242 - - [14/Mar/2017:00:14:50 +0800] "GET /wp-login.php HTTP/1.1" 404 162 "-" "Mozilla/5.0 (Windows NT 6.1; WOW64; rv:40.0) Gecko/20100101 Firefox/40.1"
220.127.54.242 - - [14/Mar/2017:00:14:51 +0800] "GET / HTTP/1.1" 200 37242 "-" "Mozilla/5.0 (Windows NT 6.1; WOW64; rv:40.0) Gecko/20100101 Firefox/40.1"
101.226.162.90 - - [14/Mar/2017:00:14:56 +0800] "HEAD / HTTP/1.0" 200 0 "-" "Mozilla/5.0 (compatible; MSIE 7.0; Windows NT 5.1; .NET CLR 1.1.4322) 360JK yunjiankong 517737"
111.206.241.76 - - [14/Mar/2017:00:15:06 +0800] "HEAD / HTTP/1.0" 200 0 "-" "Mozilla/5.0 (compatible; MSIE 7.0; Windows NT 5.1; .NET CLR 1.1.4322) 360JK yunjiankong 517737"
111.206.241.76 - - [14/Mar/2017:00:15:07 +0800] "GET / HTTP/1.1" 200 37242 "-" "Mozilla/5.0 (compatible; MSIE 7.0; Windows NT 5.1; .NET CLR 1.1.4322) 360JK yunjiankong 517736"
112.126.74.55 - - [14/Mar/2017:00:15:10 +0800] "GET / HTTP/1.1" 200 37242 "-" "Mozilla/5.0 (compatible; MSIE 9.0; Windows NT 6.1; Win64; x64; Trident/5.0)"
42.120.161.48 - - [14/Mar/2017:00:15:55 +0800] "GET /news/xw/1023160B2015.html HTTP/1.1" 200 18960 "-" "Mozilla/5.0 (Windows NT 6.1; Win64; x64; rv:2.0b13pre) Gecko/20110307 Firefox/4.0b13pre"
37.48.33.185 - - [14/Mar/2017:00:16:34 +0800] "GET /wp-login.php HTTP/1.1" 404 162 "-" "Mozilla/5.0 (Windows NT 6.1; WOW64; rv:40.0) Gecko/20100101 Firefox/40.1"
125.88.222.250 - - [14/Mar/2017:00:18:03 +0800] "HEAD / HTTP/1.0" 200 0 "-" "Mozilla/5.0 (compatible; MSIE 7.0; Windows NT 5.1; .NET CLR 1.1.4322) 360JK yunjiankong 517737"
125.88.222.250 - - [14/Mar/2017:00:18:15 +0800] "HEAD / HTTP/1.0" 200 0 "-" "Mozilla/5.0 (compatible; MSIE 7.0; Windows NT 5.1; .NET CLR 1.1.4322) 360JK yunjiankong 517733"
125.88.222.250 - - [14/Mar/2017:00:18:15 +0800] "HEAD / HTTP/1.0" 301 0 "-" "Mozilla/5.0 (compatible; MSIE 7.0; Windows NT 5.1; .NET CLR 1.1.4322) 360JK yunjiankong 517736"
125.88.222.250 - - [14/Mar/2017:00:18:16 +0800] "GET / HTTP/1.1" 200 37242 "-" "Mozilla/5.0 (compatible; MSIE 7.0; Windows NT 5.1; .NET CLR 1.1.4322) 360JK yunjiankong 517736"
80.65.241.37 - - [14/Mar/2017:00:19:16 +0800] "GET /wp-login.php HTTP/1.1" 404 162 "-" "Mozilla/5.0 (Windows NT 6.1; WOW64; rv:40.0) Gecko/20100101 Firefox/40.1"
80.65.241.37 - - [14/Mar/2017:00:19:19 +0800] "GET / HTTP/1.1" 200 37242 "-" "Mozilla/5.0 (Windows NT 6.1; WOW64; rv:40.0) Gecko/20100101 Firefox/40.1"
123.125.71.72 - - [14/Mar/2017:00:19:25 +0800] "GET /news/xw/10261a542015.html HTTP/1.1" 200 21202 "-" "Mozilla/5.0 (compatible; Baiduspider/2.0; +http://www.baidu.com/search/spider.html)"
115.231.149.138 - - [14/Mar/2017:00:19:50 +0800] "GET /ajaxUser.html HTTP/1.1" 200 254 "https://www.yilonghc.cn/news/201611/6YLGvkLB6xjdmygSaHk.html" "Mozilla/5.0 (Windows NT 10.0; WOW64) AppleWebKit/537.36 (KHTML, like Gecko) Chrome/54.0.2840.71 Safari/537.36"
115.231.149.138 - - [14/Mar/2017:00:19:50 +0800] "GET /news_/getPages/169966 HTTP/1.1" 200 199 "https://www.yilonghc.cn/news/201611/6YLGvkLB6xjdmygSaHk.html" "Mozilla/5.0 (Windows NT 10.0; WOW64) AppleWebKit/537.36 (KHTML, like Gecko) Chrome/54.0.2840.71 Safari/537.36"
101.226.162.90 - - [14/Mar/2017:00:19:52 +0800] "HEAD / HTTP/1.0" 301 0 "-" "Mozilla/5.0 (compatible; MSIE 7.0; Windows NT 5.1; .NET CLR 1.1.4322) 360JK yunjiankong 517736"
115.231.149.138 - - [14/Mar/2017:00:19:53 +0800] "GET / HTTP/1.1" 200 9936 "https://www.yilonghc.cn/news/201611/6YLGvkLB6xjdmygSaHk.html" "Mozilla/5.0 (Windows NT 10.0; WOW64) AppleWebKit/537.36 (KHTML, like Gecko) Chrome/54.0.2840.71 Safari/537.36"
115.231.149.138 - - [14/Mar/2017:00:19:53 +0800] "GET /ajaxUser.html HTTP/1.1" 200 254 "https://www.yilonghc.cn/" "Mozilla/5.0 (Windows NT 10.0; WOW64) AppleWebKit/537.36 (KHTML, like Gecko) Chrome/54.0.2840.71 Safari/537.36"
101.226.162.90 - - [14/Mar/2017:00:19:53 +0800] "GET / HTTP/1.1" 200 37242 "-" "Mozilla/5.0 (compatible; MSIE 7.0; Windows NT 5.1; .NET CLR 1.1.4322) 360JK yunjiankong 517736"
115.231.149.138 - - [14/Mar/2017:00:19:53 +0800] "GET /itemlist/disperse.html?front=True HTTP/1.1" 200 1129 "https://www.yilonghc.cn/" "Mozilla/5.0 (Windows NT 10.0; WOW64) AppleWebKit/537.36 (KHTML, like Gecko) Chrome/54.0.2840.71 Safari/537.36"
115.231.149.138 - - [14/Mar/2017:00:19:56 +0800] "GET /itemlist.html HTTP/1.1" 200 7210 "https://www.yilonghc.cn/" "Mozilla/5.0 (Windows NT 10.0; WOW64) AppleWebKit/537.36 (KHTML, like Gecko) Chrome/54.0.2840.71 Safari/537.36"
115.231.149.138 - - [14/Mar/2017:00:19:56 +0800] "GET /ajaxUser.html HTTP/1.1" 200 254 "https://www.yilonghc.cn/itemlist.html" "Mozilla/5.0 (Windows NT 10.0; WOW64) AppleWebKit/537.36 (KHTML, like Gecko) Chrome/54.0.2840.71 Safari/537.36"
115.231.149.138 - - [14/Mar/2017:00:19:56 +0800] "GET /ajaxUnderCnt.html HTTP/1.1" 200 55 "https://www.yilonghc.cn/itemlist.html" "Mozilla/5.0 (Windows NT 10.0; WOW64) AppleWebKit/537.36 (KHTML, like Gecko) Chrome/54.0.2840.71 Safari/537.36"
115.231.149.138 - - [14/Mar/2017:00:19:57 +0800] "GET /itemlist/disperse.html?prT=0&prD=0-0&prP=0 HTTP/1.1" 200 1136 "https://www.yilonghc.cn/itemlist.html" "Mozilla/5.0 (Windows NT 10.0; WOW64) AppleWebKit/537.36 (KHTML, like Gecko) Chrome/54.0.2840.71 Safari/537.36"
115.231.149.138 - - [14/Mar/2017:00:19:58 +0800] "GET /safe.html HTTP/1.1" 200 10933 "https://www.yilonghc.cn/itemlist.html" "Mozilla/5.0 (Windows NT 10.0; WOW64) AppleWebKit/537.36 (KHTML, like Gecko) Chrome/54.0.2840.71 Safari/537.36"
115.231.149.138 - - [14/Mar/2017:00:19:58 +0800] "GET /ajaxUser.html HTTP/1.1" 200 254 "https://www.yilonghc.cn/safe.html" "Mozilla/5.0 (Windows NT 10.0; WOW64) AppleWebKit/537.36 (KHTML, like Gecko) Chrome/54.0.2840.71 Safari/537.36"
115.231.149.138 - - [14/Mar/2017:00:19:58 +0800] "GET /ajaxUser.html HTTP/1.1" 200 254 "https://www.yilonghc.cn/safe.html" "Mozilla/5.0 (Windows NT 10.0; WOW64) AppleWebKit/537.36 (KHTML, like Gecko) Chrome/54.0.2840.71 Safari/537.36"
115.231.149.138 - - [14/Mar/2017:00:19:59 +0800] "GET /about/produce.html HTTP/1.1" 200 7095 "https://www.yilonghc.cn/safe.html" "Mozilla/5.0 (Windows NT 10.0; WOW64) AppleWebKit/537.36 (KHTML, like Gecko) Chrome/54.0.2840.71 Safari/537.36"
115.231.149.138 - - [14/Mar/2017:00:20:00 +0800] "GET /ajaxUser.html HTTP/1.1" 200 254 "https://www.yilonghc.cn/about/produce.html" "Mozilla/5.0 (Windows NT 10.0; WOW64) AppleWebKit/537.36 (KHTML, like Gecko) Chrome/54.0.2840.71 Safari/537.36"
115.231.149.138 - - [14/Mar/2017:00:20:03 +0800] "GET /about/team.html HTTP/1.1" 200 6972 "https://www.yilonghc.cn/about/produce.html" "Mozilla/5.0 (Windows NT 10.0; WOW64) AppleWebKit/537.36 (KHTML, like Gecko) Chrome/54.0.2840.71 Safari/537.36"
115.231.149.138 - - [14/Mar/2017:00:20:03 +0800] "GET /statics/front/3.0/aboutus/images/dengchao.png HTTP/1.1" 200 57565 "https://www.yilonghc.cn/about/team.html" "Mozilla/5.0 (Windows NT 10.0; WOW64) AppleWebKit/537.36 (KHTML, like Gecko) Chrome/54.0.2840.71 Safari/537.36"
115.231.149.138 - - [14/Mar/2017:00:20:03 +0800] "GET /statics/front/3.0/aboutus/images/dongqi.png HTTP/1.1" 200 50231 "https://www.yilonghc.cn/about/team.html" "Mozilla/5.0 (Windows NT 10.0; WOW64) AppleWebKit/537.36 (KHTML, like Gecko) Chrome/54.0.2840.71 Safari/537.36"
115.231.149.138 - - [14/Mar/2017:00:20:03 +0800] "GET /statics/front/3.0/aboutus/images/guoquan.png HTTP/1.1" 200 54472 "https://www.yilonghc.cn/about/team.html" "Mozilla/5.0 (Windows NT 10.0; WOW64) AppleWebKit/537.36 (KHTML, like Gecko) Chrome/54.0.2840.71 Safari/537.36"
115.231.149.138 - - [14/Mar/2017:00:20:03 +0800] "GET /statics/front/3.0/aboutus/images/guoshuxia.png HTTP/1.1" 200 61476 "https://www.yilonghc.cn/about/team.html" "Mozilla/5.0 (Windows NT 10.0; WOW64) AppleWebKit/537.36 (KHTML, like Gecko) Chrome/54.0.2840.71 Safari/537.36"
115.231.149.138 - - [14/Mar/2017:00:20:03 +0800] "GET /ajaxUser.html HTTP/1.1" 200 254 "https://www.yilonghc.cn/about/team.html" "Mozilla/5.0 (Windows NT 10.0; WOW64) AppleWebKit/537.36 (KHTML, like Gecko) Chrome/54.0.2840.71 Safari/537.36"
115.231.149.138 - - [14/Mar/2017:00:20:03 +0800] "GET /statics/front/3.0/aboutus/images/lichao.png HTTP/1.1" 200 52057 "https://www.yilonghc.cn/about/team.html" "Mozilla/5.0 (Windows NT 10.0; WOW64) AppleWebKit/537.36 (KHTML, like Gecko) Chrome/54.0.2840.71 Safari/537.36"
115.231.149.138 - - [14/Mar/2017:00:20:04 +0800] "GET /about/fazhan.html HTTP/1.1" 200 6527 "https://www.yilonghc.cn/about/team.html" "Mozilla/5.0 (Windows NT 10.0; WOW64) AppleWebKit/537.36 (KHTML, like Gecko) Chrome/54.0.2840.71 Safari/537.36"
115.231.149.138 - - [14/Mar/2017:00:20:04 +0800] "GET /statics/front/3.0/aboutus/js/mend.js HTTP/1.1" 200 1377 "https://www.yilonghc.cn/about/fazhan.html" "Mozilla/5.0 (Windows NT 10.0; WOW64) AppleWebKit/537.36 (KHTML, like Gecko) Chrome/54.0.2840.71 Safari/537.36"
115.231.149.138 - - [14/Mar/2017:00:20:05 +0800] "GET /statics/front/3.0/aboutus/images/fazhan/hongyu.png HTTP/1.1" 200 2616 "https://www.yilonghc.cn/about/fazhan.html" "Mozilla/5.0 (Windows NT 10.0; WOW64) AppleWebKit/537.36 (KHTML, like Gecko) Chrome/54.0.2840.71 Safari/537.36"
115.231.149.138 - - [14/Mar/2017:00:20:05 +0800] "GET /statics/front/3.0/aboutus/images/fazhan/jinpu.png HTTP/1.1" 200 4088 "https://www.yilonghc.cn/about/fazhan.html" "Mozilla/5.0 (Windows NT 10.0; WOW64) AppleWebKit/537.36 (KHTML, like Gecko) Chrome/54.0.2840.71 Safari/537.36"
115.231.149.138 - - [14/Mar/2017:00:20:05 +0800] "GET /statics/front/3.0/aboutus/images/fazhan/xinrui.png HTTP/1.1" 200 4533 "https://www.yilonghc.cn/about/fazhan.html" "Mozilla/5.0 (Windows NT 10.0; WOW64) AppleWebKit/537.36 (KHTML, like Gecko) Chrome/54.0.2840.71 Safari/537.36"
115.231.149.138 - - [14/Mar/2017:00:20:05 +0800] "GET /statics/front/3.0/aboutus/images/fazhan/cunguantong.png HTTP/1.1" 200 3753 "https://www.yilonghc.cn/about/fazhan.html" "Mozilla/5.0 (Windows NT 10.0; WOW64) AppleWebKit/537.36 (KHTML, like Gecko) Chrome/54.0.2840.71 Safari/537.36"
115.231.149.138 - - [14/Mar/2017:00:20:05 +0800] "GET /statics/front/3.0/aboutus/images/fazhan/3.0.png HTTP/1.1" 200 2372 "https://www.yilonghc.cn/about/fazhan.html" "Mozilla/5.0 (Windows NT 10.0; WOW64) AppleWebKit/537.36 (KHTML, like Gecko) Chrome/54.0.2840.71 Safari/537.36"
115.231.149.138 - - [14/Mar/2017:00:20:05 +0800] "GET /statics/front/3.0/aboutus/images/fazhan/huayu.png HTTP/1.1" 200 2532 "https://www.yilonghc.cn/about/fazhan.html" "Mozilla/5.0 (Windows NT 10.0; WOW64) AppleWebKit/537.36 (KHTML, like Gecko) Chrome/54.0.2840.71 Safari/537.36"
115.231.149.138 - - [14/Mar/2017:00:20:05 +0800] "GET /statics/front/3.0/aboutus/images/fazhan/li_dian.png HTTP/1.1" 200 266 "https://www.yilonghc.cn/statics/front/3.0/aboutus/css/about.css" "Mozilla/5.0 (Windows NT 10.0; WOW64) AppleWebKit/537.36 (KHTML, like Gecko) Chrome/54.0.2840.71 Safari/537.36"
115.231.149.138 - - [14/Mar/2017:00:20:05 +0800] "GET /statics/front/3.0/aboutus/images/fazhan/qianzhang.png HTTP/1.1" 200 2447 "https://www.yilonghc.cn/about/fazhan.html" "Mozilla/5.0 (Windows NT 10.0; WOW64) AppleWebKit/537.36 (KHTML, like Gecko) Chrome/54.0.2840.71 Safari/537.36"
115.231.149.138 - - [14/Mar/2017:00:20:05 +0800] "GET /statics/front/3.0/aboutus/images/fazhan/zhongchengxin.png HTTP/1.1" 200 2416 "https://www.yilonghc.cn/about/fazhan.html" "Mozilla/5.0 (Windows NT 10.0; WOW64) AppleWebKit/537.36 (KHTML, like Gecko) Chrome/54.0.2840.71 Safari/537.36"
115.231.149.138 - - [14/Mar/2017:00:20:05 +0800] "GET /statics/front/3.0/aboutus/images/fazhan/wangdai.png HTTP/1.1" 200 2708 "https://www.yilonghc.cn/about/fazhan.html" "Mozilla/5.0 (Windows NT 10.0; WOW64) AppleWebKit/537.36 (KHTML, like Gecko) Chrome/54.0.2840.71 Safari/537.36"
115.231.149.138 - - [14/Mar/2017:00:20:05 +0800] "GET /statics/front/3.0/aboutus/images/fazhan/ul_bg.gif HTTP/1.1" 200 1195 "https://www.yilonghc.cn/statics/front/3.0/aboutus/css/about.css" "Mozilla/5.0 (Windows NT 10.0; WOW64) AppleWebKit/537.36 (KHTML, like Gecko) Chrome/54.0.2840.71 Safari/537.36"
115.231.149.138 - - [14/Mar/2017:00:20:05 +0800] "GET /statics/front/3.0/aboutus/images/fazhan/tianyan.png HTTP/1.1" 200 2484 "https://www.yilonghc.cn/about/fazhan.html" "Mozilla/5.0 (Windows NT 10.0; WOW64) AppleWebKit/537.36 (KHTML, like Gecko) Chrome/54.0.2840.71 Safari/537.36"
115.231.149.138 - - [14/Mar/2017:00:20:05 +0800] "GET /statics/front/3.0/aboutus/images/fazhan/weixin.png HTTP/1.1" 200 3848 "https://www.yilonghc.cn/about/fazhan.html" "Mozilla/5.0 (Windows NT 10.0; WOW64) AppleWebKit/537.36 (KHTML, like Gecko) Chrome/54.0.2840.71 Safari/537.36"
115.231.149.138 - - [14/Mar/2017:00:20:05 +0800] "GET /statics/front/3.0/aboutus/images/fazhan/baihe.png HTTP/1.1" 200 4530 "https://www.yilonghc.cn/about/fazhan.html" "Mozilla/5.0 (Windows NT 10.0; WOW64) AppleWebKit/537.36 (KHTML, like Gecko) Chrome/54.0.2840.71 Safari/537.36"
115.231.149.138 - - [14/Mar/2017:00:20:05 +0800] "GET /statics/front/3.0/aboutus/images/fazhan/2.0.png HTTP/1.1" 200 2239 "https://www.yilonghc.cn/about/fazhan.html" "Mozilla/5.0 (Windows NT 10.0; WOW64) AppleWebKit/537.36 (KHTML, like Gecko) Chrome/54.0.2840.71 Safari/537.36"
115.231.149.138 - - [14/Mar/2017:00:20:05 +0800] "GET /statics/front/3.0/aboutus/images/fazhan/dongyuan.png HTTP/1.1" 200 4051 "https://www.yilonghc.cn/about/fazhan.html" "Mozilla/5.0 (Windows NT 10.0; WOW64) AppleWebKit/537.36 (KHTML, like Gecko) Chrome/54.0.2840.71 Safari/537.36"
111.206.241.76 - - [14/Mar/2017:00:20:05 +0800] "HEAD / HTTP/1.0" 301 0 "-" "Mozilla/5.0 (compatible; MSIE 7.0; Windows NT 5.1; .NET CLR 1.1.4322) 360JK yunjiankong 517736"
115.231.149.138 - - [14/Mar/2017:00:20:05 +0800] "GET /statics/front/3.0/aboutus/images/fazhan/cctv.png HTTP/1.1" 200 4447 "https://www.yilonghc.cn/about/fazhan.html" "Mozilla/5.0 (Windows NT 10.0; WOW64) AppleWebKit/537.36 (KHTML, like Gecko) Chrome/54.0.2840.71 Safari/537.36"
115.231.149.138 - - [14/Mar/2017:00:20:05 +0800] "GET /statics/front/3.0/aboutus/images/fazhan/renzheng.png HTTP/1.1" 200 2551 "https://www.yilonghc.cn/about/fazhan.html" "Mozilla/5.0 (Windows NT 10.0; WOW64) AppleWebKit/537.36 (KHTML, like Gecko) Chrome/54.0.2840.71 Safari/537.36"
115.231.149.138 - - [14/Mar/2017:00:20:05 +0800] "GET /statics/front/3.0/aboutus/images/fazhan/yibao.png HTTP/1.1" 200 4154 "https://www.yilonghc.cn/about/fazhan.html" "Mozilla/5.0 (Windows NT 10.0; WOW64) AppleWebKit/537.36 (KHTML, like Gecko) Chrome/54.0.2840.71 Safari/537.36"
115.231.149.138 - - [14/Mar/2017:00:20:05 +0800] "GET /statics/front/3.0/aboutus/images/fazhan/1.0.png HTTP/1.1" 200 2212 "https://www.yilonghc.cn/about/fazhan.html" "Mozilla/5.0 (Windows NT 10.0; WOW64) AppleWebKit/537.36 (KHTML, like Gecko) Chrome/54.0.2840.71 Safari/537.36"
115.231.149.138 - - [14/Mar/2017:00:20:05 +0800] "GET /statics/front/3.0/aboutus/images/fazhan/hezuo.png HTTP/1.1" 200 3995 "https://www.yilonghc.cn/about/fazhan.html" "Mozilla/5.0 (Windows NT 10.0; WOW64) AppleWebKit/537.36 (KHTML, like Gecko) Chrome/54.0.2840.71 Safari/537.36"
115.231.149.138 - - [14/Mar/2017:00:20:05 +0800] "GET /statics/front/3.0/aboutus/images/fazhan/chenghao.png HTTP/1.1" 200 4299 "https://www.yilonghc.cn/about/fazhan.html" "Mozilla/5.0 (Windows NT 10.0; WOW64) AppleWebKit/537.36 (KHTML, like Gecko) Chrome/54.0.2840.71 Safari/537.36"
115.231.149.138 - - [14/Mar/2017:00:20:06 +0800] "GET /news_/dongtai.html HTTP/1.1" 200 5759 "https://www.yilonghc.cn/about/fazhan.html" "Mozilla/5.0 (Windows NT 10.0; WOW64) AppleWebKit/537.36 (KHTML, like Gecko) Chrome/54.0.2840.71 Safari/537.36"
115.231.149.138 - - [14/Mar/2017:00:20:06 +0800] "GET /ajaxUser.html HTTP/1.1" 200 254 "https://www.yilonghc.cn/news_/dongtai.html" "Mozilla/5.0 (Windows NT 10.0; WOW64) AppleWebKit/537.36 (KHTML, like Gecko) Chrome/54.0.2840.71 Safari/537.36"
115.231.149.138 - - [14/Mar/2017:00:20:07 +0800] "GET /news_/media_report.html HTTP/1.1" 200 6056 "https://www.yilonghc.cn/news_/dongtai.html" "Mozilla/5.0 (Windows NT 10.0; WOW64) AppleWebKit/537.36 (KHTML, like Gecko) Chrome/54.0.2840.71 Safari/537.36"
115.231.149.138 - - [14/Mar/2017:00:20:07 +0800] "GET /uploads/attached/image/2016/09/57cf7189d110f.jpg HTTP/1.1" 200 31044 "https://www.yilonghc.cn/news_/media_report.html" "Mozilla/5.0 (Windows NT 10.0; WOW64) AppleWebKit/537.36 (KHTML, like Gecko) Chrome/54.0.2840.71 Safari/537.36"
115.231.149.138 - - [14/Mar/2017:00:20:07 +0800] "GET /uploads/attached/image/2016/09/57cf73b304403.jpg HTTP/1.1" 200 33656 "https://www.yilonghc.cn/news_/media_report.html" "Mozilla/5.0 (Windows NT 10.0; WOW64) AppleWebKit/537.36 (KHTML, like Gecko) Chrome/54.0.2840.71 Safari/537.36"
115.231.149.138 - - [14/Mar/2017:00:20:07 +0800] "GET /uploads/attached/image/2016/09/57cf74481e1d8.jpg HTTP/1.1" 200 23751 "https://www.yilonghc.cn/news_/media_report.html" "Mozilla/5.0 (Windows NT 10.0; WOW64) AppleWebKit/537.36 (KHTML, like Gecko) Chrome/54.0.2840.71 Safari/537.36"
115.231.149.138 - - [14/Mar/2017:00:20:07 +0800] "GET /uploads/attached/image/2016/09/57cf73b99b5ad.jpg HTTP/1.1" 200 28841 "https://www.yilonghc.cn/news_/media_report.html" "Mozilla/5.0 (Windows NT 10.0; WOW64) AppleWebKit/537.36 (KHTML, like Gecko) Chrome/54.0.2840.71 Safari/537.36"
115.231.149.138 - - [14/Mar/2017:00:20:07 +0800] "GET /ajaxUser.html HTTP/1.1" 200 254 "https://www.yilonghc.cn/news_/media_report.html" "Mozilla/5.0 (Windows NT 10.0; WOW64) AppleWebKit/537.36 (KHTML, like Gecko) Chrome/54.0.2840.71 Safari/537.36"
112.126.74.55 - - [14/Mar/2017:00:20:10 +0800] "GET / HTTP/1.1" 200 37242 "-" "Mozilla/5.0 (compatible; MSIE 9.0; Windows NT 6.1; Win64; x64; Trident/5.0)"
115.231.149.138 - - [14/Mar/2017:00:20:12 +0800] "GET /uc-layout.html HTTP/1.1" 302 400 "https://www.yilonghc.cn/news_/media_report.html" "Mozilla/5.0 (Windows NT 10.0; WOW64) AppleWebKit/537.36 (KHTML, like Gecko) Chrome/54.0.2840.71 Safari/537.36"
115.231.149.138 - - [14/Mar/2017:00:20:12 +0800] "GET /uc-login.html HTTP/1.1" 200 7392 "-" "Mozilla/5.0 (Windows NT 10.0; WOW64) AppleWebKit/537.36 (KHTML, like Gecko) Chrome/54.0.2840.71 Safari/537.36"
115.231.149.138 - - [14/Mar/2017:00:20:12 +0800] "GET /getVerityCode?t=1489422012 HTTP/1.1" 200 1367 "https://www.yilonghc.cn/uc-login.html" "Mozilla/5.0 (Windows NT 10.0; WOW64) AppleWebKit/537.36 (KHTML, like Gecko) Chrome/54.0.2840.71 Safari/537.36"
115.231.149.138 - - [14/Mar/2017:00:20:13 +0800] "GET /ajaxUser.html HTTP/1.1" 200 263 "https://www.yilonghc.cn/uc-login.html" "Mozilla/5.0 (Windows NT 10.0; WOW64) AppleWebKit/537.36 (KHTML, like Gecko) Chrome/54.0.2840.71 Safari/537.36"
115.231.149.138 - - [14/Mar/2017:00:20:19 +0800] "GET /sms/sendcode.html?mobile=18210176531&code= HTTP/1.1" 200 19 "https://www.yilonghc.cn/uc-login.html" "Mozilla/5.0 (Windows NT 10.0; WOW64) AppleWebKit/537.36 (KHTML, like Gecko) Chrome/54.0.2840.71 Safari/537.36"
66.249.64.133 - - [14/Mar/2017:00:20:21 +0800] "GET /news/201604/7oTPu0WQ7krdmScZaHg.html HTTP/1.1" 200 5901 "-" "Mozilla/5.0 (compatible; Googlebot/2.1; +http://www.google.com/bot.html)"
125.88.223.58 - - [14/Mar/2017:00:20:22 +0800] "HEAD / HTTP/1.0" 200 0 "-" "Mozilla/5.0 (compatible; MSIE 7.0; Windows NT 5.1; .NET CLR 1.1.4322) 360JK yunjiankong 517735"
115.231.149.138 - - [14/Mar/2017:00:20:32 +0800] "POST /smsLogin.html HTTP/1.1" 200 43 "https://www.yilonghc.cn/uc-login.html" "Mozilla/5.0 (Windows NT 10.0; WOW64) AppleWebKit/537.36 (KHTML, like Gecko) Chrome/54.0.2840.71 Safari/537.36"
115.231.149.138 - - [14/Mar/2017:00:20:32 +0800] "GET /Ucenter.html HTTP/1.1" 200 12247 "https://www.yilonghc.cn/uc-login.html" "Mozilla/5.0 (Windows NT 10.0; WOW64) AppleWebKit/537.36 (KHTML, like Gecko) Chrome/54.0.2840.71 Safari/537.36"
115.231.149.138 - - [14/Mar/2017:00:20:32 +0800] "GET /statics/com/autocomplete/jquery.autocomplete.js HTTP/1.1" 404 564 "https://www.yilonghc.cn/Ucenter.html" "Mozilla/5.0 (Windows NT 10.0; WOW64) AppleWebKit/537.36 (KHTML, like Gecko) Chrome/54.0.2840.71 Safari/537.36"
115.231.149.138 - - [14/Mar/2017:00:20:33 +0800] "GET /statics/com/js/jquery.cookie.js HTTP/1.1" 404 564 "https://www.yilonghc.cn/Ucenter.html" "Mozilla/5.0 (Windows NT 10.0; WOW64) AppleWebKit/537.36 (KHTML, like Gecko) Chrome/54.0.2840.71 Safari/537.36"
115.231.149.138 - - [14/Mar/2017:00:20:33 +0800] "GET /statics/com/js/encrypts.js HTTP/1.1" 404 564 "https://www.yilonghc.cn/Ucenter.html" "Mozilla/5.0 (Windows NT 10.0; WOW64) AppleWebKit/537.36 (KHTML, like Gecko) Chrome/54.0.2840.71 Safari/537.36"
115.231.149.138 - - [14/Mar/2017:00:20:33 +0800] "GET /statics/com/autocomplete/jquery.autocomplete.js HTTP/1.1" 404 564 "https://www.yilonghc.cn/Ucenter.html" "Mozilla/5.0 (Windows NT 10.0; WOW64) AppleWebKit/537.36 (KHTML, like Gecko) Chrome/54.0.2840.71 Safari/537.36"
115.231.149.138 - - [14/Mar/2017:00:20:33 +0800] "GET /AjaxHalfprofit.html HTTP/1.1" 200 251 "https://www.yilonghc.cn/Ucenter.html" "Mozilla/5.0 (Windows NT 10.0; WOW64) AppleWebKit/537.36 (KHTML, like Gecko) Chrome/54.0.2840.71 Safari/537.36"
115.231.149.138 - - [14/Mar/2017:00:20:34 +0800] "GET /ajaxBreadInfo.html HTTP/1.1" 200 58 "https://www.yilonghc.cn/Ucenter.html" "Mozilla/5.0 (Windows NT 10.0; WOW64) AppleWebKit/537.36 (KHTML, like Gecko) Chrome/54.0.2840.71 Safari/537.36"
115.231.149.138 - - [14/Mar/2017:00:20:34 +0800] "GET /ajaxUser.html HTTP/1.1" 200 254 "https://www.yilonghc.cn/Ucenter.html" "Mozilla/5.0 (Windows NT 10.0; WOW64) AppleWebKit/537.36 (KHTML, like Gecko) Chrome/54.0.2840.71 Safari/537.36"
115.231.149.138 - - [14/Mar/2017:00:20:34 +0800] "GET /ajaxDuty.html HTTP/1.1" 200 183 "https://www.yilonghc.cn/Ucenter.html" "Mozilla/5.0 (Windows NT 10.0; WOW64) AppleWebKit/537.36 (KHTML, like Gecko) Chrome/54.0.2840.71 Safari/537.36"
115.231.149.138 - - [14/Mar/2017:00:20:34 +0800] "GET /AjaxBackBay.html?year=2017%E5%B9%B4&month=3%E6%9C%88 HTTP/1.1" 200 189 "https://www.yilonghc.cn/Ucenter.html" "Mozilla/5.0 (Windows NT 10.0; WOW64) AppleWebKit/537.36 (KHTML, like Gecko) Chrome/54.0.2840.71 Safari/537.36"
66.249.64.128 - - [14/Mar/2017:00:20:39 +0800] "GET /news/201603/64CavUWU6Brdnykabnw.html HTTP/1.1" 200 8644 "-" "Mozilla/5.0 (compatible; Googlebot/2.1; +http://www.google.com/bot.html)"
106.116.187.137 - - [14/Mar/2017:00:20:51 +0800] "GET /uploads/attached/image/2016/10/5812ef9f7caf7.jpg HTTP/1.1" 200 79151 "-" "%E5%85%89%E5%90%88%E7%A7%8D%E5%AD%90/1.310 CFNetwork/808.3 Darwin/16.3.0"
115.231.149.138 - - [14/Mar/2017:00:20:55 +0800] "GET / HTTP/1.1" 200 9953 "http://aaaaaaa.yilonghc.cn/" "Mozilla/5.0 (Windows NT 10.0; WOW64) AppleWebKit/537.36 (KHTML, like Gecko) Chrome/54.0.2840.71 Safari/537.36"
115.231.149.138 - - [14/Mar/2017:00:20:56 +0800] "GET /ajaxUser.html HTTP/1.1" 200 254 "https://www.yilonghc.cn/" "Mozilla/5.0 (Windows NT 10.0; WOW64) AppleWebKit/537.36 (KHTML, like Gecko) Chrome/54.0.2840.71 Safari/537.36"
115.231.149.138 - - [14/Mar/2017:00:20:56 +0800] "GET /itemlist/disperse.html?front=True HTTP/1.1" 200 1129 "https://www.yilonghc.cn/" "Mozilla/5.0 (Windows NT 10.0; WOW64) AppleWebKit/537.36 (KHTML, like Gecko) Chrome/54.0.2840.71 Safari/537.36"
120.27.47.144 - - [14/Mar/2017:00:21:11 +0800] "GET / HTTP/1.1" 200 37242 "-" "Mozilla/5.0 (compatible; MSIE 9.0; Windows NT 6.1; Win64; x64; Trident/5.0)"
115.231.149.138 - - [14/Mar/2017:00:21:12 +0800] "GET /Ucenter.html HTTP/1.1" 200 12247 "https://www.yilonghc.cn/" "Mozilla/5.0 (Windows NT 10.0; WOW64) AppleWebKit/537.36 (KHTML, like Gecko) Chrome/54.0.2840.71 Safari/537.36"
115.231.149.138 - - [14/Mar/2017:00:21:13 +0800] "GET /statics/com/js/jquery.cookie.js HTTP/1.1" 404 564 "https://www.yilonghc.cn/Ucenter.html" "Mozilla/5.0 (Windows NT 10.0; WOW64) AppleWebKit/537.36 (KHTML, like Gecko) Chrome/54.0.2840.71 Safari/537.36"
115.231.149.138 - - [14/Mar/2017:00:21:13 +0800] "GET /statics/com/autocomplete/jquery.autocomplete.js HTTP/1.1" 404 564 "https://www.yilonghc.cn/Ucenter.html" "Mozilla/5.0 (Windows NT 10.0; WOW64) AppleWebKit/537.36 (KHTML, like Gecko) Chrome/54.0.2840.71 Safari/537.36"
115.231.149.138 - - [14/Mar/2017:00:21:13 +0800] "GET /statics/com/js/encrypts.js HTTP/1.1" 404 564 "https://www.yilonghc.cn/Ucenter.html" "Mozilla/5.0 (Windows NT 10.0; WOW64) AppleWebKit/537.36 (KHTML, like Gecko) Chrome/54.0.2840.71 Safari/537.36"
115.231.149.138 - - [14/Mar/2017:00:21:13 +0800] "GET /AjaxHalfprofit.html HTTP/1.1" 200 251 "https://www.yilonghc.cn/Ucenter.html" "Mozilla/5.0 (Windows NT 10.0; WOW64) AppleWebKit/537.36 (KHTML, like Gecko) Chrome/54.0.2840.71 Safari/537.36"
115.231.149.138 - - [14/Mar/2017:00:21:14 +0800] "GET /ajaxUser.html HTTP/1.1" 200 254 "https://www.yilonghc.cn/Ucenter.html" "Mozilla/5.0 (Windows NT 10.0; WOW64) AppleWebKit/537.36 (KHTML, like Gecko) Chrome/54.0.2840.71 Safari/537.36"
115.231.149.138 - - [14/Mar/2017:00:21:14 +0800] "GET /ajaxDuty.html HTTP/1.1" 200 183 "https://www.yilonghc.cn/Ucenter.html" "Mozilla/5.0 (Windows NT 10.0; WOW64) AppleWebKit/537.36 (KHTML, like Gecko) Chrome/54.0.2840.71 Safari/537.36"
115.231.149.138 - - [14/Mar/2017:00:21:14 +0800] "GET /ajaxBreadInfo.html HTTP/1.1" 200 58 "https://www.yilonghc.cn/Ucenter.html" "Mozilla/5.0 (Windows NT 10.0; WOW64) AppleWebKit/537.36 (KHTML, like Gecko) Chrome/54.0.2840.71 Safari/537.36"
115.231.149.138 - - [14/Mar/2017:00:21:14 +0800] "GET /AjaxBackBay.html?year=2017%E5%B9%B4&month=3%E6%9C%88 HTTP/1.1" 200 189 "https://www.yilonghc.cn/Ucenter.html" "Mozilla/5.0 (Windows NT 10.0; WOW64) AppleWebKit/537.36 (KHTML, like Gecko) Chrome/54.0.2840.71 Safari/537.36"
115.231.149.138 - - [14/Mar/2017:00:21:14 +0800] "GET /safe.html HTTP/1.1" 200 10933 "https://www.yilonghc.cn/Ucenter.html" "Mozilla/5.0 (Windows NT 10.0; WOW64) AppleWebKit/537.36 (KHTML, like Gecko) Chrome/54.0.2840.71 Safari/537.36"
115.231.149.138 - - [14/Mar/2017:00:21:15 +0800] "GET /ajaxUser.html HTTP/1.1" 200 254 "https://www.yilonghc.cn/safe.html" "Mozilla/5.0 (Windows NT 10.0; WOW64) AppleWebKit/537.36 (KHTML, like Gecko) Chrome/54.0.2840.71 Safari/537.36"
115.231.149.138 - - [14/Mar/2017:00:21:15 +0800] "GET /ajaxUser.html HTTP/1.1" 200 254 "https://www.yilonghc.cn/safe.html" "Mozilla/5.0 (Windows NT 10.0; WOW64) AppleWebKit/537.36 (KHTML, like Gecko) Chrome/54.0.2840.71 Safari/537.36"
115.231.149.138 - - [14/Mar/2017:00:21:16 +0800] "GET /about/produce.html HTTP/1.1" 200 7095 "https://www.yilonghc.cn/safe.html" "Mozilla/5.0 (Windows NT 10.0; WOW64) AppleWebKit/537.36 (KHTML, like Gecko) Chrome/54.0.2840.71 Safari/537.36"
115.231.149.138 - - [14/Mar/2017:00:21:17 +0800] "GET /ajaxUser.html HTTP/1.1" 200 254 "https://www.yilonghc.cn/about/produce.html" "Mozilla/5.0 (Windows NT 10.0; WOW64) AppleWebKit/537.36 (KHTML, like Gecko) Chrome/54.0.2840.71 Safari/537.36"
49.149.12.93 - - [14/Mar/2017:00:21:18 +0800] "GET /wp-login.php HTTP/1.1" 404 162 "-" "Mozilla/5.0 (Windows NT 6.1; WOW64; rv:40.0) Gecko/20100101 Firefox/40.1"
115.231.149.138 - - [14/Mar/2017:00:21:18 +0800] "GET /news_/media_report.html HTTP/1.1" 200 6056 "https://www.yilonghc.cn/about/produce.html" "Mozilla/5.0 (Windows NT 10.0; WOW64) AppleWebKit/537.36 (KHTML, like Gecko) Chrome/54.0.2840.71 Safari/537.36"
115.231.149.138 - - [14/Mar/2017:00:21:18 +0800] "GET /ajaxUser.html HTTP/1.1" 200 254 "https://www.yilonghc.cn/news_/media_report.html" "Mozilla/5.0 (Windows NT 10.0; WOW64) AppleWebKit/537.36 (KHTML, like Gecko) Chrome/54.0.2840.71 Safari/537.36"
115.231.149.138 - - [14/Mar/2017:00:21:20 +0800] "GET /about/law.html HTTP/1.1" 200 7706 "https://www.yilonghc.cn/news_/media_report.html" "Mozilla/5.0 (Windows NT 10.0; WOW64) AppleWebKit/537.36 (KHTML, like Gecko) Chrome/54.0.2840.71 Safari/537.36"
66.249.64.191 - - [14/Mar/2017:00:21:20 +0800] "GET /news/201512/vInGvhGSvh3bmyQeaA.html HTTP/1.1" 200 6534 "-" "Mozilla/5.0 (compatible; Googlebot/2.1; +http://www.google.com/bot.html)"
115.231.149.138 - - [14/Mar/2017:00:21:20 +0800] "GET /ajaxUser.html HTTP/1.1" 200 254 "https://www.yilonghc.cn/about/law.html" "Mozilla/5.0 (Windows NT 10.0; WOW64) AppleWebKit/537.36 (KHTML, like Gecko) Chrome/54.0.2840.71 Safari/537.36"
115.231.149.138 - - [14/Mar/2017:00:21:22 +0800] "GET / HTTP/1.1" 200 9953 "https://www.yilonghc.cn/about/law.html" "Mozilla/5.0 (Windows NT 10.0; WOW64) AppleWebKit/537.36 (KHTML, like Gecko) Chrome/54.0.2840.71 Safari/537.36"
115.231.149.138 - - [14/Mar/2017:00:21:23 +0800] "GET /ajaxUser.html HTTP/1.1" 200 254 "https://www.yilonghc.cn/" "Mozilla/5.0 (Windows NT 10.0; WOW64) AppleWebKit/537.36 (KHTML, like Gecko) Chrome/54.0.2840.71 Safari/537.36"
115.231.149.138 - - [14/Mar/2017:00:21:23 +0800] "GET /itemlist/disperse.html?front=True HTTP/1.1" 200 1129 "https://www.yilonghc.cn/" "Mozilla/5.0 (Windows NT 10.0; WOW64) AppleWebKit/537.36 (KHTML, like Gecko) Chrome/54.0.2840.71 Safari/537.36"
115.231.149.138 - - [14/Mar/2017:00:21:30 +0800] "GET /news/201609/6tLKvkbH6EndmygSbns.html HTTP/1.1" 200 5694 "https://www.yilonghc.cn/" "Mozilla/5.0 (Windows NT 10.0; WOW64) AppleWebKit/537.36 (KHTML, like Gecko) Chrome/54.0.2840.71 Safari/537.36"
115.231.149.138 - - [14/Mar/2017:00:21:30 +0800] "GET /ajaxUser.html HTTP/1.1" 200 254 "https://www.yilonghc.cn/news/201609/6tLKvkbH6EndmygSbns.html" "Mozilla/5.0 (Windows NT 10.0; WOW64) AppleWebKit/537.36 (KHTML, like Gecko) Chrome/54.0.2840.71 Safari/537.36"
115.231.149.138 - - [14/Mar/2017:00:21:30 +0800] "GET /news_/getPages/169904 HTTP/1.1" 200 271 "https://www.yilonghc.cn/news/201609/6tLKvkbH6EndmygSbns.html" "Mozilla/5.0 (Windows NT 10.0; WOW64) AppleWebKit/537.36 (KHTML, like Gecko) Chrome/54.0.2840.71 Safari/537.36"
115.231.149.138 - - [14/Mar/2017:00:21:33 +0800] "GET /safe.html HTTP/1.1" 200 10933 "https://www.yilonghc.cn/" "Mozilla/5.0 (Windows NT 10.0; WOW64) AppleWebKit/537.36 (KHTML, like Gecko) Chrome/54.0.2840.71 Safari/537.36"
115.231.149.138 - - [14/Mar/2017:00:21:34 +0800] "GET /ajaxUser.html HTTP/1.1" 200 254 "https://www.yilonghc.cn/safe.html" "Mozilla/5.0 (Windows NT 10.0; WOW64) AppleWebKit/537.36 (KHTML, like Gecko) Chrome/54.0.2840.71 Safari/537.36"
115.231.149.138 - - [14/Mar/2017:00:21:34 +0800] "GET /ajaxUser.html HTTP/1.1" 200 254 "https://www.yilonghc.cn/safe.html" "Mozilla/5.0 (Windows NT 10.0; WOW64) AppleWebKit/537.36 (KHTML, like Gecko) Chrome/54.0.2840.71 Safari/537.36"
66.249.64.53 - - [14/Mar/2017:00:21:40 +0800] "GET /news/201602/6NLGvRaS6UndnCQfZn0.html HTTP/1.1" 200 5556 "-" "Mozilla/5.0 (compatible; Googlebot/2.1; +http://www.google.com/bot.html)"
66.249.64.191 - - [14/Mar/2017:00:22:20 +0800] "GET /news/201601/u4nGvhKbvEvVmyYabA.html HTTP/1.1" 200 6310 "-" "Mozilla/5.0 (compatible; Googlebot/2.1; +http://www.google.com/bot.html)"
66.249.64.191 - - [14/Mar/2017:00:22:41 +0800] "GET /news/201512/v4ebuxWV7kjelSQdbw.html HTTP/1.1" 200 5202 "-" "Mozilla/5.0 (compatible; Googlebot/2.1; +http://www.google.com/bot.html)"
83.196.218.108 - - [14/Mar/2017:00:23:03 +0800] "GET / HTTP/1.1" 200 37242 "-" "Mozilla/5.0 (Windows NT 6.1; WOW64; rv:40.0) Gecko/20100101 Firefox/40.1"
125.88.222.250 - - [14/Mar/2017:00:23:04 +0800] "HEAD / HTTP/1.0" 200 0 "-" "Mozilla/5.0 (compatible; MSIE 7.0; Windows NT 5.1; .NET CLR 1.1.4322) 360JK yunjiankong 517737"
125.88.222.250 - - [14/Mar/2017:00:23:18 +0800] "HEAD / HTTP/1.0" 301 0 "-" "Mozilla/5.0 (compatible; MSIE 7.0; Windows NT 5.1; .NET CLR 1.1.4322) 360JK yunjiankong 517736"
125.88.222.250 - - [14/Mar/2017:00:23:19 +0800] "GET / HTTP/1.1" 200 37242 "-" "Mozilla/5.0 (compatible; MSIE 7.0; Windows NT 5.1; .NET CLR 1.1.4322) 360JK yunjiankong 517736"
66.249.64.53 - - [14/Mar/2017:00:23:22 +0800] "GET /news/201512/v9CdtRCXuk7fnyMcaw.html HTTP/1.1" 200 4810 "-" "Mozilla/5.0 (compatible; Googlebot/2.1; +http://www.google.com/bot.html)"
66.249.64.191 - - [14/Mar/2017:00:23:43 +0800] "GET /news/count/7ITH7hfH7EzZnCISbw.html HTTP/1.1" 200 32 "-" "Mozilla/5.0 (compatible; Googlebot/2.1; +http://www.google.com/bot.html)"
85.247.177.9 - - [14/Mar/2017:00:23:49 +0800] "GET / HTTP/1.1" 200 37242 "-" "Mozilla/5.0 (Windows NT 6.1; WOW64; rv:40.0) Gecko/20100101 Firefox/40.1"
122.106.213.112 - - [14/Mar/2017:00:23:55 +0800] "GET / HTTP/1.1" 200 37242 "-" "Mozilla/5.0 (Windows NT 6.1; WOW64; rv:40.0) Gecko/20100101 Firefox/40.1"
220.181.108.119 - - [14/Mar/2017:00:23:59 +0800] "GET /news/201602/74DPtBSTvETdnCUabHs.html HTTP/1.0" 301 178 "-" "Mozilla/5.0 (compatible; Baiduspider/2.0; +http://www.baidu.com/search/spider.html)"
220.181.108.104 - - [14/Mar/2017:00:23:59 +0800] "GET /news/201602/74DPtBSTvETdnCUabHs.html HTTP/1.1" 200 13934 "-" "Mozilla/5.0 (compatible; Baiduspider/2.0; +http://www.baidu.com/search/spider.html)"
66.249.64.57 - - [14/Mar/2017:00:24:05 +0800] "GET /news/count/uIPOtUKQ6U7YnCYdbw.html HTTP/1.1" 200 32 "-" "Mozilla/5.0 (compatible; Googlebot/2.1; +http://www.google.com/bot.html)"
109.182.230.204 - - [14/Mar/2017:00:24:32 +0800] "GET / HTTP/1.1" 200 37242 "-" "Mozilla/5.0 (Windows NT 6.1; WOW64; rv:40.0) Gecko/20100101 Firefox/40.1"
121.40.130.38 - - [14/Mar/2017:00:24:38 +0800] "GET / HTTP/1.1" 200 37242 "-" "Mozilla/5.0 (compatible; MSIE 9.0; Windows NT 6.1; Win64; x64; Trident/5.0)"
101.226.162.90 - - [14/Mar/2017:00:24:56 +0800] "HEAD / HTTP/1.0" 301 0 "-" "Mozilla/5.0 (compatible; MSIE 7.0; Windows NT 5.1; .NET CLR 1.1.4322) 360JK yunjiankong 517736"
112.126.74.55 - - [14/Mar/2017:00:25:10 +0800] "GET / HTTP/1.1" 200 37242 "-" "Mozilla/5.0 (compatible; MSIE 9.0; Windows NT 6.1; Win64; x64; Trident/5.0)"
66.249.64.57 - - [14/Mar/2017:00:25:27 +0800] "GET /news/201601/44mavBebvEXVnyUcaw.html HTTP/1.1" 200 5888 "-" "Mozilla/5.0 (compatible; Googlebot/2.1; +http://www.google.com/bot.html)"
66.249.64.53 - - [14/Mar/2017:00:25:52 +0800] "GET /news/201601/7dPMuhTAsh_Xie_VnyUcaA.html HTTP/1.1" 200 5855 "-" "Mozilla/5.0 (compatible; Googlebot/2.1; +http://www.google.com/bot.html)"
120.27.47.144 - - [14/Mar/2017:00:26:11 +0800] "GET / HTTP/1.1" 200 37242 "-" "Mozilla/5.0 (compatible; MSIE 9.0; Windows NT 6.1; Win64; x64; Trident/5.0)"
66.249.64.53 - - [14/Mar/2017:00:26:47 +0800] "GET /news/count/v9CdtRCXuk7fnyMcaw.html HTTP/1.1" 200 32 "-" "Mozilla/5.0 (compatible; Googlebot/2.1; +http://www.google.com/bot.html)"
103.31.86.71 - - [14/Mar/2017:00:27:03 +0800] "GET /wp-login.php HTTP/1.1" 404 162 "-" "Mozilla/5.0 (Windows NT 6.1; WOW64; rv:40.0) Gecko/20100101 Firefox/40.1"
182.191.46.192 - - [14/Mar/2017:00:27:20 +0800] "GET / HTTP/1.1" 200 37242 "-" "Mozilla/5.0 (Windows NT 6.1; WOW64; rv:40.0) Gecko/20100101 Firefox/40.1"
114.254.136.132 - - [14/Mar/2017:00:27:28 +0800] "GET /m/uc/calender.html?appSource=True&msn=cIh274382a7ce605448ed7e6b8b9bca5aac1dbec HTTP/1.1" 200 2103 "-" "Mozilla/5.0 (iPhone; CPU iPhone OS 10_2_1 like Mac OS X) AppleWebKit/602.4.6 (KHTML, like Gecko) Mobile/14D27"
114.254.136.132 - - [14/Mar/2017:00:27:29 +0800] "GET /m/uc/calender.html?appSource=True&msn=cIh274382a7ce605448ed7e6b8b9bca5aac1dbec&temp=load HTTP/1.1" 200 19 "https://www.yilonghc.cn/m/uc/calender.html?appSource=True&msn=cIh274382a7ce605448ed7e6b8b9bca5aac1dbec" "Mozilla/5.0 (iPhone; CPU iPhone OS 10_2_1 like Mac OS X) AppleWebKit/602.4.6 (KHTML, like Gecko) Mobile/14D27"
114.254.136.132 - - [14/Mar/2017:00:27:32 +0800] "GET /m/uc/calender.html?appSource=True&msn=cIh274382a7ce605448ed7e6b8b9bca5aac1dbec&temp=qd HTTP/1.1" 200 53 "https://www.yilonghc.cn/m/uc/calender.html?appSource=True&msn=cIh274382a7ce605448ed7e6b8b9bca5aac1dbec" "Mozilla/5.0 (iPhone; CPU iPhone OS 10_2_1 like Mac OS X) AppleWebKit/602.4.6 (KHTML, like Gecko) Mobile/14D27"
114.254.136.132 - - [14/Mar/2017:00:27:32 +0800] "GET /m/uc/calender.html HTTP/1.1" 200 2105 "https://www.yilonghc.cn/m/uc/calender.html?appSource=True&msn=cIh274382a7ce605448ed7e6b8b9bca5aac1dbec" "Mozilla/5.0 (iPhone; CPU iPhone OS 10_2_1 like Mac OS X) AppleWebKit/602.4.6 (KHTML, like Gecko) Mobile/14D27"
114.254.136.132 - - [14/Mar/2017:00:27:33 +0800] "GET /m/uc/calender.html?temp=load HTTP/1.1" 200 22 "https://www.yilonghc.cn/m/uc/calender.html" "Mozilla/5.0 (iPhone; CPU iPhone OS 10_2_1 like Mac OS X) AppleWebKit/602.4.6 (KHTML, like Gecko) Mobile/14D27"
66.249.64.55 - - [14/Mar/2017:00:27:37 +0800] "GET /news/count/vInGvhGSvh3bmyQeaA.html HTTP/1.1" 200 32 "-" "Mozilla/5.0 (compatible; Googlebot/2.1; +http://www.google.com/bot.html)"
63.131.242.106 - - [14/Mar/2017:00:27:54 +0800] "GET /wp-login.php HTTP/1.1" 404 162 "-" "Mozilla/5.0 (Windows NT 6.1; WOW64; rv:40.0) Gecko/20100101 Firefox/40.1"
125.88.222.250 - - [14/Mar/2017:00:28:02 +0800] "HEAD / HTTP/1.0" 200 0 "-" "Mozilla/5.0 (compatible; MSIE 7.0; Windows NT 5.1; .NET CLR 1.1.4322) 360JK yunjiankong 517737"
125.88.222.250 - - [14/Mar/2017:00:28:16 +0800] "HEAD / HTTP/1.0" 200 0 "-" "Mozilla/5.0 (compatible; MSIE 7.0; Windows NT 5.1; .NET CLR 1.1.4322) 360JK yunjiankong 517733"
125.88.222.250 - - [14/Mar/2017:00:28:16 +0800] "HEAD / HTTP/1.0" 301 0 "-" "Mozilla/5.0 (compatible; MSIE 7.0; Windows NT 5.1; .NET CLR 1.1.4322) 360JK yunjiankong 517736"
66.249.64.128 - - [14/Mar/2017:00:29:21 +0800] "GET /news/count/vIGZv0Oa6UnUmSEcbw.html HTTP/1.1" 200 32 "-" "Mozilla/5.0 (compatible; Googlebot/2.1; +http://www.google.com/bot.html)"
123.161.154.114 - - [14/Mar/2017:00:29:41 +0800] "GET /news/xw/1029232452015.html HTTP/1.0" 301 178 "https://m.baidu.com/from=0/bd_page_type=1/ssid=0/uid=0/pu=sz%401320_220%2Cta%40iphone_3_8.0_4_10.0%2Cusm%401/baiduid=97916791D08E1B4D703FD8E06629DAC6/w=30_10_/t=iphone/l=3/tc?ref=www_iphone&lid=14191595268110201013&order=6&fm=alop&tj=www_normal_6_30_10_title&vit=osres&m=8&srd=1&cltj=cloud_title&asres=1&title=2015%E6%9C%80%E6%96%B0%E6%89%BF%E5%85%91%E6%B1%87%E7%A5%A8%E8%B4%B4%E7%8E%B0%E7%8E%87%E5%A4%9A%E5%B0%91%3F%E6%89%BF%E5%85%91%E6%B1%87%E7%A5%A8%E8%B4%B4%E7%8E%B0%E8%AE%A1%E7%AE%97%E5%85%AC%E5%BC%8F%E6%98%AF...&dict=32&w_qd=IlPT2AEptyoA_ykxyBQaxPCvISJSl79nyjm&sec=19528&di=c934847cdc3950f2&bdenc=1&tch=124.30.29.955.0.0&nsrc=IlPT2AEptyoA_yixCFOxXnANedT62v3IEQGG_zVR0jW5mkW9xP4lZQRAXDLcQzrIBV8egTCcsB5DuXKc0WIj7xJ_q0IwdzZz&eqid=c4f2acb4bfd2b0001000000258c6c8f0&wd=&clk_info=%7B%22srcid%22%3A%221599%22%2C%22tplname%22%3A%22www_normal%22%2C%22t%22%3A1489422499314%2C%22xpath%22%3A%22div-a-h3%22%7D" "Mozilla/5.0 (compatible; MSIE 10.0; Windows Phone 8.0; Trident/6.0; IEMobile/10.0; ARM; Touch; NOKIA; Lumia 820)"
123.161.154.114 - - [14/Mar/2017:00:29:41 +0800] "GET /news/xw/1029232452015.html HTTP/1.1" 200 6790 "https://m.baidu.com/from=0/bd_page_type=1/ssid=0/uid=0/pu=sz%401320_220%2Cta%40iphone_3_8.0_4_10.0%2Cusm%401/baiduid=97916791D08E1B4D703FD8E06629DAC6/w=30_10_/t=iphone/l=3/tc?ref=www_iphone&lid=14191595268110201013&order=6&fm=alop&tj=www_normal_6_30_10_title&vit=osres&m=8&srd=1&cltj=cloud_title&asres=1&title=2015%E6%9C%80%E6%96%B0%E6%89%BF%E5%85%91%E6%B1%87%E7%A5%A8%E8%B4%B4%E7%8E%B0%E7%8E%87%E5%A4%9A%E5%B0%91%3F%E6%89%BF%E5%85%91%E6%B1%87%E7%A5%A8%E8%B4%B4%E7%8E%B0%E8%AE%A1%E7%AE%97%E5%85%AC%E5%BC%8F%E6%98%AF...&dict=32&w_qd=IlPT2AEptyoA_ykxyBQaxPCvISJSl79nyjm&sec=19528&di=c934847cdc3950f2&bdenc=1&tch=124.30.29.955.0.0&nsrc=IlPT2AEptyoA_yixCFOxXnANedT62v3IEQGG_zVR0jW5mkW9xP4lZQRAXDLcQzrIBV8egTCcsB5DuXKc0WIj7xJ_q0IwdzZz&eqid=c4f2acb4bfd2b0001000000258c6c8f0&wd=&clk_info=%7B%22srcid%22%3A%221599%22%2C%22tplname%22%3A%22www_normal%22%2C%22t%22%3A1489422499314%2C%22xpath%22%3A%22div-a-h3%22%7D" "Mozilla/5.0 (compatible; MSIE 10.0; Windows Phone 8.0; Trident/6.0; IEMobile/10.0; ARM; Touch; NOKIA; Lumia 820)"
123.161.154.114 - - [14/Mar/2017:00:29:41 +0800] "GET /statics/bootstrap/css/bootstrap.min.css HTTP/1.1" 404 564 "https://www.yilonghc.cn/news/xw/1029232452015.html" "Mozilla/5.0 (compatible; MSIE 10.0; Windows Phone 8.0; Trident/6.0; IEMobile/10.0; ARM; Touch; NOKIA; Lumia 820)"
123.161.154.114 - - [14/Mar/2017:00:29:41 +0800] "GET /statics/css/base.min.css HTTP/1.1" 200 3134 "https://www.yilonghc.cn/news/xw/1029232452015.html" "Mozilla/5.0 (compatible; MSIE 10.0; Windows Phone 8.0; Trident/6.0; IEMobile/10.0; ARM; Touch; NOKIA; Lumia 820)"
123.161.154.114 - - [14/Mar/2017:00:29:41 +0800] "GET /statics/css/icon.css HTTP/1.1" 200 1319 "https://www.yilonghc.cn/news/xw/1029232452015.html" "Mozilla/5.0 (compatible; MSIE 10.0; Windows Phone 8.0; Trident/6.0; IEMobile/10.0; ARM; Touch; NOKIA; Lumia 820)"
123.161.154.114 - - [14/Mar/2017:00:29:41 +0800] "GET /statics/jquery-validation/validation.css HTTP/1.1" 404 564 "https://www.yilonghc.cn/news/xw/1029232452015.html" "Mozilla/5.0 (compatible; MSIE 10.0; Windows Phone 8.0; Trident/6.0; IEMobile/10.0; ARM; Touch; NOKIA; Lumia 820)"
123.161.154.114 - - [14/Mar/2017:00:29:41 +0800] "GET /statics/cbox/css/colorbox.css HTTP/1.1" 404 564 "https://www.yilonghc.cn/news/xw/1029232452015.html" "Mozilla/5.0 (compatible; MSIE 10.0; Windows Phone 8.0; Trident/6.0; IEMobile/10.0; ARM; Touch; NOKIA; Lumia 820)"
123.161.154.114 - - [14/Mar/2017:00:29:41 +0800] "GET /statics/css/head.css HTTP/1.1" 200 328 "https://www.yilonghc.cn/news/xw/1029232452015.html" "Mozilla/5.0 (compatible; MSIE 10.0; Windows Phone 8.0; Trident/6.0; IEMobile/10.0; ARM; Touch; NOKIA; Lumia 820)"
