124.14.255.205 - - [14/Mar/2017:03:19:50 +0800] "GET /statics/wechat/images/guizeH1.png HTTP/1.1" 200 17342 "https://www.yilonghc.cn/statics/wechat/css/personal.css" "Mozilla/5.0 (Linux; Android 6.0; Letv X500 Build/DBXCNOP5902012161S; wv) AppleWebKit/537.36 (KHTML, like Gecko) Version/4.0 Chrome/49.0.2623.91 Mobile Safari/537.36"
101.226.162.90 - - [14/Mar/2017:03:19:52 +0800] "HEAD / HTTP/1.0" 200 0 "-" "Mozilla/5.0 (compatible; MSIE 7.0; Windows NT 5.1; .NET CLR 1.1.4322) 360JK yunjiankong 517737"
101.226.162.90 - - [14/Mar/2017:03:19:52 +0800] "HEAD / HTTP/1.0" 301 0 "-" "Mozilla/5.0 (compatible; MSIE 7.0; Windows NT 5.1; .NET CLR 1.1.4322) 360JK yunjiankong 517736"
101.226.162.90 - - [14/Mar/2017:03:19:53 +0800] "GET / HTTP/1.1" 200 37242 "-" "Mozilla/5.0 (compatible; MSIE 7.0; Windows NT 5.1; .NET CLR 1.1.4322) 360JK yunjiankong 517736"
124.14.255.205 - - [14/Mar/2017:03:19:58 +0800] "GET /interface/UserInfo?msn=euh28184e8248056b33f0a8c23efc185ff4d734b&token=4da9b19db062756e63295d1a91cea672 HTTP/1.1" 200 284 "-" "okhttp/3.4.1"
124.14.255.205 - - [14/Mar/2017:03:19:58 +0800] "GET /interface/UserInfo?msn=euh28184e8248056b33f0a8c23efc185ff4d734b&token=4da9b19db062756e63295d1a91cea672 HTTP/1.1" 200 284 "-" "okhttp/3.4.1"
124.14.255.205 - - [14/Mar/2017:03:20:00 +0800] "GET /m/uc/coupon.html?msn=euh28184e8248056b33f0a8c23efc185ff4d734b&appSource=True HTTP/1.1" 200 2625 "https://www.yilonghc.cn/" "Mozilla/5.0 (Linux; Android 6.0; Letv X500 Build/DBXCNOP5902012161S; wv) AppleWebKit/537.36 (KHTML, like Gecko) Version/4.0 Chrome/49.0.2623.91 Mobile Safari/537.36"
124.14.255.205 - - [14/Mar/2017:03:20:00 +0800] "GET /interface/UserInfo?msn=euh28184e8248056b33f0a8c23efc185ff4d734b&token=4da9b19db062756e63295d1a91cea672 HTTP/1.1" 200 284 "-" "okhttp/3.4.1"
124.14.255.205 - - [14/Mar/2017:03:20:00 +0800] "GET /getVerityCode?t=1489432800 HTTP/1.1" 200 1238 "https://www.yilonghc.cn/m/uc/coupon.html?msn=euh28184e8248056b33f0a8c23efc185ff4d734b&appSource=True" "Mozilla/5.0 (Linux; Android 6.0; Letv X500 Build/DBXCNOP5902012161S; wv) AppleWebKit/537.36 (KHTML, like Gecko) Version/4.0 Chrome/49.0.2623.91 Mobile Safari/537.36"
124.14.255.205 - - [14/Mar/2017:03:20:00 +0800] "GET /interface/UserInfo?msn=euh28184e8248056b33f0a8c23efc185ff4d734b&token=4da9b19db062756e63295d1a91cea672 HTTP/1.1" 200 284 "-" "okhttp/3.4.1"
78.160.20.58 - - [14/Mar/2017:03:20:02 +0800] "GET / HTTP/1.1" 200 37242 "-" "Mozilla/5.0 (Windows NT 6.1; WOW64; rv:40.0) Gecko/20100101 Firefox/40.1"
111.206.241.76 - - [14/Mar/2017:03:20:10 +0800] "HEAD / HTTP/1.0" 301 0 "-" "Mozilla/5.0 (compatible; MSIE 7.0; Windows NT 5.1; .NET CLR 1.1.4322) 360JK yunjiankong 517736"
111.206.241.76 - - [14/Mar/2017:03:20:10 +0800] "HEAD / HTTP/1.0" 200 0 "-" "Mozilla/5.0 (compatible; MSIE 7.0; Windows NT 5.1; .NET CLR 1.1.4322) 360JK yunjiankong 517737"
111.206.241.76 - - [14/Mar/2017:03:20:11 +0800] "GET / HTTP/1.1" 200 37242 "-" "Mozilla/5.0 (compatible; MSIE 7.0; Windows NT 5.1; .NET CLR 1.1.4322) 360JK yunjiankong 517736"
124.14.255.205 - - [14/Mar/2017:03:20:12 +0800] "GET /interface/UserInfo?msn=euh28184e8248056b33f0a8c23efc185ff4d734b&token=4da9b19db062756e63295d1a91cea672 HTTP/1.1" 200 284 "-" "okhttp/3.4.1"
124.14.255.205 - - [14/Mar/2017:03:20:12 +0800] "GET /interface/UserInfo?msn=euh28184e8248056b33f0a8c23efc185ff4d734b&token=4da9b19db062756e63295d1a91cea672 HTTP/1.1" 200 284 "-" "okhttp/3.4.1"
124.14.255.205 - - [14/Mar/2017:03:20:18 +0800] "GET /interface/UserInfo?msn=euh28184e8248056b33f0a8c23efc185ff4d734b&token=4da9b19db062756e63295d1a91cea672 HTTP/1.1" 200 284 "-" "okhttp/3.4.1"
124.14.255.205 - - [14/Mar/2017:03:20:18 +0800] "GET /m/uc/tenderSan.html?msn=euh28184e8248056b33f0a8c23efc185ff4d734b&appSource=True HTTP/1.1" 200 2475 "https://www.yilonghc.cn/" "Mozilla/5.0 (Linux; Android 6.0; Letv X500 Build/DBXCNOP5902012161S; wv) AppleWebKit/537.36 (KHTML, like Gecko) Version/4.0 Chrome/49.0.2623.91 Mobile Safari/537.36"
124.14.255.205 - - [14/Mar/2017:03:20:18 +0800] "GET /interface/UserInfo?msn=euh28184e8248056b33f0a8c23efc185ff4d734b&token=4da9b19db062756e63295d1a91cea672 HTTP/1.1" 200 284 "-" "okhttp/3.4.1"
124.14.255.205 - - [14/Mar/2017:03:20:19 +0800] "GET /m/uc/tenderSan.html?msn=euh28184e8248056b33f0a8c23efc185ff4d734b&appSource=True&page=1&types=1 HTTP/1.1" 200 35 "https://www.yilonghc.cn/m/uc/tenderSan.html?msn=euh28184e8248056b33f0a8c23efc185ff4d734b&appSource=True" "Mozilla/5.0 (Linux; Android 6.0; Letv X500 Build/DBXCNOP5902012161S; wv) AppleWebKit/537.36 (KHTML, like Gecko) Version/4.0 Chrome/49.0.2623.91 Mobile Safari/537.36"
125.88.223.58 - - [14/Mar/2017:03:20:23 +0800] "HEAD / HTTP/1.0" 200 0 "-" "Mozilla/5.0 (compatible; MSIE 7.0; Windows NT 5.1; .NET CLR 1.1.4322) 360JK yunjiankong 517735"
124.14.255.205 - - [14/Mar/2017:03:20:56 +0800] "GET /interface/UserInfo?msn=euh28184e8248056b33f0a8c23efc185ff4d734b&token=4da9b19db062756e63295d1a91cea672 HTTP/1.1" 200 284 "-" "okhttp/3.4.1"
124.14.255.205 - - [14/Mar/2017:03:20:56 +0800] "GET /interface/UserInfo?msn=euh28184e8248056b33f0a8c23efc185ff4d734b&token=4da9b19db062756e63295d1a91cea672 HTTP/1.1" 200 284 "-" "okhttp/3.4.1"
124.14.255.205 - - [14/Mar/2017:03:21:09 +0800] "GET /interface/UserInfo?msn=euh28184e8248056b33f0a8c23efc185ff4d734b&token=4da9b19db062756e63295d1a91cea672 HTTP/1.1" 200 284 "-" "okhttp/3.4.1"
124.14.255.205 - - [14/Mar/2017:03:21:09 +0800] "GET /interface/UserInfo?msn=euh28184e8248056b33f0a8c23efc185ff4d734b&token=4da9b19db062756e63295d1a91cea672 HTTP/1.1" 200 284 "-" "okhttp/3.4.1"
120.27.47.144 - - [14/Mar/2017:03:21:11 +0800] "GET / HTTP/1.1" 200 37242 "-" "Mozilla/5.0 (compatible; MSIE 9.0; Windows NT 6.1; Win64; x64; Trident/5.0)"
124.14.255.205 - - [14/Mar/2017:03:21:13 +0800] "GET /interface/UserInfo?msn=euh28184e8248056b33f0a8c23efc185ff4d734b&token=4da9b19db062756e63295d1a91cea672 HTTP/1.1" 200 284 "-" "okhttp/3.4.1"
124.14.255.205 - - [14/Mar/2017:03:21:13 +0800] "GET /interface/Project/getTenderCount HTTP/1.1" 200 63 "-" "okhttp/3.4.1"
124.14.255.205 - - [14/Mar/2017:03:21:13 +0800] "GET /interface/Project/tender?page=1&type=disperse HTTP/1.1" 200 898 "-" "okhttp/3.4.1"
124.14.255.205 - - [14/Mar/2017:03:21:14 +0800] "GET /interface/UserInfo?msn=euh28184e8248056b33f0a8c23efc185ff4d734b&token=4da9b19db062756e63295d1a91cea672 HTTP/1.1" 200 284 "-" "okhttp/3.4.1"
124.14.255.205 - - [14/Mar/2017:03:21:14 +0800] "GET /interface/UserInfo?msn=euh28184e8248056b33f0a8c23efc185ff4d734b&token=4da9b19db062756e63295d1a91cea672 HTTP/1.1" 200 284 "-" "okhttp/3.4.1"
124.14.255.205 - - [14/Mar/2017:03:21:14 +0800] "GET /interface/UserInfo?msn=euh28184e8248056b33f0a8c23efc185ff4d734b&token=4da9b19db062756e63295d1a91cea672 HTTP/1.1" 200 284 "-" "okhttp/3.4.1"
124.14.255.205 - - [14/Mar/2017:03:21:41 +0800] "GET /interface/Project/tender?page=2&type=disperse HTTP/1.1" 200 894 "-" "okhttp/3.4.1"
124.14.255.205 - - [14/Mar/2017:03:21:41 +0800] "GET /interface/UserInfo?msn=euh28184e8248056b33f0a8c23efc185ff4d734b&token=4da9b19db062756e63295d1a91cea672 HTTP/1.1" 200 284 "-" "okhttp/3.4.1"
124.14.255.205 - - [14/Mar/2017:03:21:55 +0800] "GET /interface/Project/tender?page=3&type=disperse HTTP/1.1" 200 894 "-" "okhttp/3.4.1"
124.14.255.205 - - [14/Mar/2017:03:21:56 +0800] "GET /interface/UserInfo?msn=euh28184e8248056b33f0a8c23efc185ff4d734b&token=4da9b19db062756e63295d1a91cea672 HTTP/1.1" 200 284 "-" "okhttp/3.4.1"
124.14.255.205 - - [14/Mar/2017:03:22:00 +0800] "GET /interface/Project/tender?page=4&type=disperse HTTP/1.1" 200 899 "-" "okhttp/3.4.1"
124.14.255.205 - - [14/Mar/2017:03:22:00 +0800] "GET /interface/UserInfo?msn=euh28184e8248056b33f0a8c23efc185ff4d734b&token=4da9b19db062756e63295d1a91cea672 HTTP/1.1" 200 284 "-" "okhttp/3.4.1"
124.14.255.205 - - [14/Mar/2017:03:22:08 +0800] "GET /interface/Project/tender?page=5&type=disperse HTTP/1.1" 200 897 "-" "okhttp/3.4.1"
124.14.255.205 - - [14/Mar/2017:03:22:08 +0800] "GET /interface/UserInfo?msn=euh28184e8248056b33f0a8c23efc185ff4d734b&token=4da9b19db062756e63295d1a91cea672 HTTP/1.1" 200 284 "-" "okhttp/3.4.1"
124.14.255.205 - - [14/Mar/2017:03:22:11 +0800] "GET /interface/Project/tender?page=6&type=disperse HTTP/1.1" 200 906 "-" "okhttp/3.4.1"
124.14.255.205 - - [14/Mar/2017:03:22:12 +0800] "GET /interface/UserInfo?msn=euh28184e8248056b33f0a8c23efc185ff4d734b&token=4da9b19db062756e63295d1a91cea672 HTTP/1.1" 200 284 "-" "okhttp/3.4.1"
124.14.255.205 - - [14/Mar/2017:03:22:13 +0800] "GET /interface/Project/tender?page=7&type=disperse HTTP/1.1" 200 850 "-" "okhttp/3.4.1"
124.14.255.205 - - [14/Mar/2017:03:22:14 +0800] "GET /interface/UserInfo?msn=euh28184e8248056b33f0a8c23efc185ff4d734b&token=4da9b19db062756e63295d1a91cea672 HTTP/1.1" 200 284 "-" "okhttp/3.4.1"
124.14.255.205 - - [14/Mar/2017:03:22:48 +0800] "GET /interface/Project/transfer?page=1&type=normal HTTP/1.1" 200 2733 "-" "okhttp/3.4.1"
124.14.255.205 - - [14/Mar/2017:03:22:48 +0800] "GET /interface/UserInfo?msn=euh28184e8248056b33f0a8c23efc185ff4d734b&token=4da9b19db062756e63295d1a91cea672 HTTP/1.1" 200 284 "-" "okhttp/3.4.1"
124.14.255.205 - - [14/Mar/2017:03:22:49 +0800] "GET /interface/UserInfo?msn=euh28184e8248056b33f0a8c23efc185ff4d734b&token=4da9b19db062756e63295d1a91cea672 HTTP/1.1" 200 284 "-" "okhttp/3.4.1"
124.14.255.205 - - [14/Mar/2017:03:23:00 +0800] "GET /interface/UserInfo?msn=euh28184e8248056b33f0a8c23efc185ff4d734b&token=4da9b19db062756e63295d1a91cea672 HTTP/1.1" 200 284 "-" "okhttp/3.4.1"
125.88.222.250 - - [14/Mar/2017:03:23:15 +0800] "HEAD / HTTP/1.0" 200 0 "-" "Mozilla/5.0 (compatible; MSIE 7.0; Windows NT 5.1; .NET CLR 1.1.4322) 360JK yunjiankong 517733"
124.14.255.205 - - [14/Mar/2017:03:23:16 +0800] "GET /interface/Project/tender?page=8&type=disperse HTTP/1.1" 200 844 "-" "okhttp/3.4.1"
125.88.222.250 - - [14/Mar/2017:03:23:16 +0800] "GET / HTTP/1.1" 200 37242 "-" "Mozilla/5.0 (compatible; MSIE 7.0; Windows NT 5.1; .NET CLR 1.1.4322) 360JK yunjiankong 517736"
124.14.255.205 - - [14/Mar/2017:03:23:16 +0800] "GET /interface/UserInfo?msn=euh28184e8248056b33f0a8c23efc185ff4d734b&token=4da9b19db062756e63295d1a91cea672 HTTP/1.1" 200 284 "-" "okhttp/3.4.1"
125.88.222.250 - - [14/Mar/2017:03:23:45 +0800] "HEAD / HTTP/1.0" 200 0 "-" "Mozilla/5.0 (compatible; MSIE 7.0; Windows NT 5.1; .NET CLR 1.1.4322) 360JK yunjiankong 517737"
124.14.255.205 - - [14/Mar/2017:03:24:12 +0800] "GET /interface/Project/tender?page=9&type=disperse HTTP/1.1" 200 903 "-" "okhttp/3.4.1"
124.14.255.205 - - [14/Mar/2017:03:24:12 +0800] "GET /interface/UserInfo?msn=euh28184e8248056b33f0a8c23efc185ff4d734b&token=4da9b19db062756e63295d1a91cea672 HTTP/1.1" 200 284 "-" "okhttp/3.4.1"
124.14.255.205 - - [14/Mar/2017:03:24:30 +0800] "GET /interface/Project/tender?page=10&type=disperse HTTP/1.1" 200 899 "-" "okhttp/3.4.1"
124.14.255.205 - - [14/Mar/2017:03:24:31 +0800] "GET /interface/UserInfo?msn=euh28184e8248056b33f0a8c23efc185ff4d734b&token=4da9b19db062756e63295d1a91cea672 HTTP/1.1" 200 284 "-" "okhttp/3.4.1"
124.14.255.205 - - [14/Mar/2017:03:24:34 +0800] "GET /interface/Project/tender?page=11&type=disperse HTTP/1.1" 200 901 "-" "okhttp/3.4.1"
124.14.255.205 - - [14/Mar/2017:03:24:34 +0800] "GET /interface/UserInfo?msn=euh28184e8248056b33f0a8c23efc185ff4d734b&token=4da9b19db062756e63295d1a91cea672 HTTP/1.1" 200 284 "-" "okhttp/3.4.1"
124.14.255.205 - - [14/Mar/2017:03:24:36 +0800] "GET /interface/Project/tender?page=12&type=disperse HTTP/1.1" 200 905 "-" "okhttp/3.4.1"
124.14.255.205 - - [14/Mar/2017:03:24:36 +0800] "GET /interface/UserInfo?msn=euh28184e8248056b33f0a8c23efc185ff4d734b&token=4da9b19db062756e63295d1a91cea672 HTTP/1.1" 200 284 "-" "okhttp/3.4.1"
121.40.130.38 - - [14/Mar/2017:03:24:38 +0800] "GET / HTTP/1.1" 200 37242 "-" "Mozilla/5.0 (compatible; MSIE 9.0; Windows NT 6.1; Win64; x64; Trident/5.0)"
124.14.255.205 - - [14/Mar/2017:03:24:40 +0800] "GET /interface/Project/tender?page=13&type=disperse HTTP/1.1" 200 901 "-" "okhttp/3.4.1"
124.14.255.205 - - [14/Mar/2017:03:24:40 +0800] "GET /interface/UserInfo?msn=euh28184e8248056b33f0a8c23efc185ff4d734b&token=4da9b19db062756e63295d1a91cea672 HTTP/1.1" 200 284 "-" "okhttp/3.4.1"
124.14.255.205 - - [14/Mar/2017:03:24:43 +0800] "GET /interface/Project/tender?page=14&type=disperse HTTP/1.1" 200 898 "-" "okhttp/3.4.1"
124.14.255.205 - - [14/Mar/2017:03:24:44 +0800] "GET /interface/UserInfo?msn=euh28184e8248056b33f0a8c23efc185ff4d734b&token=4da9b19db062756e63295d1a91cea672 HTTP/1.1" 200 284 "-" "okhttp/3.4.1"
124.14.255.205 - - [14/Mar/2017:03:24:52 +0800] "GET /interface/Project/tender?page=15&type=disperse HTTP/1.1" 200 905 "-" "okhttp/3.4.1"
124.14.255.205 - - [14/Mar/2017:03:24:52 +0800] "GET /interface/UserInfo?msn=euh28184e8248056b33f0a8c23efc185ff4d734b&token=4da9b19db062756e63295d1a91cea672 HTTP/1.1" 200 284 "-" "okhttp/3.4.1"
124.14.255.205 - - [14/Mar/2017:03:24:57 +0800] "GET /interface/Project/tender?page=16&type=disperse HTTP/1.1" 200 901 "-" "okhttp/3.4.1"
124.14.255.205 - - [14/Mar/2017:03:24:57 +0800] "GET /interface/UserInfo?msn=euh28184e8248056b33f0a8c23efc185ff4d734b&token=4da9b19db062756e63295d1a91cea672 HTTP/1.1" 200 284 "-" "okhttp/3.4.1"
124.14.255.205 - - [14/Mar/2017:03:25:01 +0800] "GET /interface/Project/tender?page=17&type=disperse HTTP/1.1" 200 897 "-" "okhttp/3.4.1"
124.14.255.205 - - [14/Mar/2017:03:25:02 +0800] "GET /interface/UserInfo?msn=euh28184e8248056b33f0a8c23efc185ff4d734b&token=4da9b19db062756e63295d1a91cea672 HTTP/1.1" 200 284 "-" "okhttp/3.4.1"
124.14.255.205 - - [14/Mar/2017:03:25:06 +0800] "GET /interface/Project/tender?page=18&type=disperse HTTP/1.1" 200 902 "-" "okhttp/3.4.1"
111.206.241.76 - - [14/Mar/2017:03:25:06 +0800] "GET / HTTP/1.1" 200 37242 "-" "Mozilla/5.0 (compatible; MSIE 7.0; Windows NT 5.1; .NET CLR 1.1.4322) 360JK yunjiankong 517736"
124.14.255.205 - - [14/Mar/2017:03:25:06 +0800] "GET /interface/UserInfo?msn=euh28184e8248056b33f0a8c23efc185ff4d734b&token=4da9b19db062756e63295d1a91cea672 HTTP/1.1" 200 284 "-" "okhttp/3.4.1"
124.14.255.205 - - [14/Mar/2017:03:25:11 +0800] "GET /interface/Project/tender?page=19&type=disperse HTTP/1.1" 200 898 "-" "okhttp/3.4.1"
124.14.255.205 - - [14/Mar/2017:03:25:11 +0800] "GET /interface/UserInfo?msn=euh28184e8248056b33f0a8c23efc185ff4d734b&token=4da9b19db062756e63295d1a91cea672 HTTP/1.1" 200 284 "-" "okhttp/3.4.1"
124.14.255.205 - - [14/Mar/2017:03:25:15 +0800] "GET /interface/Project/tender?page=20&type=disperse HTTP/1.1" 200 902 "-" "okhttp/3.4.1"
124.14.255.205 - - [14/Mar/2017:03:25:15 +0800] "GET /interface/UserInfo?msn=euh28184e8248056b33f0a8c23efc185ff4d734b&token=4da9b19db062756e63295d1a91cea672 HTTP/1.1" 200 284 "-" "okhttp/3.4.1"
125.88.223.58 - - [14/Mar/2017:03:25:22 +0800] "GET / HTTP/1.1" 200 37242 "-" "Mozilla/5.0 (compatible; MSIE 7.0; Windows NT 5.1; .NET CLR 1.1.4322) 360JK yunjiankong 1094850"
124.14.255.205 - - [14/Mar/2017:03:25:26 +0800] "GET /interface/Project/tender?page=21&type=disperse HTTP/1.1" 200 896 "-" "okhttp/3.4.1"
124.14.255.205 - - [14/Mar/2017:03:25:26 +0800] "GET /interface/UserInfo?msn=euh28184e8248056b33f0a8c23efc185ff4d734b&token=4da9b19db062756e63295d1a91cea672 HTTP/1.1" 200 284 "-" "okhttp/3.4.1"
124.14.255.205 - - [14/Mar/2017:03:25:29 +0800] "GET /interface/Project/tender?page=22&type=disperse HTTP/1.1" 200 904 "-" "okhttp/3.4.1"
124.14.255.205 - - [14/Mar/2017:03:25:29 +0800] "GET /interface/UserInfo?msn=euh28184e8248056b33f0a8c23efc185ff4d734b&token=4da9b19db062756e63295d1a91cea672 HTTP/1.1" 200 284 "-" "okhttp/3.4.1"
125.88.223.58 - - [14/Mar/2017:03:25:30 +0800] "HEAD / HTTP/1.0" 200 0 "-" "Mozilla/5.0 (compatible; MSIE 7.0; Windows NT 5.1; .NET CLR 1.1.4322) 360JK yunjiankong 517735"
124.14.255.205 - - [14/Mar/2017:03:25:33 +0800] "GET /interface/Project/tender?page=23&type=disperse HTTP/1.1" 200 902 "-" "okhttp/3.4.1"
124.14.255.205 - - [14/Mar/2017:03:25:33 +0800] "GET /interface/UserInfo?msn=euh28184e8248056b33f0a8c23efc185ff4d734b&token=4da9b19db062756e63295d1a91cea672 HTTP/1.1" 200 284 "-" "okhttp/3.4.1"
124.14.255.205 - - [14/Mar/2017:03:25:37 +0800] "GET /interface/Project/tender?page=24&type=disperse HTTP/1.1" 200 903 "-" "okhttp/3.4.1"
124.14.255.205 - - [14/Mar/2017:03:25:37 +0800] "GET /interface/UserInfo?msn=euh28184e8248056b33f0a8c23efc185ff4d734b&token=4da9b19db062756e63295d1a91cea672 HTTP/1.1" 200 284 "-" "okhttp/3.4.1"
124.14.255.205 - - [14/Mar/2017:03:25:40 +0800] "GET /interface/Project/tender?page=25&type=disperse HTTP/1.1" 200 906 "-" "okhttp/3.4.1"
124.14.255.205 - - [14/Mar/2017:03:25:40 +0800] "GET /interface/UserInfo?msn=euh28184e8248056b33f0a8c23efc185ff4d734b&token=4da9b19db062756e63295d1a91cea672 HTTP/1.1" 200 284 "-" "okhttp/3.4.1"
124.14.255.205 - - [14/Mar/2017:03:25:43 +0800] "GET /interface/Project/tender?page=26&type=disperse HTTP/1.1" 200 902 "-" "okhttp/3.4.1"
124.14.255.205 - - [14/Mar/2017:03:25:44 +0800] "GET /interface/UserInfo?msn=euh28184e8248056b33f0a8c23efc185ff4d734b&token=4da9b19db062756e63295d1a91cea672 HTTP/1.1" 200 284 "-" "okhttp/3.4.1"
124.14.255.205 - - [14/Mar/2017:03:25:47 +0800] "GET /interface/Project/tender?page=27&type=disperse HTTP/1.1" 200 899 "-" "okhttp/3.4.1"
124.14.255.205 - - [14/Mar/2017:03:25:47 +0800] "GET /interface/UserInfo?msn=euh28184e8248056b33f0a8c23efc185ff4d734b&token=4da9b19db062756e63295d1a91cea672 HTTP/1.1" 200 284 "-" "okhttp/3.4.1"
124.14.255.205 - - [14/Mar/2017:03:25:49 +0800] "GET /interface/Project/tender?page=28&type=disperse HTTP/1.1" 200 898 "-" "okhttp/3.4.1"
124.14.255.205 - - [14/Mar/2017:03:25:49 +0800] "GET /interface/UserInfo?msn=euh28184e8248056b33f0a8c23efc185ff4d734b&token=4da9b19db062756e63295d1a91cea672 HTTP/1.1" 200 284 "-" "okhttp/3.4.1"
124.14.255.205 - - [14/Mar/2017:03:26:02 +0800] "GET /interface/UserInfo?msn=euh28184e8248056b33f0a8c23efc185ff4d734b&token=4da9b19db062756e63295d1a91cea672 HTTP/1.1" 200 284 "-" "okhttp/3.4.1"
124.14.255.205 - - [14/Mar/2017:03:26:02 +0800] "GET /interface/UserInfo?msn=euh28184e8248056b33f0a8c23efc185ff4d734b&token=4da9b19db062756e63295d1a91cea672 HTTP/1.1" 200 284 "-" "okhttp/3.4.1"
124.14.255.205 - - [14/Mar/2017:03:26:03 +0800] "GET /m/plan/7oXLuBLDvxnfnyg.html?msn=euh28184e8248056b33f0a8c23efc185ff4d734b&token=undefined&appSource=True HTTP/1.1" 200 4131 "https://www.yilonghc.cn/" "Mozilla/5.0 (Linux; Android 6.0; Letv X500 Build/DBXCNOP5902012161S; wv) AppleWebKit/537.36 (KHTML, like Gecko) Version/4.0 Chrome/49.0.2623.91 Mobile Safari/537.36"
124.14.255.205 - - [14/Mar/2017:03:26:03 +0800] "GET /statics/wechat/css/project_wgh.css HTTP/1.1" 200 8227 "https://www.yilonghc.cn/m/plan/7oXLuBLDvxnfnyg.html?msn=euh28184e8248056b33f0a8c23efc185ff4d734b&token=undefined&appSource=True" "Mozilla/5.0 (Linux; Android 6.0; Letv X500 Build/DBXCNOP5902012161S; wv) AppleWebKit/537.36 (KHTML, like Gecko) Version/4.0 Chrome/49.0.2623.91 Mobile Safari/537.36"
124.14.255.205 - - [14/Mar/2017:03:26:05 +0800] "GET /m/ajaxUnderLog/LogTender.html?sn=7oXLuBLDvxnfnyg&back=plan&page=1 HTTP/1.1" 200 301 "https://www.yilonghc.cn/m/plan/7oXLuBLDvxnfnyg.html?msn=euh28184e8248056b33f0a8c23efc185ff4d734b&token=undefined&appSource=True" "Mozilla/5.0 (Linux; Android 6.0; Letv X500 Build/DBXCNOP5902012161S; wv) AppleWebKit/537.36 (KHTML, like Gecko) Version/4.0 Chrome/49.0.2623.91 Mobile Safari/537.36"
124.14.255.205 - - [14/Mar/2017:03:26:08 +0800] "GET /interface/UserInfo?msn=euh28184e8248056b33f0a8c23efc185ff4d734b&token=4da9b19db062756e63295d1a91cea672 HTTP/1.1" 200 284 "-" "okhttp/3.4.1"
124.14.255.205 - - [14/Mar/2017:03:26:08 +0800] "GET /interface/UserInfo?msn=euh28184e8248056b33f0a8c23efc185ff4d734b&token=4da9b19db062756e63295d1a91cea672 HTTP/1.1" 200 284 "-" "okhttp/3.4.1"
58.19.14.253 - - [14/Mar/2017:03:26:09 +0800] "GET /statics/cbox/css/colorbox.css HTTP/1.1" 404 162 "https://www.yilonghc.cn/news/xw/1029232452015.html" "Mozilla/5.0 (Linux; U; Android 2.3; en-us; SAMSUNG-SGH-I717 Build/GINGERBREAD) AppleWebKit/533.1 (KHTML, like Gecko) Version/4.0 Mobile Safari/533.1"
58.19.14.253 - - [14/Mar/2017:03:26:09 +0800] "GET /statics/jquery-validation/dist/jquery.validate.min.js HTTP/1.1" 404 162 "https://www.yilonghc.cn/news/xw/1029232452015.html" "Mozilla/5.0 (Linux; U; Android 2.3; en-us; SAMSUNG-SGH-I717 Build/GINGERBREAD) AppleWebKit/533.1 (KHTML, like Gecko) Version/4.0 Mobile Safari/533.1"
58.19.14.253 - - [14/Mar/2017:03:26:09 +0800] "GET /statics/cbox/js/colorbox.js?v20150323 HTTP/1.1" 404 162 "https://www.yilonghc.cn/news/xw/1029232452015.html" "Mozilla/5.0 (Linux; U; Android 2.3; en-us; SAMSUNG-SGH-I717 Build/GINGERBREAD) AppleWebKit/533.1 (KHTML, like Gecko) Version/4.0 Mobile Safari/533.1"
58.19.14.253 - - [14/Mar/2017:03:26:09 +0800] "GET /plus/cmsidea.count.php?view=yes&aid=23245&mid=0 HTTP/1.1" 404 162 "https://www.yilonghc.cn/news/xw/1029232452015.html" "Mozilla/5.0 (Linux; U; Android 2.3; en-us; SAMSUNG-SGH-I717 Build/GINGERBREAD) AppleWebKit/533.1 (KHTML, like Gecko) Version/4.0 Mobile Safari/533.1"
58.19.14.253 - - [14/Mar/2017:03:26:09 +0800] "GET /statics/js/common.js?v20150323 HTTP/1.1" 404 162 "https://www.yilonghc.cn/news/xw/1029232452015.html" "Mozilla/5.0 (Linux; U; Android 2.3; en-us; SAMSUNG-SGH-I717 Build/GINGERBREAD) AppleWebKit/533.1 (KHTML, like Gecko) Version/4.0 Mobile Safari/533.1"
124.14.255.205 - - [14/Mar/2017:03:26:11 +0800] "GET /interface/Project/tender?page=29&type=disperse HTTP/1.1" 200 903 "-" "okhttp/3.4.1"
124.14.255.205 - - [14/Mar/2017:03:26:12 +0800] "GET /interface/UserInfo?msn=euh28184e8248056b33f0a8c23efc185ff4d734b&token=4da9b19db062756e63295d1a91cea672 HTTP/1.1" 200 284 "-" "okhttp/3.4.1"
58.19.14.253 - - [14/Mar/2017:03:26:14 +0800] "GET /statics/jquery/jquery.min.map HTTP/1.1" 304 0 "https://www.yilonghc.cn/news/xw/1029232452015.html" "Mozilla/5.0 (Linux; U; Android 2.3; en-us; SAMSUNG-SGH-I717 Build/GINGERBREAD) AppleWebKit/533.1 (KHTML, like Gecko) Version/4.0 Mobile Safari/533.1"
58.19.14.253 - - [14/Mar/2017:03:26:15 +0800] "GET /User/Ajax?action=erweima&date=https://www.yilonghc.cn/news/xw/1029232452015.html HTTP/1.1" 404 5263 "https://www.yilonghc.cn/news/xw/1029232452015.html" "Mozilla/5.0 (Linux; U; Android 2.3; en-us; SAMSUNG-SGH-I717 Build/GINGERBREAD) AppleWebKit/533.1 (KHTML, like Gecko) Version/4.0 Mobile Safari/533.1"
119.57.159.183 - - [14/Mar/2017:03:26:18 +0800] "GET /news/201512/79XM7kGTvEnZmyUcaw.html HTTP/1.1" 200 4955 "-" "Mozilla/5.0"
111.206.61.180 - - [14/Mar/2017:03:26:24 +0800] "GET / HTTP/1.1" 200 37242 "-" "Mozilla/5.0 (compatible; MSIE 7.0; Windows NT 5.1; .NET CLR 1.1.4322) 360JK yunjiankong 1094850"
124.14.255.205 - - [14/Mar/2017:03:26:26 +0800] "GET /interface/Project/tender?page=30&type=disperse HTTP/1.1" 200 951 "-" "okhttp/3.4.1"
124.14.255.205 - - [14/Mar/2017:03:26:26 +0800] "GET /interface/UserInfo?msn=euh28184e8248056b33f0a8c23efc185ff4d734b&token=4da9b19db062756e63295d1a91cea672 HTTP/1.1" 200 284 "-" "okhttp/3.4.1"
124.14.255.205 - - [14/Mar/2017:03:26:31 +0800] "GET /interface/Project/tender?page=31&type=disperse HTTP/1.1" 200 921 "-" "okhttp/3.4.1"
124.14.255.205 - - [14/Mar/2017:03:26:32 +0800] "GET /interface/UserInfo?msn=euh28184e8248056b33f0a8c23efc185ff4d734b&token=4da9b19db062756e63295d1a91cea672 HTTP/1.1" 200 284 "-" "okhttp/3.4.1"
124.14.255.205 - - [14/Mar/2017:03:26:34 +0800] "GET /interface/Project/tender?page=32&type=disperse HTTP/1.1" 200 918 "-" "okhttp/3.4.1"
124.14.255.205 - - [14/Mar/2017:03:26:34 +0800] "GET /interface/UserInfo?msn=euh28184e8248056b33f0a8c23efc185ff4d734b&token=4da9b19db062756e63295d1a91cea672 HTTP/1.1" 200 284 "-" "okhttp/3.4.1"
124.14.255.205 - - [14/Mar/2017:03:26:38 +0800] "GET /interface/Project/tender?page=33&type=disperse HTTP/1.1" 200 906 "-" "okhttp/3.4.1"
124.14.255.205 - - [14/Mar/2017:03:26:38 +0800] "GET /interface/UserInfo?msn=euh28184e8248056b33f0a8c23efc185ff4d734b&token=4da9b19db062756e63295d1a91cea672 HTTP/1.1" 200 284 "-" "okhttp/3.4.1"
124.14.255.205 - - [14/Mar/2017:03:26:41 +0800] "GET /interface/Project/tender?page=34&type=disperse HTTP/1.1" 200 30 "-" "okhttp/3.4.1"
124.14.255.205 - - [14/Mar/2017:03:26:42 +0800] "GET /interface/UserInfo?msn=euh28184e8248056b33f0a8c23efc185ff4d734b&token=4da9b19db062756e63295d1a91cea672 HTTP/1.1" 200 284 "-" "okhttp/3.4.1"
124.14.255.205 - - [14/Mar/2017:03:26:42 +0800] "GET /interface/Project/tender?page=35&type=disperse HTTP/1.1" 200 30 "-" "okhttp/3.4.1"
124.14.255.205 - - [14/Mar/2017:03:26:42 +0800] "GET /interface/UserInfo?msn=euh28184e8248056b33f0a8c23efc185ff4d734b&token=4da9b19db062756e63295d1a91cea672 HTTP/1.1" 200 284 "-" "okhttp/3.4.1"
124.95.168.140 - - [14/Mar/2017:03:26:51 +0800] "GET / HTTP/1.1" 200 9905 "-" "Baidu-YunGuanCe-SLABot(ce.baidu.com)"
117.34.28.13 - - [14/Mar/2017:03:26:52 +0800] "GET / HTTP/1.1" 200 9905 "-" "Baidu-YunGuanCe-SLABot(ce.baidu.com)"
115.163.21.239 - - [14/Mar/2017:03:27:31 +0800] "GET /wp-login.php HTTP/1.1" 404 162 "-" "Mozilla/5.0 (Windows NT 6.1; WOW64; rv:40.0) Gecko/20100101 Firefox/40.1"
124.14.255.205 - - [14/Mar/2017:03:28:12 +0800] "GET /interface/Project/tender?page=36&type=disperse HTTP/1.1" 200 30 "-" "okhttp/3.4.1"
124.14.255.205 - - [14/Mar/2017:03:28:13 +0800] "GET /interface/UserInfo?msn=euh28184e8248056b33f0a8c23efc185ff4d734b&token=4da9b19db062756e63295d1a91cea672 HTTP/1.1" 200 284 "-" "okhttp/3.4.1"
125.88.222.250 - - [14/Mar/2017:03:28:15 +0800] "GET / HTTP/1.1" 200 37242 "-" "Mozilla/5.0 (compatible; MSIE 7.0; Windows NT 5.1; .NET CLR 1.1.4322) 360JK yunjiankong 517736"
124.14.255.205 - - [14/Mar/2017:03:28:15 +0800] "GET /interface/Project/tender?page=37&type=disperse HTTP/1.1" 200 30 "-" "okhttp/3.4.1"
124.14.255.205 - - [14/Mar/2017:03:28:16 +0800] "GET /interface/UserInfo?msn=euh28184e8248056b33f0a8c23efc185ff4d734b&token=4da9b19db062756e63295d1a91cea672 HTTP/1.1" 200 284 "-" "okhttp/3.4.1"
124.14.255.205 - - [14/Mar/2017:03:28:32 +0800] "GET /interface/UserInfo?msn=euh28184e8248056b33f0a8c23efc185ff4d734b&token=4da9b19db062756e63295d1a91cea672 HTTP/1.1" 200 284 "-" "okhttp/3.4.1"
124.14.255.205 - - [14/Mar/2017:03:28:33 +0800] "GET /interface/UserInfo?msn=euh28184e8248056b33f0a8c23efc185ff4d734b&token=4da9b19db062756e63295d1a91cea672 HTTP/1.1" 200 284 "-" "okhttp/3.4.1"
166.62.174.254 - - [14/Mar/2017:03:28:36 +0800] "GET / HTTP/1.1" 200 37242 "-" "Mozilla/5.0 (Windows NT 6.1; WOW64; rv:40.0) Gecko/20100101 Firefox/40.1"
125.88.222.250 - - [14/Mar/2017:03:28:42 +0800] "HEAD / HTTP/1.0" 200 0 "-" "Mozilla/5.0 (compatible; MSIE 7.0; Windows NT 5.1; .NET CLR 1.1.4322) 360JK yunjiankong 517737"
121.40.130.38 - - [14/Mar/2017:03:29:38 +0800] "GET / HTTP/1.1" 200 37242 "-" "Mozilla/5.0 (compatible; MSIE 9.0; Windows NT 6.1; Win64; x64; Trident/5.0)"
124.14.255.205 - - [14/Mar/2017:03:29:43 +0800] "GET /interface/UserInfo?msn=euh28184e8248056b33f0a8c23efc185ff4d734b&token=4da9b19db062756e63295d1a91cea672 HTTP/1.1" 200 284 "-" "okhttp/3.4.1"
124.14.255.205 - - [14/Mar/2017:03:29:43 +0800] "GET /interface/UserInfo?msn=euh28184e8248056b33f0a8c23efc185ff4d734b&token=4da9b19db062756e63295d1a91cea672 HTTP/1.1" 200 284 "-" "okhttp/3.4.1"
124.14.255.205 - - [14/Mar/2017:03:29:47 +0800] "GET /interface/UserInfo?msn=euh28184e8248056b33f0a8c23efc185ff4d734b&token=4da9b19db062756e63295d1a91cea672 HTTP/1.1" 200 284 "-" "okhttp/3.4.1"
124.14.255.205 - - [14/Mar/2017:03:29:47 +0800] "GET /m/uc/tenderSan.html?msn=euh28184e8248056b33f0a8c23efc185ff4d734b&appSource=True HTTP/1.1" 200 2475 "https://www.yilonghc.cn/" "Mozilla/5.0 (Linux; Android 6.0; Letv X500 Build/DBXCNOP5902012161S; wv) AppleWebKit/537.36 (KHTML, like Gecko) Version/4.0 Chrome/49.0.2623.91 Mobile Safari/537.36"
124.14.255.205 - - [14/Mar/2017:03:29:47 +0800] "GET /interface/UserInfo?msn=euh28184e8248056b33f0a8c23efc185ff4d734b&token=4da9b19db062756e63295d1a91cea672 HTTP/1.1" 200 284 "-" "okhttp/3.4.1"
124.14.255.205 - - [14/Mar/2017:03:29:49 +0800] "GET /m/uc/tenderSan.html?msn=euh28184e8248056b33f0a8c23efc185ff4d734b&appSource=True&page=1&types=1 HTTP/1.1" 200 35 "https://www.yilonghc.cn/m/uc/tenderSan.html?msn=euh28184e8248056b33f0a8c23efc185ff4d734b&appSource=True" "Mozilla/5.0 (Linux; Android 6.0; Letv X500 Build/DBXCNOP5902012161S; wv) AppleWebKit/537.36 (KHTML, like Gecko) Version/4.0 Chrome/49.0.2623.91 Mobile Safari/537.36"
101.226.162.90 - - [14/Mar/2017:03:29:51 +0800] "HEAD / HTTP/1.0" 200 0 "-" "Mozilla/5.0 (compatible; MSIE 7.0; Windows NT 5.1; .NET CLR 1.1.4322) 360JK yunjiankong 517737"
124.14.255.205 - - [14/Mar/2017:03:30:00 +0800] "GET /interface/UserInfo?msn=euh28184e8248056b33f0a8c23efc185ff4d734b&token=4da9b19db062756e63295d1a91cea672 HTTP/1.1" 200 284 "-" "okhttp/3.4.1"
124.14.255.205 - - [14/Mar/2017:03:30:01 +0800] "GET /interface/UserInfo?msn=euh28184e8248056b33f0a8c23efc185ff4d734b&token=4da9b19db062756e63295d1a91cea672 HTTP/1.1" 200 284 "-" "okhttp/3.4.1"
111.206.241.76 - - [14/Mar/2017:03:30:10 +0800] "GET / HTTP/1.1" 200 37242 "-" "Mozilla/5.0 (compatible; MSIE 7.0; Windows NT 5.1; .NET CLR 1.1.4322) 360JK yunjiankong 517736"
66.249.64.11 - - [14/Mar/2017:03:30:52 +0800] "GET / HTTP/1.0" 301 178 "-" "Mozilla/5.0 (compatible; Googlebot/2.1; +http://www.google.com/bot.html)"
120.27.47.144 - - [14/Mar/2017:03:31:11 +0800] "GET / HTTP/1.1" 200 37242 "-" "Mozilla/5.0 (compatible; MSIE 9.0; Windows NT 6.1; Win64; x64; Trident/5.0)"
123.126.113.83 - - [14/Mar/2017:03:31:54 +0800] "GET /news/xw/list_37_58.html HTTP/1.1" 200 7012 "-" "Sogou web spider/4.0(+http://www.sogou.com/docs/help/webmasters.htm#07)"
197.245.38.24 - - [14/Mar/2017:03:31:55 +0800] "GET /wp-login.php HTTP/1.1" 404 162 "-" "Mozilla/5.0 (Windows NT 6.1; WOW64; rv:40.0) Gecko/20100101 Firefox/40.1"
123.126.113.83 - - [14/Mar/2017:03:33:06 +0800] "GET /news/201601/u4PI70GR6xjVmSESaQ.html HTTP/1.1" 200 4738 "-" "Sogou web spider/4.0(+http://www.sogou.com/docs/help/webmasters.htm#07)"
125.88.222.250 - - [14/Mar/2017:03:33:13 +0800] "HEAD / HTTP/1.0" 301 0 "-" "Mozilla/5.0 (compatible; MSIE 7.0; Windows NT 5.1; .NET CLR 1.1.4322) 360JK yunjiankong 517736"
125.88.222.250 - - [14/Mar/2017:03:33:13 +0800] "HEAD / HTTP/1.0" 200 0 "-" "Mozilla/5.0 (compatible; MSIE 7.0; Windows NT 5.1; .NET CLR 1.1.4322) 360JK yunjiankong 517733"
123.126.113.83 - - [14/Mar/2017:03:33:41 +0800] "GET /news/201601/44PJ7hSa7hrVmSESbg.html HTTP/1.1" 200 5088 "-" "Sogou web spider/4.0(+http://www.sogou.com/docs/help/webmasters.htm#07)"
123.126.113.83 - - [14/Mar/2017:03:33:59 +0800] "GET /news/xw/list_37_94.html HTTP/1.1" 200 6997 "-" "Sogou web spider/4.0(+http://www.sogou.com/docs/help/webmasters.htm#07)"
157.55.39.187 - - [14/Mar/2017:03:34:24 +0800] "GET /news/201701/64LPtRHDsxjdmiEbaXw.html HTTP/1.1" 200 6424 "-" "Mozilla/5.0 (compatible; bingbot/2.0; +http://www.bing.com/bingbot.htm)"
202.88.78.197 - - [14/Mar/2017:03:34:43 +0800] "GET /wp-login.php HTTP/1.1" 404 162 "-" "Mozilla/5.0 (Windows NT 6.1; WOW64; rv:40.0) Gecko/20100101 Firefox/40.1"
123.126.113.83 - - [14/Mar/2017:03:34:50 +0800] "GET /news/xw/list_37_1542.html HTTP/1.1" 200 6848 "-" "Sogou web spider/4.0(+http://www.sogou.com/docs/help/webmasters.htm#07)"
101.226.162.90 - - [14/Mar/2017:03:34:56 +0800] "GET / HTTP/1.1" 200 37242 "-" "Mozilla/5.0 (compatible; MSIE 7.0; Windows NT 5.1; .NET CLR 1.1.4322) 360JK yunjiankong 517736"
111.206.241.76 - - [14/Mar/2017:03:35:06 +0800] "GET / HTTP/1.1" 200 37242 "-" "Mozilla/5.0 (compatible; MSIE 7.0; Windows NT 5.1; .NET CLR 1.1.4322) 360JK yunjiankong 517736"
125.88.223.58 - - [14/Mar/2017:03:35:21 +0800] "GET / HTTP/1.1" 200 37242 "-" "Mozilla/5.0 (compatible; MSIE 7.0; Windows NT 5.1; .NET CLR 1.1.4322) 360JK yunjiankong 1094850"
123.126.113.83 - - [14/Mar/2017:03:35:23 +0800] "GET /news/xw/list_37_1523.html HTTP/1.1" 200 6713 "-" "Sogou web spider/4.0(+http://www.sogou.com/docs/help/webmasters.htm#07)"
125.88.223.58 - - [14/Mar/2017:03:35:31 +0800] "HEAD / HTTP/1.0" 200 0 "-" "Mozilla/5.0 (compatible; MSIE 7.0; Windows NT 5.1; .NET CLR 1.1.4322) 360JK yunjiankong 517735"
101.226.162.90 - - [14/Mar/2017:03:35:37 +0800] "HEAD / HTTP/1.0" 200 0 "-" "Mozilla/5.0 (compatible; MSIE 7.0; Windows NT 5.1; .NET CLR 1.1.4322) 360JK yunjiankong 517737"
123.126.113.83 - - [14/Mar/2017:03:35:39 +0800] "GET /news/xw/1029233262015.html HTTP/1.1" 200 7164 "-" "Sogou web spider/4.0(+http://www.sogou.com/docs/help/webmasters.htm#07)"
123.126.113.83 - - [14/Mar/2017:03:36:10 +0800] "GET /news/201601/64nPuhWXsxnVmSAcbw.html HTTP/1.1" 200 4631 "-" "Sogou web spider/4.0(+http://www.sogou.com/docs/help/webmasters.htm#07)"
87.105.190.236 - - [14/Mar/2017:03:36:13 +0800] "GET / HTTP/1.1" 200 37242 "-" "Mozilla/5.0 (Windows NT 6.1; WOW64; rv:40.0) Gecko/20100101 Firefox/40.1"
93.245.97.238 - - [14/Mar/2017:03:36:19 +0800] "GET /wp-login.php HTTP/1.1" 404 162 "-" "Mozilla/5.0 (Windows NT 6.1; WOW64; rv:40.0) Gecko/20100101 Firefox/40.1"
111.206.61.180 - - [14/Mar/2017:03:36:24 +0800] "GET / HTTP/1.1" 200 37242 "-" "Mozilla/5.0 (compatible; MSIE 7.0; Windows NT 5.1; .NET CLR 1.1.4322) 360JK yunjiankong 1094850"
123.126.113.83 - - [14/Mar/2017:03:36:25 +0800] "GET /news/201602/uITIuEbBs0ndnCEdbHs.html HTTP/1.1" 200 4855 "-" "Sogou web spider/4.0(+http://www.sogou.com/docs/help/webmasters.htm#07)"
123.125.71.101 - - [14/Mar/2017:03:36:30 +0800] "GET /news/xw/102H0D12015.html HTTP/1.0" 301 178 "-" "Mozilla/5.0 (compatible; Baiduspider/2.0; +http://www.baidu.com/search/spider.html)"
122.246.5.11 - - [14/Mar/2017:03:36:51 +0800] "GET / HTTP/1.1" 200 9905 "-" "Baidu-YunGuanCe-SLABot(ce.baidu.com)"
124.95.168.140 - - [14/Mar/2017:03:36:52 +0800] "GET / HTTP/1.1" 200 9909 "-" "Baidu-YunGuanCe-SLABot(ce.baidu.com)"
61.182.137.6 - - [14/Mar/2017:03:36:52 +0800] "GET / HTTP/1.1" 200 9905 "-" "Baidu-YunGuanCe-SLABot(ce.baidu.com)"
117.34.28.13 - - [14/Mar/2017:03:36:53 +0800] "GET / HTTP/1.1" 200 9905 "-" "Baidu-YunGuanCe-SLABot(ce.baidu.com)"
123.126.113.83 - - [14/Mar/2017:03:38:00 +0800] "GET /news/xw/list_37_81.html HTTP/1.1" 200 7073 "-" "Sogou web spider/4.0(+http://www.sogou.com/docs/help/webmasters.htm#07)"
125.88.222.250 - - [14/Mar/2017:03:38:13 +0800] "HEAD / HTTP/1.0" 200 0 "-" "Mozilla/5.0 (compatible; MSIE 7.0; Windows NT 5.1; .NET CLR 1.1.4322) 360JK yunjiankong 517733"
125.88.222.250 - - [14/Mar/2017:03:38:13 +0800] "HEAD / HTTP/1.0" 301 0 "-" "Mozilla/5.0 (compatible; MSIE 7.0; Windows NT 5.1; .NET CLR 1.1.4322) 360JK yunjiankong 517736"
125.88.222.250 - - [14/Mar/2017:03:38:14 +0800] "GET / HTTP/1.1" 200 37242 "-" "Mozilla/5.0 (compatible; MSIE 7.0; Windows NT 5.1; .NET CLR 1.1.4322) 360JK yunjiankong 517736"
79.103.186.161 - - [14/Mar/2017:03:38:51 +0800] "GET /wp-login.php HTTP/1.1" 404 162 "-" "Mozilla/5.0 (Windows NT 6.1; WOW64; rv:40.0) Gecko/20100101 Firefox/40.1"
123.126.113.83 - - [14/Mar/2017:03:38:58 +0800] "GET /news/xw/list_37_83.html HTTP/1.1" 200 7001 "-" "Sogou web spider/4.0(+http://www.sogou.com/docs/help/webmasters.htm#07)"
187.110.87.230 - - [14/Mar/2017:03:39:36 +0800] "GET /wp-login.php HTTP/1.1" 404 162 "-" "Mozilla/5.0 (Windows NT 6.1; WOW64; rv:40.0) Gecko/20100101 Firefox/40.1"
187.110.87.230 - - [14/Mar/2017:03:39:37 +0800] "GET / HTTP/1.1" 200 37242 "-" "Mozilla/5.0 (Windows NT 6.1; WOW64; rv:40.0) Gecko/20100101 Firefox/40.1"
121.40.130.38 - - [14/Mar/2017:03:39:38 +0800] "GET / HTTP/1.1" 200 37242 "-" "Mozilla/5.0 (compatible; MSIE 9.0; Windows NT 6.1; Win64; x64; Trident/5.0)"
111.206.241.76 - - [14/Mar/2017:03:40:08 +0800] "HEAD / HTTP/1.0" 301 0 "-" "Mozilla/5.0 (compatible; MSIE 7.0; Windows NT 5.1; .NET CLR 1.1.4322) 360JK yunjiankong 517736"
112.126.74.55 - - [14/Mar/2017:03:40:09 +0800] "GET / HTTP/1.1" 200 37242 "-" "Mozilla/5.0 (compatible; MSIE 9.0; Windows NT 6.1; Win64; x64; Trident/5.0)"
115.29.205.177 - - [14/Mar/2017:03:42:25 +0800] "GET /API/DuoZhuan/BorrowList?page=1&pageSize=20&token=04bb6aa25efe229cced0b34c205b05ac HTTP/1.1" 200 39338 "-" "-"
115.29.205.177 - - [14/Mar/2017:03:42:28 +0800] "GET /API/DuoZhuan/BorrowList?page=3&pageSize=20&token=e38fffb022d9116f94b3e4745c1f7e8f HTTP/1.1" 200 24457 "-" "-"
115.29.205.177 - - [14/Mar/2017:03:42:28 +0800] "GET /API/DuoZhuan/BorrowList?page=4&pageSize=20&token=750a392eb9918a719416261dba099474 HTTP/1.1" 200 22606 "-" "-"
115.29.205.177 - - [14/Mar/2017:03:42:29 +0800] "GET /API/DuoZhuan/BorrowList?page=5&pageSize=20&token=a3945ab59c60634ec3ed38912f5bb442 HTTP/1.1" 200 24787 "-" "-"
115.29.205.177 - - [14/Mar/2017:03:42:30 +0800] "GET /API/DuoZhuan/BorrowList?page=6&pageSize=20&token=9572ab2058335653412502aad4a889b8 HTTP/1.1" 200 37093 "-" "-"
115.29.205.177 - - [14/Mar/2017:03:42:35 +0800] "GET /API/DuoZhuan/BorrowList?page=11&pageSize=20&token=f778d0d2cb6672141d2cc788faaede83 HTTP/1.1" 200 42938 "-" "-"
115.29.205.177 - - [14/Mar/2017:03:42:36 +0800] "GET /API/DuoZhuan/BorrowList?page=13&pageSize=20&token=f86da312b8fa0f140a6477224f591d46 HTTP/1.1" 200 59092 "-" "-"
115.29.205.177 - - [14/Mar/2017:03:42:36 +0800] "GET /API/DuoZhuan/BorrowList?page=14&pageSize=20&token=e5cdffca52f54200281db6bf739a50de HTTP/1.1" 200 42974 "-" "-"
115.29.205.177 - - [14/Mar/2017:03:42:37 +0800] "GET /API/DuoZhuan/BorrowList?page=15&pageSize=20&token=e2d68fe9f502cf9c5505b3a72e6e9b4a HTTP/1.1" 200 48521 "-" "-"
5.107.14.205 - - [14/Mar/2017:03:42:40 +0800] "GET / HTTP/1.1" 200 37242 "-" "Mozilla/5.0 (Windows NT 6.1; WOW64; rv:40.0) Gecko/20100101 Firefox/40.1"
123.126.113.83 - - [14/Mar/2017:03:42:42 +0800] "GET /news/xw/list_37_1496.html HTTP/1.1" 200 7072 "-" "Sogou web spider/4.0(+http://www.sogou.com/docs/help/webmasters.htm#07)"
36.79.134.185 - - [14/Mar/2017:03:42:53 +0800] "GET /wp-login.php HTTP/1.1" 404 162 "-" "Mozilla/5.0 (Windows NT 6.1; WOW64; rv:40.0) Gecko/20100101 Firefox/40.1"
123.125.71.17 - - [14/Mar/2017:03:42:55 +0800] "GET /news/201602/79fG7hmWuB3dnCUabH0.html HTTP/1.0" 301 178 "-" "Mozilla/5.0 (compatible; Baiduspider/2.0; +http://www.baidu.com/search/spider.html)"
123.125.71.49 - - [14/Mar/2017:03:42:55 +0800] "GET /news/201602/79fG7hmWuB3dnCUabH0.html HTTP/1.1" 200 13583 "-" "Mozilla/5.0 (compatible; Baiduspider/2.0; +http://www.baidu.com/search/spider.html)"
125.88.222.250 - - [14/Mar/2017:03:43:13 +0800] "HEAD / HTTP/1.0" 301 0 "-" "Mozilla/5.0 (compatible; MSIE 7.0; Windows NT 5.1; .NET CLR 1.1.4322) 360JK yunjiankong 517736"
86.6.162.219 - - [14/Mar/2017:03:44:13 +0800] "GET / HTTP/1.1" 200 37242 "-" "Mozilla/5.0 (Windows NT 6.1; WOW64; rv:40.0) Gecko/20100101 Firefox/40.1"
123.126.113.83 - - [14/Mar/2017:03:44:31 +0800] "GET /plan/6oXPuEaUvUTfnSg.html HTTP/1.1" 200 8169 "-" "Sogou web spider/4.0(+http://www.sogou.com/docs/help/webmasters.htm#07)"
101.226.162.90 - - [14/Mar/2017:03:44:54 +0800] "GET / HTTP/1.1" 200 37242 "-" "Mozilla/5.0 (compatible; MSIE 7.0; Windows NT 5.1; .NET CLR 1.1.4322) 360JK yunjiankong 1094850"
101.226.162.90 - - [14/Mar/2017:03:44:55 +0800] "HEAD / HTTP/1.0" 200 0 "-" "Mozilla/5.0 (compatible; MSIE 7.0; Windows NT 5.1; .NET CLR 1.1.4322) 360JK yunjiankong 517737"
101.226.162.90 - - [14/Mar/2017:03:44:56 +0800] "GET / HTTP/1.1" 200 37242 "-" "Mozilla/5.0 (compatible; MSIE 7.0; Windows NT 5.1; .NET CLR 1.1.4322) 360JK yunjiankong 517736"
112.126.74.55 - - [14/Mar/2017:03:45:09 +0800] "GET / HTTP/1.1" 200 37242 "-" "Mozilla/5.0 (compatible; MSIE 9.0; Windows NT 6.1; Win64; x64; Trident/5.0)"
125.88.223.58 - - [14/Mar/2017:03:45:30 +0800] "HEAD / HTTP/1.0" 200 0 "-" "Mozilla/5.0 (compatible; MSIE 7.0; Windows NT 5.1; .NET CLR 1.1.4322) 360JK yunjiankong 517735"
123.53.133.20 - - [14/Mar/2017:03:45:58 +0800] "GET /news/xw/1029232452015.html HTTP/1.0" 301 178 "http://www.yilonghc.cn/news/xw/1029232452015.html" "Mozilla/5.0 (Linux; U; Android 2.1; en-us; GT-I9000 Build/ECLAIR) AppleWebKit/525.10+ (KHTML, like Gecko) Version/3.0.4 Mobile Safari/523.12.2"
123.53.133.20 - - [14/Mar/2017:03:46:00 +0800] "GET /favicon.ico HTTP/1.1" 200 1150 "-" "Mozilla/5.0 (Windows NT 5.1) AppleWebKit/537.36 (KHTML, like Gecko) Chrome/35.0.1870.2 Safari/537.36"
123.126.113.83 - - [14/Mar/2017:03:46:07 +0800] "GET /news/201601/u4iauRaSv0XVmCIfbA.html HTTP/1.1" 200 4776 "-" "Sogou web spider/4.0(+http://www.sogou.com/docs/help/webmasters.htm#07)"
183.61.236.14 - - [14/Mar/2017:03:46:52 +0800] "GET / HTTP/1.1" 200 9905 "-" "Baidu-YunGuanCe-SLABot(ce.baidu.com)"
124.95.168.140 - - [14/Mar/2017:03:46:52 +0800] "GET / HTTP/1.1" 200 9909 "-" "Baidu-YunGuanCe-SLABot(ce.baidu.com)"
123.126.113.83 - - [14/Mar/2017:03:47:37 +0800] "GET /news/201602/7ojHvUOVu0rdnCkYaH0.html HTTP/1.1" 200 4616 "-" "Sogou web spider/4.0(+http://www.sogou.com/docs/help/webmasters.htm#07)"
123.126.113.83 - - [14/Mar/2017:03:47:50 +0800] "GET /news/201603/6NWZ6BeSux7dnyUbaHw.html HTTP/1.1" 200 7804 "-" "Sogou web spider/4.0(+http://www.sogou.com/docs/help/webmasters.htm#07)"
123.126.113.83 - - [14/Mar/2017:03:48:28 +0800] "GET /news/201603/44HNu0bE703dnyUbaHs.html HTTP/1.1" 200 6151 "-" "Sogou web spider/4.0(+http://www.sogou.com/docs/help/webmasters.htm#07)"
123.126.113.83 - - [14/Mar/2017:03:48:40 +0800] "GET /news/201601/6YCc6UTE7krVnikTbQ.html HTTP/1.1" 200 4711 "-" "Sogou web spider/4.0(+http://www.sogou.com/docs/help/webmasters.htm#07)"
125.88.222.250 - - [14/Mar/2017:03:48:42 +0800] "HEAD / HTTP/1.0" 200 0 "-" "Mozilla/5.0 (compatible; MSIE 7.0; Windows NT 5.1; .NET CLR 1.1.4322) 360JK yunjiankong 517737"
123.126.113.83 - - [14/Mar/2017:03:49:04 +0800] "GET /news/201601/44GbuBaSskXVnikTaw.html HTTP/1.1" 200 5165 "-" "Sogou web spider/4.0(+http://www.sogou.com/docs/help/webmasters.htm#07)"
220.181.108.122 - - [14/Mar/2017:03:49:20 +0800] "GET /news/201601/v4jKuUWTuU7VniMbbw.html HTTP/1.0" 301 178 "-" "Mozilla/5.0 (compatible; Baiduspider/2.0; +http://www.baidu.com/search/spider.html)"
220.181.108.156 - - [14/Mar/2017:03:49:20 +0800] "GET /news/201601/v4jKuUWTuU7VniMbbw.html HTTP/1.1" 200 12762 "-" "Mozilla/5.0 (compatible; Baiduspider/2.0; +http://www.baidu.com/search/spider.html)"
89.200.11.231 - - [14/Mar/2017:03:49:29 +0800] "GET /wp-login.php HTTP/1.1" 404 162 "-" "Mozilla/5.0 (Windows NT 6.1; WOW64; rv:40.0) Gecko/20100101 Firefox/40.1"
123.126.113.83 - - [14/Mar/2017:03:49:29 +0800] "GET /news/201601/7tPOvBLGvx7VnikTag.html HTTP/1.1" 200 4851 "-" "Sogou web spider/4.0(+http://www.sogou.com/docs/help/webmasters.htm#07)"
89.200.11.231 - - [14/Mar/2017:03:49:30 +0800] "GET / HTTP/1.1" 200 37242 "-" "Mozilla/5.0 (Windows NT 6.1; WOW64; rv:40.0) Gecko/20100101 Firefox/40.1"
123.126.113.83 - - [14/Mar/2017:03:49:40 +0800] "GET /news/201601/v4HM70HG6UvVnikTbw.html HTTP/1.1" 200 4852 "-" "Sogou web spider/4.0(+http://www.sogou.com/docs/help/webmasters.htm#07)"
101.226.162.90 - - [14/Mar/2017:03:49:53 +0800] "HEAD / HTTP/1.0" 301 0 "-" "Mozilla/5.0 (compatible; MSIE 7.0; Windows NT 5.1; .NET CLR 1.1.4322) 360JK yunjiankong 517736"
101.226.162.90 - - [14/Mar/2017:03:49:54 +0800] "GET / HTTP/1.1" 200 37242 "-" "Mozilla/5.0 (compatible; MSIE 7.0; Windows NT 5.1; .NET CLR 1.1.4322) 360JK yunjiankong 517736"
123.126.113.83 - - [14/Mar/2017:03:50:04 +0800] "GET /news/201601/49PHvRLEvEzVniQdaQ.html HTTP/1.1" 200 4964 "-" "Sogou web spider/4.0(+http://www.sogou.com/docs/help/webmasters.htm#07)"
111.206.241.76 - - [14/Mar/2017:03:50:09 +0800] "HEAD / HTTP/1.0" 301 0 "-" "Mozilla/5.0 (compatible; MSIE 7.0; Windows NT 5.1; .NET CLR 1.1.4322) 360JK yunjiankong 517736"
112.126.74.55 - - [14/Mar/2017:03:50:09 +0800] "GET / HTTP/1.1" 200 37242 "-" "Mozilla/5.0 (compatible; MSIE 9.0; Windows NT 6.1; Win64; x64; Trident/5.0)"
111.206.241.76 - - [14/Mar/2017:03:50:10 +0800] "GET / HTTP/1.1" 200 37242 "-" "Mozilla/5.0 (compatible; MSIE 7.0; Windows NT 5.1; .NET CLR 1.1.4322) 360JK yunjiankong 517736"
123.126.113.83 - - [14/Mar/2017:03:50:16 +0800] "GET /news/201601/v4jGuRjG6R3VmSIeaw.html HTTP/1.1" 200 4842 "-" "Sogou web spider/4.0(+http://www.sogou.com/docs/help/webmasters.htm#07)"
125.88.223.58 - - [14/Mar/2017:03:50:22 +0800] "HEAD / HTTP/1.0" 200 0 "-" "Mozilla/5.0 (compatible; MSIE 7.0; Windows NT 5.1; .NET CLR 1.1.4322) 360JK yunjiankong 517735"
101.226.162.90 - - [14/Mar/2017:03:50:35 +0800] "HEAD / HTTP/1.0" 200 0 "-" "Mozilla/5.0 (compatible; MSIE 7.0; Windows NT 5.1; .NET CLR 1.1.4322) 360JK yunjiankong 517737"
123.126.113.83 - - [14/Mar/2017:03:50:37 +0800] "GET /news/201601/49XOvhmbvEzVmSQcaQ.html HTTP/1.1" 200 4751 "-" "Sogou web spider/4.0(+http://www.sogou.com/docs/help/webmasters.htm#07)"
120.27.47.144 - - [14/Mar/2017:03:51:19 +0800] "GET / HTTP/1.1" 200 37242 "-" "Mozilla/5.0 (compatible; MSIE 9.0; Windows NT 6.1; Win64; x64; Trident/5.0)"
123.126.113.83 - - [14/Mar/2017:03:51:24 +0800] "GET /news/201601/7tebuUaTux3VmSIeaA.html HTTP/1.1" 200 4859 "-" "Sogou web spider/4.0(+http://www.sogou.com/docs/help/webmasters.htm#07)"
176.63.218.236 - - [14/Mar/2017:03:51:43 +0800] "GET / HTTP/1.1" 200 37242 "-" "Mozilla/5.0 (Windows NT 6.1; WOW64; rv:40.0) Gecko/20100101 Firefox/40.1"
123.126.113.83 - - [14/Mar/2017:03:51:45 +0800] "GET /news/201601/64HOuEGW7E_Xie_VniUSaA.html HTTP/1.1" 200 5893 "-" "Sogou web spider/4.0(+http://www.sogou.com/docs/help/webmasters.htm#07)"
123.126.113.83 - - [14/Mar/2017:03:52:05 +0800] "GET /news/201601/u4KZ60aRskjVmSQcag.html HTTP/1.1" 200 4791 "-" "Sogou web spider/4.0(+http://www.sogou.com/docs/help/webmasters.htm#07)"
95.160.153.137 - - [14/Mar/2017:03:52:24 +0800] "GET /wp-login.php HTTP/1.1" 404 162 "-" "Mozilla/5.0 (Windows NT 6.1; WOW64; rv:40.0) Gecko/20100101 Firefox/40.1"
123.126.113.83 - - [14/Mar/2017:03:52:35 +0800] "GET /news/201601/74SZuBOS7BrVniUSZw.html HTTP/1.1" 200 5898 "-" "Sogou web spider/4.0(+http://www.sogou.com/docs/help/webmasters.htm#07)"
123.126.113.83 - - [14/Mar/2017:03:52:45 +0800] "GET /news/201601/v4PJ6xnE7xnVmSEdZg.html HTTP/1.1" 200 4795 "-" "Sogou web spider/4.0(+http://www.sogou.com/docs/help/webmasters.htm#07)"
176.63.31.8 - - [14/Mar/2017:03:52:45 +0800] "GET /wp-login.php HTTP/1.1" 404 162 "-" "Mozilla/5.0 (Windows NT 6.1; WOW64; rv:40.0) Gecko/20100101 Firefox/40.1"
123.126.113.83 - - [14/Mar/2017:03:52:55 +0800] "GET /news/201601/6dOZ6Rab7EnVmSUebg.html HTTP/1.1" 200 4804 "-" "Sogou web spider/4.0(+http://www.sogou.com/docs/help/webmasters.htm#07)"
125.88.222.250 - - [14/Mar/2017:03:53:15 +0800] "HEAD / HTTP/1.0" 200 0 "-" "Mozilla/5.0 (compatible; MSIE 7.0; Windows NT 5.1; .NET CLR 1.1.4322) 360JK yunjiankong 517733"
123.126.113.83 - - [14/Mar/2017:03:53:26 +0800] "GET /news/201601/74XMuxmQ7xrVniYbbA.html HTTP/1.1" 200 4884 "-" "Sogou web spider/4.0(+http://www.sogou.com/docs/help/webmasters.htm#07)"
93.115.254.231 - - [14/Mar/2017:03:53:32 +0800] "GET /wp-login.php HTTP/1.1" 404 162 "-" "Mozilla/5.0 (Windows NT 6.1; WOW64; rv:40.0) Gecko/20100101 Firefox/40.1"
125.88.222.250 - - [14/Mar/2017:03:53:44 +0800] "HEAD / HTTP/1.0" 200 0 "-" "Mozilla/5.0 (compatible; MSIE 7.0; Windows NT 5.1; .NET CLR 1.1.4322) 360JK yunjiankong 517737"
123.126.113.83 - - [14/Mar/2017:03:53:48 +0800] "GET /plan/7YTLuBKRvUzYnCc.html HTTP/1.1" 200 7834 "-" "Sogou web spider/4.0(+http://www.sogou.com/docs/help/webmasters.htm#07)"
123.126.113.83 - - [14/Mar/2017:03:54:07 +0800] "GET /news/201601/vNTO6xbHuUvVmSUeag.html HTTP/1.1" 200 4910 "-" "Sogou web spider/4.0(+http://www.sogou.com/docs/help/webmasters.htm#07)"
123.126.113.83 - - [14/Mar/2017:03:54:18 +0800] "GET /news/201601/uIbJ7xLG6UzVmSUebQ.html HTTP/1.1" 200 4880 "-" "Sogou web spider/4.0(+http://www.sogou.com/docs/help/webmasters.htm#07)"
190.175.177.238 - - [14/Mar/2017:03:54:35 +0800] "GET /wp-login.php HTTP/1.1" 404 162 "-" "Mozilla/5.0 (Windows NT 6.1; WOW64; rv:40.0) Gecko/20100101 Firefox/40.1"
121.40.130.38 - - [14/Mar/2017:03:54:38 +0800] "GET / HTTP/1.1" 200 37242 "-" "Mozilla/5.0 (compatible; MSIE 9.0; Windows NT 6.1; Win64; x64; Trident/5.0)"
123.126.113.83 - - [14/Mar/2017:03:54:48 +0800] "GET /zhuanti/detail/61.html HTTP/1.1" 200 8848 "-" "Sogou web spider/4.0(+http://www.sogou.com/docs/help/webmasters.htm#07)"
180.149.130.152 - - [14/Mar/2017:03:54:52 +0800] "GET /m/cgTong/show.html HTTP/1.1" 200 3543 "-" "Mozilla/5.0 (Macintosh; Intel Mac OS X 10_11_4) AppleWebKit/537.36 (KHTML, like Gecko) Chrome/49.0.2623.110 Safari/537.36"
180.149.130.148 - - [14/Mar/2017:03:54:52 +0800] "GET /m/znQing/show.html HTTP/1.1" 200 1884 "-" "Mozilla/5.0 (Macintosh; Intel Mac OS X 10_11_4) AppleWebKit/537.36 (KHTML, like Gecko) Chrome/49.0.2623.110 Safari/537.36"
180.149.130.152 - - [14/Mar/2017:03:54:52 +0800] "GET / HTTP/1.1" 200 9905 "-" "Mozilla/5.0 (Macintosh; Intel Mac OS X 10_11_4) AppleWebKit/537.36 (KHTML, like Gecko) Chrome/49.0.2623.110 Safari/537.36"
180.149.130.151 - - [14/Mar/2017:03:54:52 +0800] "GET /m/register/xieyi.html?appSource=True HTTP/1.1" 200 14956 "-" "Mozilla/5.0 (Macintosh; Intel Mac OS X 10_11_4) AppleWebKit/537.36 (KHTML, like Gecko) Chrome/49.0.2623.110 Safari/537.36"
180.149.130.152 - - [14/Mar/2017:03:54:53 +0800] "GET /m/rob/shows.html HTTP/1.1" 200 1245 "-" "Mozilla/5.0 (Macintosh; Intel Mac OS X 10_11_4) AppleWebKit/537.36 (KHTML, like Gecko) Chrome/49.0.2623.110 Safari/537.36"
180.149.130.153 - - [14/Mar/2017:03:54:53 +0800] "GET /m/register.html/?utm_source=fbaba&uid=XXXX HTTP/1.1" 200 4143 "-" "Mozilla/5.0 (Macintosh; Intel Mac OS X 10_11_4) AppleWebKit/537.36 (KHTML, like Gecko) Chrome/49.0.2623.110 Safari/537.36"
180.149.130.150 - - [14/Mar/2017:03:54:53 +0800] "GET /LandingPage/success HTTP/1.1" 200 942 "-" "Mozilla/5.0 (Macintosh; Intel Mac OS X 10_11_4) AppleWebKit/537.36 (KHTML, like Gecko) Chrome/49.0.2623.110 Safari/537.36"
180.149.130.151 - - [14/Mar/2017:03:54:53 +0800] "GET /statics/wechat/css/regist_3.0.css HTTP/1.1" 200 1557 "https://www.yilonghc.cn/m/register.html/?utm_source=fbaba&uid=XXXX" "Mozilla/5.0 (Macintosh; Intel Mac OS X 10_11_4) AppleWebKit/537.36 (KHTML, like Gecko) Chrome/49.0.2623.110 Safari/537.36"
180.149.130.151 - - [14/Mar/2017:03:54:53 +0800] "GET /statics/wechat/css/znQing/style.css HTTP/1.1" 200 2277 "https://www.yilonghc.cn/m/znQing/show.html" "Mozilla/5.0 (Macintosh; Intel Mac OS X 10_11_4) AppleWebKit/537.36 (KHTML, like Gecko) Chrome/49.0.2623.110 Safari/537.36"
